Archive member included to satisfy reference by file (symbol)

C:/ST/STM32CubeIDE_2.0.0/STM32CubeIDE/plugins/com.st.stm32cube.ide.mcu.externaltools.gnu-tools-for-stm32.13.3.rel1.win32_1.0.100.202509120712/tools/bin/../lib/gcc/arm-none-eabi/13.3.1/../../../../arm-none-eabi/lib/thumb/v7e-m+dp/hard\libc_nano.a(libc_a-exit.o)
                              C:/ST/STM32CubeIDE_2.0.0/STM32CubeIDE/plugins/com.st.stm32cube.ide.mcu.externaltools.gnu-tools-for-stm32.13.3.rel1.win32_1.0.100.202509120712/tools/bin/../lib/gcc/arm-none-eabi/13.3.1/../../../../arm-none-eabi/lib/thumb/v7e-m+dp/hard/crt0.o (exit)
C:/ST/STM32CubeIDE_2.0.0/STM32CubeIDE/plugins/com.st.stm32cube.ide.mcu.externaltools.gnu-tools-for-stm32.13.3.rel1.win32_1.0.100.202509120712/tools/bin/../lib/gcc/arm-none-eabi/13.3.1/../../../../arm-none-eabi/lib/thumb/v7e-m+dp/hard\libc_nano.a(libc_a-findfp.o)
                              C:/ST/STM32CubeIDE_2.0.0/STM32CubeIDE/plugins/com.st.stm32cube.ide.mcu.externaltools.gnu-tools-for-stm32.13.3.rel1.win32_1.0.100.202509120712/tools/bin/../lib/gcc/arm-none-eabi/13.3.1/../../../../arm-none-eabi/lib/thumb/v7e-m+dp/hard\libc_nano.a(libc_a-exit.o) (__stdio_exit_handler)
C:/ST/STM32CubeIDE_2.0.0/STM32CubeIDE/plugins/com.st.stm32cube.ide.mcu.externaltools.gnu-tools-for-stm32.13.3.rel1.win32_1.0.100.202509120712/tools/bin/../lib/gcc/arm-none-eabi/13.3.1/../../../../arm-none-eabi/lib/thumb/v7e-m+dp/hard\libc_nano.a(libc_a-fwalk.o)
                              C:/ST/STM32CubeIDE_2.0.0/STM32CubeIDE/plugins/com.st.stm32cube.ide.mcu.externaltools.gnu-tools-for-stm32.13.3.rel1.win32_1.0.100.202509120712/tools/bin/../lib/gcc/arm-none-eabi/13.3.1/../../../../arm-none-eabi/lib/thumb/v7e-m+dp/hard\libc_nano.a(libc_a-findfp.o) (_fwalk_sglue)
C:/ST/STM32CubeIDE_2.0.0/STM32CubeIDE/plugins/com.st.stm32cube.ide.mcu.externaltools.gnu-tools-for-stm32.13.3.rel1.win32_1.0.100.202509120712/tools/bin/../lib/gcc/arm-none-eabi/13.3.1/../../../../arm-none-eabi/lib/thumb/v7e-m+dp/hard\libc_nano.a(libc_a-snprintf.o)
                              ./Core/Src/app.o (snprintf)
C:/ST/STM32CubeIDE_2.0.0/STM32CubeIDE/plugins/com.st.stm32cube.ide.mcu.externaltools.gnu-tools-for-stm32.13.3.rel1.win32_1.0.100.202509120712/tools/bin/../lib/gcc/arm-none-eabi/13.3.1/../../../../arm-none-eabi/lib/thumb/v7e-m+dp/hard\libc_nano.a(libc_a-sprintf.o)
                              ./Core/Src/pump_transactions.o (sprintf)
C:/ST/STM32CubeIDE_2.0.0/STM32CubeIDE/plugins/com.st.stm32cube.ide.mcu.externaltools.gnu-tools-for-stm32.13.3.rel1.win32_1.0.100.202509120712/tools/bin/../lib/gcc/arm-none-eabi/13.3.1/../../../../arm-none-eabi/lib/thumb/v7e-m+dp/hard\libc_nano.a(libc_a-stdio.o)
                              C:/ST/STM32CubeIDE_2.0.0/STM32CubeIDE/plugins/com.st.stm32cube.ide.mcu.externaltools.gnu-tools-for-stm32.13.3.rel1.win32_1.0.100.202509120712/tools/bin/../lib/gcc/arm-none-eabi/13.3.1/../../../../arm-none-eabi/lib/thumb/v7e-m+dp/hard\libc_nano.a(libc_a-findfp.o) (__sread)
C:/ST/STM32CubeIDE_2.0.0/STM32CubeIDE/plugins/com.st.stm32cube.ide.mcu.externaltools.gnu-tools-for-stm32.13.3.rel1.win32_1.0.100.202509120712/tools/bin/../lib/gcc/arm-none-eabi/13.3.1/../../../../arm-none-eabi/lib/thumb/v7e-m+dp/hard\libc_nano.a(libc_a-memset.o)
                              C:/ST/STM32CubeIDE_2.0.0/STM32CubeIDE/plugins/com.st.stm32cube.ide.mcu.externaltools.gnu-tools-for-stm32.13.3.rel1.win32_1.0.100.202509120712/tools/bin/../lib/gcc/arm-none-eabi/13.3.1/../../../../arm-none-eabi/lib/thumb/v7e-m+dp/hard/crt0.o (memset)
C:/ST/STM32CubeIDE_2.0.0/STM32CubeIDE/plugins/com.st.stm32cube.ide.mcu.externaltools.gnu-tools-for-stm32.13.3.rel1.win32_1.0.100.202509120712/tools/bin/../lib/gcc/arm-none-eabi/13.3.1/../../../../arm-none-eabi/lib/thumb/v7e-m+dp/hard\libc_nano.a(libc_a-strncpy.o)
                              ./Core/Src/ui.o (strncpy)
C:/ST/STM32CubeIDE_2.0.0/STM32CubeIDE/plugins/com.st.stm32cube.ide.mcu.externaltools.gnu-tools-for-stm32.13.3.rel1.win32_1.0.100.202509120712/tools/bin/../lib/gcc/arm-none-eabi/13.3.1/../../../../arm-none-eabi/lib/thumb/v7e-m+dp/hard\libc_nano.a(libc_a-closer.o)
                              C:/ST/STM32CubeIDE_2.0.0/STM32CubeIDE/plugins/com.st.stm32cube.ide.mcu.externaltools.gnu-tools-for-stm32.13.3.rel1.win32_1.0.100.202509120712/tools/bin/../lib/gcc/arm-none-eabi/13.3.1/../../../../arm-none-eabi/lib/thumb/v7e-m+dp/hard\libc_nano.a(libc_a-stdio.o) (_close_r)
C:/ST/STM32CubeIDE_2.0.0/STM32CubeIDE/plugins/com.st.stm32cube.ide.mcu.externaltools.gnu-tools-for-stm32.13.3.rel1.win32_1.0.100.202509120712/tools/bin/../lib/gcc/arm-none-eabi/13.3.1/../../../../arm-none-eabi/lib/thumb/v7e-m+dp/hard\libc_nano.a(libc_a-reent.o)
                              C:/ST/STM32CubeIDE_2.0.0/STM32CubeIDE/plugins/com.st.stm32cube.ide.mcu.externaltools.gnu-tools-for-stm32.13.3.rel1.win32_1.0.100.202509120712/tools/bin/../lib/gcc/arm-none-eabi/13.3.1/../../../../arm-none-eabi/lib/thumb/v7e-m+dp/hard\libc_nano.a(libc_a-closer.o) (errno)
[...]
Memory Configuration

Name             Origin             Length             Attributes
FLASH            0x08000000         0x00020000         xr
DTCMRAM          0x20000000         0x00020000         xrw
RAM_D1           0x24000000         0x00080000         xrw
RAM_D2           0x30000000         0x00048000         xrw
RAM_D3           0x38000000         0x00010000         xrw
ITCMRAM          0x00000000         0x00010000         xrw
*default*        0x00000000         0xffffffff

Linker script and memory map

LOAD C:/ST/STM32CubeIDE_2.0.0/STM32CubeIDE/plugins/com.st.stm32cube.ide.mcu.externaltools.gnu-tools-for-stm32.13.3.rel1.win32_1.0.100.202509120712/tools/bin/../lib/gcc/arm-none-eabi/13.3.1/thumb/v7e-m+dp/hard/crti.o
LOAD C:/ST/STM32CubeIDE_2.0.0/STM32CubeIDE/plugins/com.st.stm32cube.ide.mcu.externaltools.gnu-tools-for-stm32.13.3.rel1.win32_1.0.100.202509120712/tools/bin/../lib/gcc/arm-none-eabi/13.3.1/thumb/v7e-m+dp/hard/crtbegin.o
LOAD C:/ST/STM32CubeIDE_2.0.0/STM32CubeIDE/plugins/com.st.stm32cube.ide.mcu.externaltools.gnu-tools-for-stm32.13.3.rel1.win32_1.0.100.202509120712/tools/bin/../lib/gcc/arm-none-eabi/13.3.1/../../../../arm-none-eabi/lib/thumb/v7e-m+dp/hard/crt0.o
LOAD ./Core/Src/app.o
LOAD ./Core/Src/cdc_logger.o
LOAD ./Core/Src/gkl_link.o
LOAD ./Core/Src/keyboard.o
LOAD ./Core/Src/main.o
LOAD ./Core/Src/pump_mgr.o
LOAD ./Core/Src/pump_proto_gkl.o
LOAD ./Core/Src/pump_response_parser.o
LOAD ./Core/Src/pump_transactions.o
LOAD ./Core/Src/settings.o
LOAD ./Core/Src/ssd1309.o
LOAD ./Core/Src/stm32h7xx_hal_msp.o
LOAD ./Core/Src/stm32h7xx_it.o
LOAD ./Core/Src/syscalls.o
LOAD ./Core/Src/sysmem.o
LOAD ./Core/Src/system_stm32h7xx.o
LOAD ./Core/Src/transaction_fsm.o
LOAD ./Core/Src/ui.o
LOAD ./Core/Startup/startup_stm32h750vbtx.o
LOAD ./Drivers/STM32H7xx_HAL_Driver/Src/stm32h7xx_hal.o
LOAD ./Drivers/STM32H7xx_HAL_Driver/Src/stm32h7xx_hal_cortex.o
LOAD ./Drivers/STM32H7xx_HAL_Driver/Src/stm32h7xx_hal_dma.o
LOAD ./Drivers/STM32H7xx_HAL_Driver/Src/stm32h7xx_hal_dma_ex.o
LOAD ./Drivers/STM32H7xx_HAL_Driver/Src/stm32h7xx_hal_exti.o
LOAD ./Drivers/STM32H7xx_HAL_Driver/Src/stm32h7xx_hal_flash.o
LOAD ./Drivers/STM32H7xx_HAL_Driver/Src/stm32h7xx_hal_flash_ex.o
LOAD ./Drivers/STM32H7xx_HAL_Driver/Src/stm32h7xx_hal_gpio.o
LOAD ./Drivers/STM32H7xx_HAL_Driver/Src/stm32h7xx_hal_hsem.o
LOAD ./Drivers/STM32H7xx_HAL_Driver/Src/stm32h7xx_hal_i2c.o
LOAD ./Drivers/STM32H7xx_HAL_Driver/Src/stm32h7xx_hal_i2c_ex.o
LOAD ./Drivers/STM32H7xx_HAL_Driver/Src/stm32h7xx_hal_mdma.o
LOAD ./Drivers/STM32H7xx_HAL_Driver/Src/stm32h7xx_hal_pcd.o
LOAD ./Drivers/STM32H7xx_HAL_Driver/Src/stm32h7xx_hal_pcd_ex.o
LOAD ./Drivers/STM32H7xx_HAL_Driver/Src/stm32h7xx_hal_pwr.o
LOAD ./Drivers/STM32H7xx_HAL_Driver/Src/stm32h7xx_hal_pwr_ex.o
LOAD ./Drivers/STM32H7xx_HAL_Driver/Src/stm32h7xx_hal_rcc.o
LOAD ./Drivers/STM32H7xx_HAL_Driver/Src/stm32h7xx_hal_rcc_ex.o
LOAD ./Drivers/STM32H7xx_HAL_Driver/Src/stm32h7xx_hal_spi.o
LOAD ./Drivers/STM32H7xx_HAL_Driver/Src/stm32h7xx_hal_spi_ex.o
LOAD ./Drivers/STM32H7xx_HAL_Driver/Src/stm32h7xx_hal_tim.o
LOAD ./Drivers/STM32H7xx_HAL_Driver/Src/stm32h7xx_hal_tim_ex.o
LOAD ./Drivers/STM32H7xx_HAL_Driver/Src/stm32h7xx_hal_uart.o
LOAD ./Drivers/STM32H7xx_HAL_Driver/Src/stm32h7xx_hal_uart_ex.o
LOAD ./Drivers/STM32H7xx_HAL_Driver/Src/stm32h7xx_ll_usb.o
LOAD ./Middlewares/ST/STM32_USB_Device_Library/Class/CDC/Src/usbd_cdc.o
LOAD ./Middlewares/ST/STM32_USB_Device_Library/Core/Src/usbd_core.o
LOAD ./Middlewares/ST/STM32_USB_Device_Library/Core/Src/usbd_ctlreq.o
LOAD ./Middlewares/ST/STM32_USB_Device_Library/Core/Src/usbd_ioreq.o
LOAD ./USB_DEVICE/App/usb_device.o
LOAD ./USB_DEVICE/App/usbd_cdc_if.o
LOAD ./USB_DEVICE/App/usbd_desc.o
LOAD ./USB_DEVICE/Target/usbd_conf.o
START GROUP
LOAD C:/ST/STM32CubeIDE_2.0.0/STM32CubeIDE/plugins/com.st.stm32cube.ide.mcu.externaltools.gnu-tools-for-stm32.13.3.rel1.win32_1.0.100.202509120712/tools/bin/../lib/gcc/arm-none-eabi/13.3.1/../../../../arm-none-eabi/lib/thumb/v7e-m+dp/hard\libc_nano.a
LOAD C:/ST/STM32CubeIDE_2.0.0/STM32CubeIDE/plugins/com.st.stm32cube.ide.mcu.externaltools.gnu-tools-for-stm32.13.3.rel1.win32_1.0.100.202509120712/tools/bin/../lib/gcc/arm-none-eabi/13.3.1/../../../../arm-none-eabi/lib/thumb/v7e-m+dp/hard\libm.a
END GROUP
START GROUP
LOAD C:/ST/STM32CubeIDE_2.0.0/STM32CubeIDE/plugins/com.st.stm32cube.ide.mcu.externaltools.gnu-tools-for-stm32.13.3.rel1.win32_1.0.100.202509120712/tools/bin/../lib/gcc/arm-none-eabi/13.3.1/thumb/v7e-m+dp/hard\libgcc.a
LOAD C:/ST/STM32CubeIDE_2.0.0/STM32CubeIDE/plugins/com.st.stm32cube.ide.mcu.externaltools.gnu-tools-for-stm32.13.3.rel1.win32_1.0.100.202509120712/tools/bin/../lib/gcc/arm-none-eabi/13.3.1/../../../../arm-none-eabi/lib/thumb/v7e-m+dp/hard\libc_nano.a
END GROUP
START GROUP
LOAD C:/ST/STM32CubeIDE_2.0.0/STM32CubeIDE/plugins/com.st.stm32cube.ide.mcu.externaltools.gnu-tools-for-stm32.13.3.rel1.win32_1.0.100.202509120712/tools/bin/../lib/gcc/arm-none-eabi/13.3.1/thumb/v7e-m+dp/hard\libgcc.a
LOAD C:/ST/STM32CubeIDE_2.0.0/STM32CubeIDE/plugins/com.st.stm32cube.ide.mcu.externaltools.gnu-tools-for-stm32.13.3.rel1.win32_1.0.100.202509120712/tools/bin/../lib/gcc/arm-none-eabi/13.3.1/../../../../arm-none-eabi/lib/thumb/v7e-m+dp/hard\libc_nano.a
LOAD C:/ST/STM32CubeIDE_2.0.0/STM32CubeIDE/plugins/com.st.stm32cube.ide.mcu.externaltools.gnu-tools-for-stm32.13.3.rel1.win32_1.0.100.202509120712/tools/bin/../lib/gcc/arm-none-eabi/13.3.1/../../../../arm-none-eabi/lib/thumb/v7e-m+dp/hard\libnosys.a
END GROUP
START GROUP
LOAD C:/ST/STM32CubeIDE_2.0.0/STM32CubeIDE/plugins/com.st.stm32cube.ide.mcu.externaltools.gnu-tools-for-stm32.13.3.rel1.win32_1.0.100.202509120712/tools/bin/../lib/gcc/arm-none-eabi/13.3.1/thumb/v7e-m+dp/hard\libgcc.a
LOAD C:/ST/STM32CubeIDE_2.0.0/STM32CubeIDE/plugins/com.st.stm32cube.ide.mcu.externaltools.gnu-tools-for-stm32.13.3.rel1.win32_1.0.100.202509120712/tools/bin/../lib/gcc/arm-none-eabi/13.3.1/../../../../arm-none-eabi/lib/thumb/v7e-m+dp/hard\libc_nano.a
LOAD C:/ST/STM32CubeIDE_2.0.0/STM32CubeIDE/plugins/com.st.stm32cube.ide.mcu.externaltools.gnu-tools-for-stm32.13.3.rel1.win32_1.0.100.202509120712/tools/bin/../lib/gcc/arm-none-eabi/13.3.1/../../../../arm-none-eabi/lib/thumb/v7e-m+dp/hard\libnosys.a
END GROUP
LOAD C:/ST/STM32CubeIDE_2.0.0/STM32CubeIDE/plugins/com.st.stm32cube.ide.mcu.externaltools.gnu-tools-for-stm32.13.3.rel1.win32_1.0.100.202509120712/tools/bin/../lib/gcc/arm-none-eabi/13.3.1/thumb/v7e-m+dp/hard/crtend.o
LOAD C:/ST/STM32CubeIDE_2.0.0/STM32CubeIDE/plugins/com.st.stm32cube.ide.mcu.externaltools.gnu-tools-for-stm32.13.3.rel1.win32_1.0.100.202509120712/tools/bin/../lib/gcc/arm-none-eabi/13.3.1/thumb/v7e-m+dp/hard/crtn.o
                0x24080000                        _estack = (ORIGIN (RAM_D1) + LENGTH (RAM_D1))
                0x00001000                        _Min_Heap_Size = 0x1000
                0x00001000                        _Min_Stack_Size = 0x1000

.isr_vector     0x08000000      0x298
                0x08000000                        . = ALIGN (0x4)
 *(.isr_vector)
 .isr_vector    0x08000000      0x298 ./Core/Startup/startup_stm32h750vbtx.o
                0x08000000                g_pfnVectors
                0x08000298                        . = ALIGN (0x4)

.text           0x080002a0    0x18f9c
                0x080002a0                        . = ALIGN (0x4)
 *(.text)
 .text          0x080002a0       0x40 C:/ST/STM32CubeIDE_2.0.0/STM32CubeIDE/plugins/com.st.stm32cube.ide.mcu.externaltools.gnu-tools-for-stm32.13.3.rel1.win32_1.0.100.202509120712/tools/bin/../lib/gcc/arm-none-eabi/13.3.1/thumb/v7e-m+dp/hard/crtbegin.o
 .text          0x080002e0       0x14 C:/ST/STM32CubeIDE_2.0.0/STM32CubeIDE/plugins/com.st.stm32cube.ide.mcu.externaltools.gnu-tools-for-stm32.13.3.rel1.win32_1.0.100.202509120712/tools/bin/../lib/gcc/arm-none-eabi/13.3.1/../../../../arm-none-eabi/lib/thumb/v7e-m+dp/hard\libc_nano.a(libc_a-strcmp.o)
                0x080002e0                strcmp
 .text          0x080002f4       0x10 C:/ST/STM32CubeIDE_2.0.0/STM32CubeIDE/plugins/com.st.stm32cube.ide.mcu.externaltools.gnu-tools-for-stm32.13.3.rel1.win32_1.0.100.202509120712/tools/bin/../lib/gcc/arm-none-eabi/13.3.1/../../../../arm-none-eabi/lib/thumb/v7e-m+dp/hard\libc_nano.a(libc_a-strlen.o)
                0x080002f4                strlen
 *fill*         0x08000304        0xc 
 .text          0x08000310       0xa0 C:/ST/STM32CubeIDE_2.0.0/STM32CubeIDE/plugins/com.st.stm32cube.ide.mcu.externaltools.gnu-tools-for-stm32.13.3.rel1.win32_1.0.100.202509120712/tools/bin/../lib/gcc/arm-none-eabi/13.3.1/../../../../arm-none-eabi/lib/thumb/v7e-m+dp/hard\libc_nano.a(libc_a-memchr.o)
                0x08000310                memchr
 .text          0x080003b0       0x30 C:/ST/STM32CubeIDE_2.0.0/STM32CubeIDE/plugins/com.st.stm32cube.ide.mcu.externaltools.gnu-tools-for-stm32.13.3.rel1.win32_1.0.100.202509120712/tools/bin/../lib/gcc/arm-none-eabi/13.3.1/thumb/v7e-m+dp/hard\libgcc.a(_aeabi_uldivmod.o)
                0x080003b0                __aeabi_uldivmod
 .text          0x080003e0      0x2f8 C:/ST/STM32CubeIDE_2.0.0/STM32CubeIDE/plugins/com.st.stm32cube.ide.mcu.externaltools.gnu-tools-for-stm32.13.3.rel1.win32_1.0.100.202509120712/tools/bin/../lib/gcc/arm-none-eabi/13.3.1/thumb/v7e-m+dp/hard\libgcc.a(_udivmoddi4.o)
                0x080003e0                __udivmoddi4
 .text          0x080006d8        0x4 C:/ST/STM32CubeIDE_2.0.0/STM32CubeIDE/plugins/com.st.stm32cube.ide.mcu.externaltools.gnu-tools-for-stm32.13.3.rel1.win32_1.0.100.202509120712/tools/bin/../lib/gcc/arm-none-eabi/13.3.1/thumb/v7e-m+dp/hard\libgcc.a(_dvmd_tls.o)
                0x080006d8                __aeabi_idiv0
                0x080006d8                __aeabi_ldiv0
 *(.text*)
 .text.APP_Init
                0x080006dc      0x1c4 ./Core/Src/app.o
                0x080006dc                APP_Init
 .text.APP_Task
                0x080008a0       0x3c ./Core/Src/app.o
                0x080008a0                APP_Task
 .text.ring_used
                0x080008dc       0x30 ./Core/Src/cdc_logger.o
 .text.ring_free
                0x0800090c       0x32 ./Core/Src/cdc_logger.o
 *fill*         0x0800093e        0x2 
 .text.dcache_clean_txpkt
                0x08000940       0x84 ./Core/Src/cdc_logger.o
 .text.CDC_LOG_Init
                0x080009c4       0x48 ./Core/Src/cdc_logger.o
                0x080009c4                CDC_LOG_Init
 .text.CDC_LOG_Push
                0x08000a0c       0xac ./Core/Src/cdc_logger.o
                0x08000a0c                CDC_LOG_Push
 .text.CDC_Log  0x08000ab8       0x28 ./Core/Src/cdc_logger.o
                0x08000ab8                CDC_Log
 .text.CDC_LOG_Task
                0x08000ae0       0xdc ./Core/Src/cdc_logger.o
                0x08000ae0                CDC_LOG_Task
 .text.CDC_LOG_TxCpltCallback
                0x08000bbc       0x18 ./Core/Src/cdc_logger.o
                0x08000bbc                CDC_LOG_TxCpltCallback
 .text.gkl_register_link
                0x08000bd4       0x94 ./Core/Src/gkl_link.o
 .text.gkl_find_by_huart
                0x08000c68       0x64 ./Core/Src/gkl_link.o
 .text.gkl_raw_rx_push
                0x08000ccc       0x62 ./Core/Src/gkl_link.o
 *fill*         0x08000d2e        0x2 
 .text.dcache_clean_by_addr
                0x08000d30       0x98 ./Core/Src/gkl_link.o
 .text.gkl_checksum_xor
                0x08000dc8       0x54 ./Core/Src/gkl_link.o
 .text.gkl_resp_data_len_for_cmd
                0x08000e1c       0xa4 ./Core/Src/gkl_link.o
 .text.gkl_rx_reset
                0x08000ec0       0x3e ./Core/Src/gkl_link.o
 .text.gkl_fail
                0x08000efe       0x46 ./Core/Src/gkl_link.o
 .text.gkl_success
                0x08000f44       0x28 ./Core/Src/gkl_link.o
 .text.gkl_try_finalize_frame_if_complete
                0x08000f6c      0x12c ./Core/Src/gkl_link.o
 .text.GKL_Init
                0x08001098       0xb6 ./Core/Src/gkl_link.o
                0x08001098                GKL_Init
 .text.GKL_BuildFrame
                0x0800114e       0xd8 ./Core/Src/gkl_link.o
                0x0800114e                GKL_BuildFrame
 .text.GKL_Send
                0x08001226      0x15e ./Core/Src/gkl_link.o
                0x08001226                GKL_Send
 .text.GKL_HasResponse
                0x08001384       0x30 ./Core/Src/gkl_link.o
                0x08001384                GKL_HasResponse
 .text.GKL_GetResponse
                0x080013b4       0x72 ./Core/Src/gkl_link.o
                0x080013b4                GKL_GetResponse
 .text.GKL_GetStats
                0x08001426       0x9a ./Core/Src/gkl_link.o
                0x08001426                GKL_GetStats
 .text.GKL_Task
                0x080014c0       0x76 ./Core/Src/gkl_link.o
                0x080014c0                GKL_Task
 .text.GKL_Global_UART_TxCpltCallback
                0x08001536       0x32 ./Core/Src/gkl_link.o
                0x08001536                GKL_Global_UART_TxCpltCallback
 .text.GKL_Global_UART_RxCpltCallback
                0x08001568       0xba ./Core/Src/gkl_link.o
                0x08001568                GKL_Global_UART_RxCpltCallback
 .text.GKL_Global_UART_ErrorCallback
                0x08001622       0xb6 ./Core/Src/gkl_link.o
                0x08001622                GKL_Global_UART_ErrorCallback
 .text.GKL_GetAndClearUartError
                0x080016d8       0x4a ./Core/Src/gkl_link.o
                0x080016d8                GKL_GetAndClearUartError
 *fill*         0x08001722        0x2 
 .text.KEYBOARD_Init
                0x08001724       0x44 ./Core/Src/keyboard.o
                0x08001724                KEYBOARD_Init
 .text.KEYBOARD_Scan_Process
                0x08001768      0x120 ./Core/Src/keyboard.o
                0x08001768                KEYBOARD_Scan_Process
 .text.HAL_TIM_PeriodElapsedCallback
                0x08001888       0x24 ./Core/Src/main.o
                0x08001888                HAL_TIM_PeriodElapsedCallback
 .text.System_Log
                0x080018ac       0x16 ./Core/Src/main.o
                0x080018ac                System_Log
 .text.HAL_UART_TxCpltCallback
                0x080018c2       0x16 ./Core/Src/main.o
                0x080018c2                HAL_UART_TxCpltCallback
 .text.HAL_UART_RxCpltCallback
                0x080018d8       0x16 ./Core/Src/main.o
                0x080018d8                HAL_UART_RxCpltCallback
 .text.HAL_UART_ErrorCallback
                0x080018ee       0x16 ./Core/Src/main.o
                0x080018ee                HAL_UART_ErrorCallback
 .text.main     0x08001904      0x1b4 ./Core/Src/main.o
                0x08001904                main
 .text.SystemClock_Config
                0x08001ab8       0xf8 ./Core/Src/main.o
                0x08001ab8                SystemClock_Config
 .text.MX_I2C1_Init
                0x08001bb0       0x5c ./Core/Src/main.o
 .text.MX_SPI2_Init
                0x08001c0c       0xb0 ./Core/Src/main.o
 .text.MX_TIM2_Init
                0x08001cbc       0x9c ./Core/Src/main.o
 .text.MX_TIM3_Init
                0x08001d58       0xa0 ./Core/Src/main.o
 .text.MX_USART2_UART_Init
                0x08001df8       0x64 ./Core/Src/main.o
 .text.MX_USART3_UART_Init
                0x08001e5c       0x64 ./Core/Src/main.o
 .text.MX_DMA_Init
                0x08001ec0       0x80 ./Core/Src/main.o
 .text.MX_GPIO_Init
                0x08001f40      0x130 ./Core/Src/main.o
 .text.MPU_Config
                0x08002070       0x56 ./Core/Src/main.o
 .text.Error_Handler
                0x080020c6        0xe ./Core/Src/main.o
                0x080020c6                Error_Handler
 .text.PumpProto_Task
                0x080020d4       0x36 ./Core/Src/pump_mgr.o
 .text.PumpProto_IsIdle
                0x0800210a       0x3c ./Core/Src/pump_mgr.o
 .text.PumpProto_PollStatus
                0x08002146       0x46 ./Core/Src/pump_mgr.o
 .text.PumpProto_PopEvent
                0x0800218c       0x40 ./Core/Src/pump_mgr.o
 .text.PumpMgr_Init
                0x080021cc       0x4a ./Core/Src/pump_mgr.o
                0x080021cc                PumpMgr_Init
 .text.PumpMgr_Add
                0x08002216       0xe8 ./Core/Src/pump_mgr.o
                0x08002216                PumpMgr_Add
 .text.PumpMgr_Get
                0x080022fe       0x56 ./Core/Src/pump_mgr.o
                0x080022fe                PumpMgr_Get
 .text.PumpMgr_GetConst
                0x08002354       0x56 ./Core/Src/pump_mgr.o
                0x08002354                PumpMgr_GetConst
 .text.PumpMgr_SetPrice
                0x080023aa       0x34 ./Core/Src/pump_mgr.o
                0x080023aa                PumpMgr_SetPrice
 .text.PumpMgr_SetSlaveAddr
                0x080023de       0x36 ./Core/Src/pump_mgr.o
                0x080023de                PumpMgr_SetSlaveAddr
 .text.PumpMgr_SetCtrlAddr
                0x08002414       0x36 ./Core/Src/pump_mgr.o
                0x08002414                PumpMgr_SetCtrlAddr
 *fill*         0x0800244a        0x2 
 .text.pumpmgr_handle_event
                0x0800244c       0xb8 ./Core/Src/pump_mgr.o
 .text.PumpMgr_Task
                0x08002504      0x198 ./Core/Src/pump_mgr.o
                0x08002504                PumpMgr_Task
 .text.q_next   0x0800269c       0x22 ./Core/Src/pump_proto_gkl.o
 .text.q_is_full
                0x080026be       0x30 ./Core/Src/pump_proto_gkl.o
 .text.q_is_empty
                0x080026ee       0x2a ./Core/Src/pump_proto_gkl.o
 .text.q_push   0x08002718       0x78 ./Core/Src/pump_proto_gkl.o
 .text.q_pop    0x08002790       0x6c ./Core/Src/pump_proto_gkl.o
 .text.maybe_report_error
                0x080027fc       0x92 ./Core/Src/pump_proto_gkl.o
 .text.gkl_append_token
                0x0800288e       0x78 ./Core/Src/pump_proto_gkl.o
 *fill*         0x08002906        0x2 
 .text.gkl_append_byte_token
                0x08002908       0xdc ./Core/Src/pump_proto_gkl.o
 .text.gkl_format_frame_compact
                0x080029e4       0x82 ./Core/Src/pump_proto_gkl.o
 *fill*         0x08002a66        0x2 
 .text.gkl_log_line
                0x08002a68       0x4c ./Core/Src/pump_proto_gkl.o
 .text.gkl_task
                0x08002ab4      0x368 ./Core/Src/pump_proto_gkl.o
 .text.gkl_is_idle
                0x08002e1c       0x38 ./Core/Src/pump_proto_gkl.o
 .text.gkl_send_poll_status
                0x08002e54       0xf4 ./Core/Src/pump_proto_gkl.o
 .text.gkl_request_totalizer
                0x08002f48      0x108 ./Core/Src/pump_proto_gkl.o
 .text.gkl_pop_event
                0x08003050       0x20 ./Core/Src/pump_proto_gkl.o
 .text.PumpProtoGKL_Init
                0x08003070       0x78 ./Core/Src/pump_proto_gkl.o
                0x08003070                PumpProtoGKL_Init
 .text.PumpProtoGKL_SetTag
                0x080030e8       0x70 ./Core/Src/pump_proto_gkl.o
                0x080030e8                PumpProtoGKL_SetTag
 .text.PumpProtoGKL_Bind
                0x08003158       0x30 ./Core/Src/pump_proto_gkl.o
                0x08003158                PumpProtoGKL_Bind
 .text.bcd_to_uint32
                0x08003188       0x64 ./Core/Src/pump_response_parser.o
 .text.PumpResp_ParseRealtimeVolume
                0x080031ec       0x68 ./Core/Src/pump_response_parser.o
                0x080031ec                PumpResp_ParseRealtimeVolume
 .text.PumpResp_ParseRealtimeMoney
                0x08003254       0x5a ./Core/Src/pump_response_parser.o
                0x08003254                PumpResp_ParseRealtimeMoney
 *fill*         0x080032ae        0x2 
 .text.PumpResp_ParseTotalizer
                0x080032b0       0x68 ./Core/Src/pump_response_parser.o
                0x080032b0                PumpResp_ParseTotalizer
 .text.uint32_to_bcd
                0x08003318       0x88 ./Core/Src/pump_transactions.o
 .text.uint16_to_bcd
                0x080033a0       0x90 ./Core/Src/pump_transactions.o
 .text.log_frame
                0x08003430      0x61c ./Core/Src/pump_transactions.o
 .text.PumpTrans_PresetVolume
                0x08003a4c       0x9e ./Core/Src/pump_transactions.o
                0x08003a4c                PumpTrans_PresetVolume
 .text.PumpTrans_PresetMoney
                0x08003aea       0x92 ./Core/Src/pump_transactions.o
                0x08003aea                PumpTrans_PresetMoney
 .text.PumpTrans_Stop
                0x08003b7c       0x60 ./Core/Src/pump_transactions.o
                0x08003b7c                PumpTrans_Stop
 .text.PumpTrans_Resume
                0x08003bdc       0x60 ./Core/Src/pump_transactions.o
                0x08003bdc                PumpTrans_Resume
 .text.PumpTrans_End
                0x08003c3c       0x60 ./Core/Src/pump_transactions.o
                0x08003c3c                PumpTrans_End
 .text.PumpTrans_PollRealtimeVolume
                0x08003c9c       0x72 ./Core/Src/pump_transactions.o
                0x08003c9c                PumpTrans_PollRealtimeVolume
 .text.PumpTrans_ReadTotalizer
                0x08003d0e       0x72 ./Core/Src/pump_transactions.o
                0x08003d0e                PumpTrans_ReadTotalizer
 .text.crc32_update
                0x08003d80       0x74 ./Core/Src/settings.o
 .text.crc32_calc
                0x08003df4       0x28 ./Core/Src/settings.o
 .text.rd_u16_le
                0x08003e1c       0x2c ./Core/Src/settings.o
 .text.rd_u32_le
                0x08003e48       0x38 ./Core/Src/settings.o
 .text.eeprom_read_block
                0x08003e80       0x56 ./Core/Src/settings.o
 *fill*         0x08003ed6        0x2 
 .text.parse_slot
                0x08003ed8      0x17c ./Core/Src/settings.o
 .text.clamp_data
                0x08004054       0xa2 ./Core/Src/settings.o
 .text.Settings_Defaults
                0x080040f6       0x88 ./Core/Src/settings.o
                0x080040f6                Settings_Defaults
 *fill*         0x0800417e        0x2 
 .text.Settings_Init
                0x08004180       0x3c ./Core/Src/settings.o
                0x08004180                Settings_Init
 .text.Settings_Load
                0x080041bc      0x21c ./Core/Src/settings.o
                0x080041bc                Settings_Load
 .text.min_u16  0x080043d8       0x28 ./Core/Src/settings.o
 .text.Settings_Task
                0x08004400      0x17c ./Core/Src/settings.o
                0x08004400                Settings_Task
 .text.Settings_ApplyToPumpMgr
                0x0800457c       0x92 ./Core/Src/settings.o
                0x0800457c                Settings_ApplyToPumpMgr
 *fill*         0x0800460e        0x2 
 .text.HAL_I2C_MemTxCpltCallback
                0x08004610       0x7c ./Core/Src/settings.o
                0x08004610                HAL_I2C_MemTxCpltCallback
 .text.HAL_I2C_ErrorCallback
                0x0800468c       0x68 ./Core/Src/settings.o
                0x0800468c                HAL_I2C_ErrorCallback
 .text.SSD1309_WriteCommand
                0x080046f4       0x4c ./Core/Src/ssd1309.o
 .text.SSD1309_Init
                0x08004740       0xb4 ./Core/Src/ssd1309.o
                0x08004740                SSD1309_Init
 .text.SSD1309_Fill
                0x080047f4       0x30 ./Core/Src/ssd1309.o
                0x080047f4                SSD1309_Fill
 .text.SSD1309_UpdateScreen
                0x08004824       0xb4 ./Core/Src/ssd1309.o
                0x08004824                SSD1309_UpdateScreen
 .text.SSD1309_SetCursor
                0x080048d8       0x30 ./Core/Src/ssd1309.o
                0x080048d8                SSD1309_SetCursor
 .text.SSD1309_WriteChar
                0x08004908      0x128 ./Core/Src/ssd1309.o
                0x08004908                SSD1309_WriteChar
 .text.SSD1309_WriteString
                0x08004a30       0x32 ./Core/Src/ssd1309.o
                0x08004a30                SSD1309_WriteString
 *fill*         0x08004a62        0x2 
 .text.HAL_MspInit
                0x08004a64       0x34 ./Core/Src/stm32h7xx_hal_msp.o
                0x08004a64                HAL_MspInit
 .text.HAL_I2C_MspInit
                0x08004a98       0xf0 ./Core/Src/stm32h7xx_hal_msp.o
                0x08004a98                HAL_I2C_MspInit
 .text.HAL_SPI_MspInit
                0x08004b88      0x144 ./Core/Src/stm32h7xx_hal_msp.o
                0x08004b88                HAL_SPI_MspInit
 .text.HAL_TIM_Base_MspInit
                0x08004ccc       0x8c ./Core/Src/stm32h7xx_hal_msp.o
                0x08004ccc                HAL_TIM_Base_MspInit
 .text.HAL_UART_MspInit
                0x08004d58      0x334 ./Core/Src/stm32h7xx_hal_msp.o
                0x08004d58                HAL_UART_MspInit
 .text.NMI_Handler
                0x0800508c        0x8 ./Core/Src/stm32h7xx_it.o
                0x0800508c                NMI_Handler
 .text.HardFault_Handler
                0x08005094        0x8 ./Core/Src/stm32h7xx_it.o
                0x08005094                HardFault_Handler
 .text.MemManage_Handler
                0x0800509c        0x8 ./Core/Src/stm32h7xx_it.o
                0x0800509c                MemManage_Handler
 .text.BusFault_Handler
                0x080050a4        0x8 ./Core/Src/stm32h7xx_it.o
                0x080050a4                BusFault_Handler
 .text.UsageFault_Handler
                0x080050ac        0x8 ./Core/Src/stm32h7xx_it.o
                0x080050ac                UsageFault_Handler
 .text.SVC_Handler
                0x080050b4        0xe ./Core/Src/stm32h7xx_it.o
                0x080050b4                SVC_Handler
 .text.DebugMon_Handler
                0x080050c2        0xe ./Core/Src/stm32h7xx_it.o
                0x080050c2                DebugMon_Handler
 .text.PendSV_Handler
                0x080050d0        0xe ./Core/Src/stm32h7xx_it.o
                0x080050d0                PendSV_Handler
 .text.SysTick_Handler
                0x080050de        0xc ./Core/Src/stm32h7xx_it.o
                0x080050de                SysTick_Handler
 *fill*         0x080050ea        0x2 
 .text.DMA1_Stream1_IRQHandler
                0x080050ec       0x14 ./Core/Src/stm32h7xx_it.o
                0x080050ec                DMA1_Stream1_IRQHandler
 .text.DMA1_Stream2_IRQHandler
                0x08005100       0x14 ./Core/Src/stm32h7xx_it.o
                0x08005100                DMA1_Stream2_IRQHandler
 .text.DMA1_Stream3_IRQHandler
                0x08005114       0x14 ./Core/Src/stm32h7xx_it.o
                0x08005114                DMA1_Stream3_IRQHandler
 .text.DMA1_Stream4_IRQHandler
                0x08005128       0x14 ./Core/Src/stm32h7xx_it.o
                0x08005128                DMA1_Stream4_IRQHandler
 .text.DMA1_Stream5_IRQHandler
                0x0800513c       0x14 ./Core/Src/stm32h7xx_it.o
                0x0800513c                DMA1_Stream5_IRQHandler
 .text.TIM2_IRQHandler
                0x08005150       0x14 ./Core/Src/stm32h7xx_it.o
                0x08005150                TIM2_IRQHandler
 .text.TIM3_IRQHandler
                0x08005164       0x14 ./Core/Src/stm32h7xx_it.o
                0x08005164                TIM3_IRQHandler
 .text.I2C1_EV_IRQHandler
                0x08005178       0x14 ./Core/Src/stm32h7xx_it.o
                0x08005178                I2C1_EV_IRQHandler
 .text.I2C1_ER_IRQHandler
                0x0800518c       0x14 ./Core/Src/stm32h7xx_it.o
                0x0800518c                I2C1_ER_IRQHandler
 .text.SPI2_IRQHandler
                0x080051a0       0x14 ./Core/Src/stm32h7xx_it.o
                0x080051a0                SPI2_IRQHandler
 .text.USART2_IRQHandler
                0x080051b4       0x14 ./Core/Src/stm32h7xx_it.o
                0x080051b4                USART2_IRQHandler
 .text.USART3_IRQHandler
                0x080051c8       0x14 ./Core/Src/stm32h7xx_it.o
                0x080051c8                USART3_IRQHandler
 .text.OTG_FS_EP1_OUT_IRQHandler
                0x080051dc       0x14 ./Core/Src/stm32h7xx_it.o
                0x080051dc                OTG_FS_EP1_OUT_IRQHandler
 .text.OTG_FS_EP1_IN_IRQHandler
                0x080051f0       0x14 ./Core/Src/stm32h7xx_it.o
                0x080051f0                OTG_FS_EP1_IN_IRQHandler
 .text.OTG_FS_IRQHandler
                0x08005204       0x14 ./Core/Src/stm32h7xx_it.o
                0x08005204                OTG_FS_IRQHandler
 .text._sbrk    0x08005218       0x6c ./Core/Src/sysmem.o
                0x08005218                _sbrk
 .text.SystemInit
                0x08005284      0x140 ./Core/Src/system_stm32h7xx.o
                0x08005284                SystemInit
 .text.ExitRun0Mode
                0x080053c4       0x30 ./Core/Src/system_stm32h7xx.o
                0x080053c4                ExitRun0Mode
 .text.TrxFSM_Init
                0x080053f4       0x42 ./Core/Src/transaction_fsm.o
                0x080053f4                TrxFSM_Init
 *fill*         0x08005436        0x2 
 .text.TrxFSM_Task
                0x08005438      0x1d4 ./Core/Src/transaction_fsm.o
                0x08005438                TrxFSM_Task
 .text.TrxFSM_StartVolume
                0x0800560c       0xa6 ./Core/Src/transaction_fsm.o
                0x0800560c                TrxFSM_StartVolume
 .text.TrxFSM_StartMoney
                0x080056b2       0xa6 ./Core/Src/transaction_fsm.o
                0x080056b2                TrxFSM_StartMoney
 .text.TrxFSM_Pause
                0x08005758       0x7c ./Core/Src/transaction_fsm.o
                0x08005758                TrxFSM_Pause
 .text.TrxFSM_Resume
                0x080057d4       0x7c ./Core/Src/transaction_fsm.o
                0x080057d4                TrxFSM_Resume
 .text.TrxFSM_Cancel
                0x08005850       0xae ./Core/Src/transaction_fsm.o
                0x08005850                TrxFSM_Cancel
 .text.TrxFSM_GetState
                0x080058fe       0x22 ./Core/Src/transaction_fsm.o
                0x080058fe                TrxFSM_GetState
 .text.TrxFSM_GetRealtimeVolume
                0x08005920       0x22 ./Core/Src/transaction_fsm.o
                0x08005920                TrxFSM_GetRealtimeVolume
 .text.TrxFSM_GetRealtimeMoney
                0x08005942       0x22 ./Core/Src/transaction_fsm.o
                0x08005942                TrxFSM_GetRealtimeMoney
 .text.ui_clear
                0x08005964        0xe ./Core/Src/ui.o
 .text.ui_line  0x08005972       0x2a ./Core/Src/ui.o
 .text.format_volume
                0x0800599c       0x50 ./Core/Src/ui.o
 .text.ui_get_fsm
                0x080059ec       0x26 ./Core/Src/ui.o
 *fill*         0x08005a12        0x2 
 .text.ui_render_home
                0x08005a14      0x1e8 ./Core/Src/ui.o
 .text.ui_handle_home
                0x08005bfc      0x168 ./Core/Src/ui.o
 .text.ui_render_select_mode
                0x08005d64       0xb8 ./Core/Src/ui.o
 .text.ui_handle_select_mode
                0x08005e1c       0xf0 ./Core/Src/ui.o
 .text.ui_render_preset_volume
                0x08005f0c       0xb0 ./Core/Src/ui.o
 .text.ui_handle_preset_volume
                0x08005fbc      0x1c4 ./Core/Src/ui.o
 .text.ui_render_preset_money
                0x08006180       0xb0 ./Core/Src/ui.o
 .text.ui_handle_preset_money
                0x08006230       0xe2 ./Core/Src/ui.o
 *fill*         0x08006312        0x2 
 .text.ui_render_totalizer
                0x08006314       0xbc ./Core/Src/ui.o
 .text.ui_handle_totalizer
                0x080063d0       0x30 ./Core/Src/ui.o
 .text.UI_Init  0x08006400       0x56 ./Core/Src/ui.o
                0x08006400                UI_Init
 .text.UI_Task  0x08006456      0x140 ./Core/Src/ui.o
                0x08006456                UI_Task
 *fill*         0x08006596        0x2 
 .text.Reset_Handler
                0x08006598       0x54 ./Core/Startup/startup_stm32h750vbtx.o
                0x08006598                Reset_Handler
 .text.Default_Handler
                0x080065ec        0x2 ./Core/Startup/startup_stm32h750vbtx.o
                0x080065ec                RTC_Alarm_IRQHandler
                0x080065ec                HASH_RNG_IRQHandler
                0x080065ec                EXTI2_IRQHandler
                0x080065ec                TIM8_CC_IRQHandler
                0x080065ec                HRTIM1_Master_IRQHandler
                0x080065ec                UART8_IRQHandler
                0x080065ec                SPI4_IRQHandler
                0x080065ec                TIM1_CC_IRQHandler
                0x080065ec                BDMA_Channel6_IRQHandler
                0x080065ec                DMA2_Stream5_IRQHandler
                0x080065ec                HRTIM1_FLT_IRQHandler
                0x080065ec                JPEG_IRQHandler
                0x080065ec                BDMA_Channel1_IRQHandler
                0x080065ec                HRTIM1_TIMD_IRQHandler
                0x080065ec                TAMP_STAMP_IRQHandler
                0x080065ec                EXTI3_IRQHandler
                0x080065ec                LPTIM4_IRQHandler
                0x080065ec                TIM8_TRG_COM_TIM14_IRQHandler
                0x080065ec                LPTIM2_IRQHandler
                0x080065ec                DFSDM1_FLT1_IRQHandler
                0x080065ec                DMAMUX2_OVR_IRQHandler
                0x080065ec                TIM8_UP_TIM13_IRQHandler
                0x080065ec                I2C3_ER_IRQHandler
                0x080065ec                DFSDM1_FLT2_IRQHandler
                0x080065ec                MDMA_IRQHandler
                0x080065ec                LPTIM3_IRQHandler
                0x080065ec                HSEM1_IRQHandler
                0x080065ec                EXTI0_IRQHandler
                0x080065ec                I2C2_EV_IRQHandler
                0x080065ec                FPU_IRQHandler
                0x080065ec                OTG_HS_WKUP_IRQHandler
                0x080065ec                FDCAN1_IT1_IRQHandler
                0x080065ec                LTDC_ER_IRQHandler
                0x080065ec                DMA2_Stream2_IRQHandler
                0x080065ec                HRTIM1_TIME_IRQHandler
                0x080065ec                SPI1_IRQHandler
                0x080065ec                TIM6_DAC_IRQHandler
                0x080065ec                DCMI_IRQHandler
                0x080065ec                HRTIM1_TIMC_IRQHandler
                0x080065ec                DMA2_Stream3_IRQHandler
                0x080065ec                SAI2_IRQHandler
                0x080065ec                DFSDM1_FLT3_IRQHandler
                0x080065ec                USART6_IRQHandler
                0x080065ec                TIM17_IRQHandler
                0x080065ec                BDMA_Channel7_IRQHandler
                0x080065ec                CRYP_IRQHandler
                0x080065ec                LPTIM5_IRQHandler
                0x080065ec                UART5_IRQHandler
                0x080065ec                ADC3_IRQHandler
                0x080065ec                DMA2_Stream0_IRQHandler
                0x080065ec                TIM4_IRQHandler
                0x080065ec                BDMA_Channel2_IRQHandler
                0x080065ec                QUADSPI_IRQHandler
                0x080065ec                DMA1_Stream6_IRQHandler
                0x080065ec                DMAMUX1_OVR_IRQHandler
                0x080065ec                TIM16_IRQHandler
                0x080065ec                UART4_IRQHandler
                0x080065ec                BDMA_Channel5_IRQHandler
                0x080065ec                RCC_IRQHandler
                0x080065ec                TIM8_BRK_TIM12_IRQHandler
                0x080065ec                TIM1_TRG_COM_IRQHandler
                0x080065ec                Default_Handler
                0x080065ec                ECC_IRQHandler
                0x080065ec                CEC_IRQHandler
                0x080065ec                EXTI15_10_IRQHandler
                0x080065ec                BDMA_Channel0_IRQHandler
                0x080065ec                ADC_IRQHandler
                0x080065ec                DMA1_Stream7_IRQHandler
                0x080065ec                HRTIM1_TIMA_IRQHandler
                0x080065ec                SPI5_IRQHandler
                0x080065ec                TIM7_IRQHandler
                0x080065ec                SDMMC1_IRQHandler
                0x080065ec                TIM5_IRQHandler
                0x080065ec                DMA2_Stream7_IRQHandler
                0x080065ec                TIM15_IRQHandler
                0x080065ec                PVD_AVD_IRQHandler
                0x080065ec                I2C3_EV_IRQHandler
                0x080065ec                EXTI9_5_IRQHandler
                0x080065ec                RTC_WKUP_IRQHandler
                0x080065ec                LTDC_IRQHandler
                0x080065ec                SAI3_IRQHandler
                0x080065ec                ETH_WKUP_IRQHandler
                0x080065ec                SPDIF_RX_IRQHandler
                0x080065ec                OTG_HS_EP1_IN_IRQHandler
                0x080065ec                DMA1_Stream0_IRQHandler
                0x080065ec                CRS_IRQHandler
                0x080065ec                EXTI4_IRQHandler
                0x080065ec                HRTIM1_TIMB_IRQHandler
                0x080065ec                FDCAN2_IT1_IRQHandler
                0x080065ec                ETH_IRQHandler
                0x080065ec                TIM1_UP_IRQHandler
                0x080065ec                BDMA_Channel4_IRQHandler
                0x080065ec                OTG_HS_EP1_OUT_IRQHandler
                0x080065ec                WWDG_IRQHandler
                0x080065ec                SPI6_IRQHandler
                0x080065ec                MDIOS_IRQHandler
                0x080065ec                I2C4_EV_IRQHandler
                0x080065ec                FDCAN2_IT0_IRQHandler
                0x080065ec                LPUART1_IRQHandler
                0x080065ec                FDCAN1_IT0_IRQHandler
                0x080065ec                OTG_FS_WKUP_IRQHandler
                0x080065ec                OTG_HS_IRQHandler
                0x080065ec                DMA2D_IRQHandler
                0x080065ec                TIM1_BRK_IRQHandler
                0x080065ec                EXTI1_IRQHandler
                0x080065ec                SDMMC2_IRQHandler
                0x080065ec                BDMA_Channel3_IRQHandler
                0x080065ec                UART7_IRQHandler
                0x080065ec                MDIOS_WKUP_IRQHandler
                0x080065ec                DFSDM1_FLT0_IRQHandler
                0x080065ec                SAI4_IRQHandler
                0x080065ec                I2C2_ER_IRQHandler
                0x080065ec                DMA2_Stream1_IRQHandler
                0x080065ec                FLASH_IRQHandler
                0x080065ec                DMA2_Stream4_IRQHandler
                0x080065ec                USART1_IRQHandler
                0x080065ec                SPI3_IRQHandler
                0x080065ec                WAKEUP_PIN_IRQHandler
                0x080065ec                FMC_IRQHandler
                0x080065ec                FDCAN_CAL_IRQHandler
                0x080065ec                SWPMI1_IRQHandler
                0x080065ec                COMP1_IRQHandler
                0x080065ec                LPTIM1_IRQHandler
                0x080065ec                I2C4_ER_IRQHandler
                0x080065ec                DMA2_Stream6_IRQHandler
                0x080065ec                SAI1_IRQHandler
 *fill*         0x080065ee        0x2 
 .text.HAL_Init
                0x080065f0       0x78 ./Drivers/STM32H7xx_HAL_Driver/Src/stm32h7xx_hal.o
                0x080065f0                HAL_Init
 .text.HAL_InitTick
                0x08006668       0x6c ./Drivers/STM32H7xx_HAL_Driver/Src/stm32h7xx_hal.o
                0x08006668                HAL_InitTick
 .text.HAL_IncTick
                0x080066d4       0x28 ./Drivers/STM32H7xx_HAL_Driver/Src/stm32h7xx_hal.o
                0x080066d4                HAL_IncTick
 .text.HAL_GetTick
                0x080066fc       0x18 ./Drivers/STM32H7xx_HAL_Driver/Src/stm32h7xx_hal.o
                0x080066fc                HAL_GetTick
 .text.HAL_Delay
                0x08006714       0x48 ./Drivers/STM32H7xx_HAL_Driver/Src/stm32h7xx_hal.o
                0x08006714                HAL_Delay
 .text.HAL_GetREVID
                0x0800675c       0x18 ./Drivers/STM32H7xx_HAL_Driver/Src/stm32h7xx_hal.o
                0x0800675c                HAL_GetREVID
 .text.__NVIC_SetPriorityGrouping
                0x08006774       0x48 ./Drivers/STM32H7xx_HAL_Driver/Src/stm32h7xx_hal_cortex.o
 .text.__NVIC_GetPriorityGrouping
                0x080067bc       0x1c ./Drivers/STM32H7xx_HAL_Driver/Src/stm32h7xx_hal_cortex.o
 .text.__NVIC_EnableIRQ
                0x080067d8       0x3c ./Drivers/STM32H7xx_HAL_Driver/Src/stm32h7xx_hal_cortex.o
 .text.__NVIC_SetPriority
                0x08006814       0x54 ./Drivers/STM32H7xx_HAL_Driver/Src/stm32h7xx_hal_cortex.o
 .text.NVIC_EncodePriority
                0x08006868       0x66 ./Drivers/STM32H7xx_HAL_Driver/Src/stm32h7xx_hal_cortex.o
 *fill*         0x080068ce        0x2 
 .text.SysTick_Config
                0x080068d0       0x44 ./Drivers/STM32H7xx_HAL_Driver/Src/stm32h7xx_hal_cortex.o
 .text.HAL_NVIC_SetPriorityGrouping
                0x08006914       0x16 ./Drivers/STM32H7xx_HAL_Driver/Src/stm32h7xx_hal_cortex.o
                0x08006914                HAL_NVIC_SetPriorityGrouping
 .text.HAL_NVIC_SetPriority
                0x0800692a       0x34 ./Drivers/STM32H7xx_HAL_Driver/Src/stm32h7xx_hal_cortex.o
                0x0800692a                HAL_NVIC_SetPriority
 .text.HAL_NVIC_EnableIRQ
                0x0800695e       0x1c ./Drivers/STM32H7xx_HAL_Driver/Src/stm32h7xx_hal_cortex.o
                0x0800695e                HAL_NVIC_EnableIRQ
 .text.HAL_SYSTICK_Config
                0x0800697a       0x18 ./Drivers/STM32H7xx_HAL_Driver/Src/stm32h7xx_hal_cortex.o
                0x0800697a                HAL_SYSTICK_Config
 *fill*         0x08006992        0x2 
 .text.HAL_MPU_Disable
                0x08006994       0x30 ./Drivers/STM32H7xx_HAL_Driver/Src/stm32h7xx_hal_cortex.o
                0x08006994                HAL_MPU_Disable
 .text.HAL_MPU_Enable
                0x080069c4       0x40 ./Drivers/STM32H7xx_HAL_Driver/Src/stm32h7xx_hal_cortex.o
                0x080069c4                HAL_MPU_Enable
 .text.HAL_MPU_ConfigRegion
                0x08006a04       0x80 ./Drivers/STM32H7xx_HAL_Driver/Src/stm32h7xx_hal_cortex.o
                0x08006a04                HAL_MPU_ConfigRegion
 .text.HAL_DMA_Init
                0x08006a84      0x6b8 ./Drivers/STM32H7xx_HAL_Driver/Src/stm32h7xx_hal_dma.o
                0x08006a84                HAL_DMA_Init
 .text.HAL_DMA_Start_IT
                0x0800713c      0x4d4 ./Drivers/STM32H7xx_HAL_Driver/Src/stm32h7xx_hal_dma.o
                0x0800713c                HAL_DMA_Start_IT
 .text.HAL_DMA_Abort
                0x08007610      0x63c ./Drivers/STM32H7xx_HAL_Driver/Src/stm32h7xx_hal_dma.o
                0x08007610                HAL_DMA_Abort
 .text.HAL_DMA_Abort_IT
                0x08007c4c      0x48c ./Drivers/STM32H7xx_HAL_Driver/Src/stm32h7xx_hal_dma.o
                0x08007c4c                HAL_DMA_Abort_IT
 .text.HAL_DMA_IRQHandler
                0x080080d8      0xe54 ./Drivers/STM32H7xx_HAL_Driver/Src/stm32h7xx_hal_dma.o
                0x080080d8                HAL_DMA_IRQHandler
 .text.HAL_DMA_GetState
                0x08008f2c       0x1c ./Drivers/STM32H7xx_HAL_Driver/Src/stm32h7xx_hal_dma.o
                0x08008f2c                HAL_DMA_GetState
 .text.HAL_DMA_GetError
                0x08008f48       0x18 ./Drivers/STM32H7xx_HAL_Driver/Src/stm32h7xx_hal_dma.o
                0x08008f48                HAL_DMA_GetError
 .text.DMA_SetConfig
                0x08008f60      0x358 ./Drivers/STM32H7xx_HAL_Driver/Src/stm32h7xx_hal_dma.o
 .text.DMA_CalcBaseAndBitshift
                0x080092b8      0x164 ./Drivers/STM32H7xx_HAL_Driver/Src/stm32h7xx_hal_dma.o
 .text.DMA_CheckFifoParam
                0x0800941c       0xf8 ./Drivers/STM32H7xx_HAL_Driver/Src/stm32h7xx_hal_dma.o
 .text.DMA_CalcDMAMUXChannelBaseAndMask
                0x08009514      0x134 ./Drivers/STM32H7xx_HAL_Driver/Src/stm32h7xx_hal_dma.o
 .text.DMA_CalcDMAMUXRequestGenBaseAndMask
                0x08009648       0xe8 ./Drivers/STM32H7xx_HAL_Driver/Src/stm32h7xx_hal_dma.o
 .text.HAL_GPIO_Init
                0x08009730      0x360 ./Drivers/STM32H7xx_HAL_Driver/Src/stm32h7xx_hal_gpio.o
                0x08009730                HAL_GPIO_Init
 .text.HAL_GPIO_ReadPin
                0x08009a90       0x30 ./Drivers/STM32H7xx_HAL_Driver/Src/stm32h7xx_hal_gpio.o
                0x08009a90                HAL_GPIO_ReadPin
 .text.HAL_GPIO_WritePin
                0x08009ac0       0x32 ./Drivers/STM32H7xx_HAL_Driver/Src/stm32h7xx_hal_gpio.o
                0x08009ac0                HAL_GPIO_WritePin
 *fill*         0x08009af2        0x2 
 .text.HAL_I2C_Init
                0x08009af4      0x138 ./Drivers/STM32H7xx_HAL_Driver/Src/stm32h7xx_hal_i2c.o
                0x08009af4                HAL_I2C_Init
 .text.HAL_I2C_Mem_Read
                0x08009c2c      0x234 ./Drivers/STM32H7xx_HAL_Driver/Src/stm32h7xx_hal_i2c.o
                0x08009c2c                HAL_I2C_Mem_Read
 .text.HAL_I2C_Mem_Write_IT
                0x08009e60      0x114 ./Drivers/STM32H7xx_HAL_Driver/Src/stm32h7xx_hal_i2c.o
                0x08009e60                HAL_I2C_Mem_Write_IT
 .text.HAL_I2C_IsDeviceReady
                0x08009f74      0x20c ./Drivers/STM32H7xx_HAL_Driver/Src/stm32h7xx_hal_i2c.o
                0x08009f74                HAL_I2C_IsDeviceReady
 .text.HAL_I2C_EV_IRQHandler
                0x0800a180       0x34 ./Drivers/STM32H7xx_HAL_Driver/Src/stm32h7xx_hal_i2c.o
                0x0800a180                HAL_I2C_EV_IRQHandler
 .text.HAL_I2C_ER_IRQHandler
                0x0800a1b4       0xc2 ./Drivers/STM32H7xx_HAL_Driver/Src/stm32h7xx_hal_i2c.o
                0x0800a1b4                HAL_I2C_ER_IRQHandler
 .text.HAL_I2C_MasterTxCpltCallback
                0x0800a276       0x14 ./Drivers/STM32H7xx_HAL_Driver/Src/stm32h7xx_hal_i2c.o
                0x0800a276                HAL_I2C_MasterTxCpltCallback
 .text.HAL_I2C_MasterRxCpltCallback
                0x0800a28a       0x14 ./Drivers/STM32H7xx_HAL_Driver/Src/stm32h7xx_hal_i2c.o
                0x0800a28a                HAL_I2C_MasterRxCpltCallback
 .text.HAL_I2C_SlaveTxCpltCallback
                0x0800a29e       0x14 ./Drivers/STM32H7xx_HAL_Driver/Src/stm32h7xx_hal_i2c.o
                0x0800a29e                HAL_I2C_SlaveTxCpltCallback
 .text.HAL_I2C_SlaveRxCpltCallback
                0x0800a2b2       0x14 ./Drivers/STM32H7xx_HAL_Driver/Src/stm32h7xx_hal_i2c.o
                0x0800a2b2                HAL_I2C_SlaveRxCpltCallback
 .text.HAL_I2C_AddrCallback
                0x0800a2c6       0x1c ./Drivers/STM32H7xx_HAL_Driver/Src/stm32h7xx_hal_i2c.o
                0x0800a2c6                HAL_I2C_AddrCallback
 .text.HAL_I2C_ListenCpltCallback
                0x0800a2e2       0x14 ./Drivers/STM32H7xx_HAL_Driver/Src/stm32h7xx_hal_i2c.o
                0x0800a2e2                HAL_I2C_ListenCpltCallback
 .text.HAL_I2C_MemRxCpltCallback
                0x0800a2f6       0x14 ./Drivers/STM32H7xx_HAL_Driver/Src/stm32h7xx_hal_i2c.o
                0x0800a2f6                HAL_I2C_MemRxCpltCallback
 .text.HAL_I2C_AbortCpltCallback
                0x0800a30a       0x14 ./Drivers/STM32H7xx_HAL_Driver/Src/stm32h7xx_hal_i2c.o
                0x0800a30a                HAL_I2C_AbortCpltCallback
 *fill*         0x0800a31e        0x2 
 .text.I2C_Mem_ISR_IT
                0x0800a320      0x264 ./Drivers/STM32H7xx_HAL_Driver/Src/stm32h7xx_hal_i2c.o
 .text.I2C_Slave_ISR_IT
                0x0800a584      0x208 ./Drivers/STM32H7xx_HAL_Driver/Src/stm32h7xx_hal_i2c.o
 .text.I2C_Master_ISR_DMA
                0x0800a78c      0x1e6 ./Drivers/STM32H7xx_HAL_Driver/Src/stm32h7xx_hal_i2c.o
 *fill*         0x0800a972        0x2 
 .text.I2C_Mem_ISR_DMA
                0x0800a974      0x260 ./Drivers/STM32H7xx_HAL_Driver/Src/stm32h7xx_hal_i2c.o
 .text.I2C_Slave_ISR_DMA
                0x0800abd4      0x3c8 ./Drivers/STM32H7xx_HAL_Driver/Src/stm32h7xx_hal_i2c.o
 .text.I2C_RequestMemoryRead
                0x0800af9c       0xa8 ./Drivers/STM32H7xx_HAL_Driver/Src/stm32h7xx_hal_i2c.o
 .text.I2C_ITAddrCplt
                0x0800b044      0x108 ./Drivers/STM32H7xx_HAL_Driver/Src/stm32h7xx_hal_i2c.o
 .text.I2C_ITMasterSeqCplt
                0x0800b14c       0x7a ./Drivers/STM32H7xx_HAL_Driver/Src/stm32h7xx_hal_i2c.o
 .text.I2C_ITSlaveSeqCplt
                0x0800b1c6       0xbc ./Drivers/STM32H7xx_HAL_Driver/Src/stm32h7xx_hal_i2c.o
 *fill*         0x0800b282        0x2 
 .text.I2C_ITMasterCplt
                0x0800b284      0x194 ./Drivers/STM32H7xx_HAL_Driver/Src/stm32h7xx_hal_i2c.o
 .text.I2C_ITSlaveCplt
                0x0800b418      0x4b4 ./Drivers/STM32H7xx_HAL_Driver/Src/stm32h7xx_hal_i2c.o
 .text.I2C_ITListenCplt
                0x0800b8cc       0xac ./Drivers/STM32H7xx_HAL_Driver/Src/stm32h7xx_hal_i2c.o
 .text.I2C_ITError
                0x0800b978      0x1e0 ./Drivers/STM32H7xx_HAL_Driver/Src/stm32h7xx_hal_i2c.o
 .text.I2C_TreatErrorCallback
                0x0800bb58       0x4e ./Drivers/STM32H7xx_HAL_Driver/Src/stm32h7xx_hal_i2c.o
 .text.I2C_Flush_TXDR
                0x0800bba6       0x48 ./Drivers/STM32H7xx_HAL_Driver/Src/stm32h7xx_hal_i2c.o
 .text.I2C_DMAAbort
                0x0800bbee       0x3c ./Drivers/STM32H7xx_HAL_Driver/Src/stm32h7xx_hal_i2c.o
 .text.I2C_WaitOnFlagUntilTimeout
                0x0800bc2a       0xb2 ./Drivers/STM32H7xx_HAL_Driver/Src/stm32h7xx_hal_i2c.o
 .text.I2C_WaitOnTXISFlagUntilTimeout
                0x0800bcdc       0x8e ./Drivers/STM32H7xx_HAL_Driver/Src/stm32h7xx_hal_i2c.o
 .text.I2C_WaitOnSTOPFlagUntilTimeout
                0x0800bd6a       0x86 ./Drivers/STM32H7xx_HAL_Driver/Src/stm32h7xx_hal_i2c.o
 .text.I2C_IsErrorOccurred
                0x0800bdf0      0x1c0 ./Drivers/STM32H7xx_HAL_Driver/Src/stm32h7xx_hal_i2c.o
 .text.I2C_TransferConfig
                0x0800bfb0       0x64 ./Drivers/STM32H7xx_HAL_Driver/Src/stm32h7xx_hal_i2c.o
 .text.I2C_Enable_IRQ
                0x0800c014      0x108 ./Drivers/STM32H7xx_HAL_Driver/Src/stm32h7xx_hal_i2c.o
 .text.I2C_Disable_IRQ
                0x0800c11c       0xbc ./Drivers/STM32H7xx_HAL_Driver/Src/stm32h7xx_hal_i2c.o
 .text.HAL_PCD_Init
                0x0800c1d8      0x218 ./Drivers/STM32H7xx_HAL_Driver/Src/stm32h7xx_hal_pcd.o
                0x0800c1d8                HAL_PCD_Init
 .text.HAL_PCD_Start
                0x0800c3f0       0x6a ./Drivers/STM32H7xx_HAL_Driver/Src/stm32h7xx_hal_pcd.o
                0x0800c3f0                HAL_PCD_Start
 .text.HAL_PCD_IRQHandler
                0x0800c45a      0x99c ./Drivers/STM32H7xx_HAL_Driver/Src/stm32h7xx_hal_pcd.o
                0x0800c45a                HAL_PCD_IRQHandler
 .text.HAL_PCD_SetAddress
                0x0800cdf6       0x48 ./Drivers/STM32H7xx_HAL_Driver/Src/stm32h7xx_hal_pcd.o
                0x0800cdf6                HAL_PCD_SetAddress
 .text.HAL_PCD_EP_Open
                0x0800ce3e       0xd4 ./Drivers/STM32H7xx_HAL_Driver/Src/stm32h7xx_hal_pcd.o
                0x0800ce3e                HAL_PCD_EP_Open
 .text.HAL_PCD_EP_Close
                0x0800cf12       0x94 ./Drivers/STM32H7xx_HAL_Driver/Src/stm32h7xx_hal_pcd.o
                0x0800cf12                HAL_PCD_EP_Close
 .text.HAL_PCD_EP_Receive
                0x0800cfa6       0x76 ./Drivers/STM32H7xx_HAL_Driver/Src/stm32h7xx_hal_pcd.o
                0x0800cfa6                HAL_PCD_EP_Receive
 .text.HAL_PCD_EP_GetRxCount
                0x0800d01c       0x30 ./Drivers/STM32H7xx_HAL_Driver/Src/stm32h7xx_hal_pcd.o
                0x0800d01c                HAL_PCD_EP_GetRxCount
 .text.HAL_PCD_EP_Transmit
                0x0800d04c       0x74 ./Drivers/STM32H7xx_HAL_Driver/Src/stm32h7xx_hal_pcd.o
                0x0800d04c                HAL_PCD_EP_Transmit
 .text.HAL_PCD_EP_SetStall
                0x0800d0c0       0xc6 ./Drivers/STM32H7xx_HAL_Driver/Src/stm32h7xx_hal_pcd.o
                0x0800d0c0                HAL_PCD_EP_SetStall
 .text.HAL_PCD_EP_ClrStall
                0x0800d186       0xac ./Drivers/STM32H7xx_HAL_Driver/Src/stm32h7xx_hal_pcd.o
                0x0800d186                HAL_PCD_EP_ClrStall
 .text.HAL_PCD_EP_Abort
                0x0800d232       0x62 ./Drivers/STM32H7xx_HAL_Driver/Src/stm32h7xx_hal_pcd.o
                0x0800d232                HAL_PCD_EP_Abort
 .text.PCD_WriteEmptyTxFifo
                0x0800d294      0x118 ./Drivers/STM32H7xx_HAL_Driver/Src/stm32h7xx_hal_pcd.o
 .text.PCD_EP_OutXfrComplete_int
                0x0800d3ac      0x1d0 ./Drivers/STM32H7xx_HAL_Driver/Src/stm32h7xx_hal_pcd.o
 .text.PCD_EP_OutSetupPacket_int
                0x0800d57c       0x8c ./Drivers/STM32H7xx_HAL_Driver/Src/stm32h7xx_hal_pcd.o
 .text.HAL_PCDEx_SetTxFiFo
                0x0800d608       0x8e ./Drivers/STM32H7xx_HAL_Driver/Src/stm32h7xx_hal_pcd_ex.o
                0x0800d608                HAL_PCDEx_SetTxFiFo
 .text.HAL_PCDEx_SetRxFiFo
                0x0800d696       0x22 ./Drivers/STM32H7xx_HAL_Driver/Src/stm32h7xx_hal_pcd_ex.o
                0x0800d696                HAL_PCDEx_SetRxFiFo
 .text.HAL_PCDEx_ActivateLPM
                0x0800d6b8       0x48 ./Drivers/STM32H7xx_HAL_Driver/Src/stm32h7xx_hal_pcd_ex.o
                0x0800d6b8                HAL_PCDEx_ActivateLPM
 .text.HAL_PCDEx_LPM_Callback
                0x0800d700       0x18 ./Drivers/STM32H7xx_HAL_Driver/Src/stm32h7xx_hal_pcd_ex.o
                0x0800d700                HAL_PCDEx_LPM_Callback
 .text.HAL_PWREx_ConfigSupply
                0x0800d718       0x74 ./Drivers/STM32H7xx_HAL_Driver/Src/stm32h7xx_hal_pwr_ex.o
                0x0800d718                HAL_PWREx_ConfigSupply
 .text.HAL_PWREx_EnableUSBVoltageDetector
                0x0800d78c       0x20 ./Drivers/STM32H7xx_HAL_Driver/Src/stm32h7xx_hal_pwr_ex.o
                0x0800d78c                HAL_PWREx_EnableUSBVoltageDetector
 .text.HAL_RCC_OscConfig
                0x0800d7ac      0x8b4 ./Drivers/STM32H7xx_HAL_Driver/Src/stm32h7xx_hal_rcc.o
                0x0800d7ac                HAL_RCC_OscConfig
 .text.HAL_RCC_ClockConfig
                0x0800e060      0x36c ./Drivers/STM32H7xx_HAL_Driver/Src/stm32h7xx_hal_rcc.o
                0x0800e060                HAL_RCC_ClockConfig
 .text.HAL_RCC_GetSysClockFreq
                0x0800e3cc      0x2f4 ./Drivers/STM32H7xx_HAL_Driver/Src/stm32h7xx_hal_rcc.o
                0x0800e3cc                HAL_RCC_GetSysClockFreq
 .text.HAL_RCC_GetHCLKFreq
                0x0800e6c0       0x60 ./Drivers/STM32H7xx_HAL_Driver/Src/stm32h7xx_hal_rcc.o
                0x0800e6c0                HAL_RCC_GetHCLKFreq
 .text.HAL_RCC_GetPCLK1Freq
                0x0800e720       0x2c ./Drivers/STM32H7xx_HAL_Driver/Src/stm32h7xx_hal_rcc.o
                0x0800e720                HAL_RCC_GetPCLK1Freq
 .text.HAL_RCC_GetPCLK2Freq
                0x0800e74c       0x2c ./Drivers/STM32H7xx_HAL_Driver/Src/stm32h7xx_hal_rcc.o
                0x0800e74c                HAL_RCC_GetPCLK2Freq
 .text.HAL_RCCEx_PeriphCLKConfig
                0x0800e778     0x1414 ./Drivers/STM32H7xx_HAL_Driver/Src/stm32h7xx_hal_rcc_ex.o
                0x0800e778                HAL_RCCEx_PeriphCLKConfig
 .text.HAL_RCCEx_GetD3PCLK1Freq
                0x0800fb8c       0x2c ./Drivers/STM32H7xx_HAL_Driver/Src/stm32h7xx_hal_rcc_ex.o
                0x0800fb8c                HAL_RCCEx_GetD3PCLK1Freq
 .text.HAL_RCCEx_GetPLL2ClockFreq
                0x0800fbb8      0x2a8 ./Drivers/STM32H7xx_HAL_Driver/Src/stm32h7xx_hal_rcc_ex.o
                0x0800fbb8                HAL_RCCEx_GetPLL2ClockFreq
 .text.HAL_RCCEx_GetPLL3ClockFreq
                0x0800fe60      0x2a8 ./Drivers/STM32H7xx_HAL_Driver/Src/stm32h7xx_hal_rcc_ex.o
                0x0800fe60                HAL_RCCEx_GetPLL3ClockFreq
 .text.RCCEx_PLL2_Config
                0x08010108      0x164 ./Drivers/STM32H7xx_HAL_Driver/Src/stm32h7xx_hal_rcc_ex.o
 .text.RCCEx_PLL3_Config
                0x0801026c      0x164 ./Drivers/STM32H7xx_HAL_Driver/Src/stm32h7xx_hal_rcc_ex.o
 .text.HAL_SPI_Init
                0x080103d0      0x248 ./Drivers/STM32H7xx_HAL_Driver/Src/stm32h7xx_hal_spi.o
                0x080103d0                HAL_SPI_Init
 .text.HAL_SPI_Transmit
                0x08010618      0x3dc ./Drivers/STM32H7xx_HAL_Driver/Src/stm32h7xx_hal_spi.o
                0x08010618                HAL_SPI_Transmit
 .text.HAL_SPI_Transmit_DMA
                0x080109f4      0x284 ./Drivers/STM32H7xx_HAL_Driver/Src/stm32h7xx_hal_spi.o
                0x080109f4                HAL_SPI_Transmit_DMA
 .text.HAL_SPI_IRQHandler
                0x08010c78      0x39c ./Drivers/STM32H7xx_HAL_Driver/Src/stm32h7xx_hal_spi.o
                0x08010c78                HAL_SPI_IRQHandler
 .text.HAL_SPI_TxCpltCallback
                0x08011014       0x14 ./Drivers/STM32H7xx_HAL_Driver/Src/stm32h7xx_hal_spi.o
                0x08011014                HAL_SPI_TxCpltCallback
 .text.HAL_SPI_RxCpltCallback
                0x08011028       0x14 ./Drivers/STM32H7xx_HAL_Driver/Src/stm32h7xx_hal_spi.o
                0x08011028                HAL_SPI_RxCpltCallback
 .text.HAL_SPI_TxRxCpltCallback
                0x0801103c       0x14 ./Drivers/STM32H7xx_HAL_Driver/Src/stm32h7xx_hal_spi.o
                0x0801103c                HAL_SPI_TxRxCpltCallback
 .text.HAL_SPI_TxHalfCpltCallback
                0x08011050       0x14 ./Drivers/STM32H7xx_HAL_Driver/Src/stm32h7xx_hal_spi.o
                0x08011050                HAL_SPI_TxHalfCpltCallback
 .text.HAL_SPI_ErrorCallback
                0x08011064       0x14 ./Drivers/STM32H7xx_HAL_Driver/Src/stm32h7xx_hal_spi.o
                0x08011064                HAL_SPI_ErrorCallback
 .text.HAL_SPI_SuspendCallback
                0x08011078       0x14 ./Drivers/STM32H7xx_HAL_Driver/Src/stm32h7xx_hal_spi.o
                0x08011078                HAL_SPI_SuspendCallback
 .text.SPI_DMATransmitCplt
                0x0801108c       0x46 ./Drivers/STM32H7xx_HAL_Driver/Src/stm32h7xx_hal_spi.o
 .text.SPI_DMAHalfTransmitCplt
                0x080110d2       0x1c ./Drivers/STM32H7xx_HAL_Driver/Src/stm32h7xx_hal_spi.o
 .text.SPI_DMAError
                0x080110ee       0x46 ./Drivers/STM32H7xx_HAL_Driver/Src/stm32h7xx_hal_spi.o
 .text.SPI_DMAAbortOnError
                0x08011134       0x34 ./Drivers/STM32H7xx_HAL_Driver/Src/stm32h7xx_hal_spi.o
 .text.SPI_CloseTransfer
                0x08011168      0x140 ./Drivers/STM32H7xx_HAL_Driver/Src/stm32h7xx_hal_spi.o
 .text.SPI_WaitOnFlagUntilTimeout
                0x080112a8       0x5c ./Drivers/STM32H7xx_HAL_Driver/Src/stm32h7xx_hal_spi.o
 .text.SPI_GetPacketSize
                0x08011304       0x36 ./Drivers/STM32H7xx_HAL_Driver/Src/stm32h7xx_hal_spi.o
 .text.HAL_TIM_Base_Init
                0x0801133a       0xae ./Drivers/STM32H7xx_HAL_Driver/Src/stm32h7xx_hal_tim.o
                0x0801133a                HAL_TIM_Base_Init
 .text.HAL_TIM_Base_Start_IT
                0x080113e8       0xf0 ./Drivers/STM32H7xx_HAL_Driver/Src/stm32h7xx_hal_tim.o
                0x080113e8                HAL_TIM_Base_Start_IT
 .text.HAL_TIM_IRQHandler
                0x080114d8      0x20e ./Drivers/STM32H7xx_HAL_Driver/Src/stm32h7xx_hal_tim.o
                0x080114d8                HAL_TIM_IRQHandler
 *fill*         0x080116e6        0x2 
 .text.HAL_TIM_ConfigClockSource
                0x080116e8      0x1f0 ./Drivers/STM32H7xx_HAL_Driver/Src/stm32h7xx_hal_tim.o
                0x080116e8                HAL_TIM_ConfigClockSource
 .text.HAL_TIM_OC_DelayElapsedCallback
                0x080118d8       0x14 ./Drivers/STM32H7xx_HAL_Driver/Src/stm32h7xx_hal_tim.o
                0x080118d8                HAL_TIM_OC_DelayElapsedCallback
 .text.HAL_TIM_IC_CaptureCallback
                0x080118ec       0x14 ./Drivers/STM32H7xx_HAL_Driver/Src/stm32h7xx_hal_tim.o
                0x080118ec                HAL_TIM_IC_CaptureCallback
 .text.HAL_TIM_PWM_PulseFinishedCallback
                0x08011900       0x14 ./Drivers/STM32H7xx_HAL_Driver/Src/stm32h7xx_hal_tim.o
                0x08011900                HAL_TIM_PWM_PulseFinishedCallback
 .text.HAL_TIM_TriggerCallback
                0x08011914       0x14 ./Drivers/STM32H7xx_HAL_Driver/Src/stm32h7xx_hal_tim.o
                0x08011914                HAL_TIM_TriggerCallback
 .text.TIM_Base_SetConfig
                0x08011928      0x140 ./Drivers/STM32H7xx_HAL_Driver/Src/stm32h7xx_hal_tim.o
                0x08011928                TIM_Base_SetConfig
 .text.TIM_TI1_ConfigInputStage
                0x08011a68       0x5e ./Drivers/STM32H7xx_HAL_Driver/Src/stm32h7xx_hal_tim.o
 .text.TIM_TI2_ConfigInputStage
                0x08011ac6       0x60 ./Drivers/STM32H7xx_HAL_Driver/Src/stm32h7xx_hal_tim.o
 *fill*         0x08011b26        0x2 
 .text.TIM_ITRx_SetConfig
                0x08011b28       0x3c ./Drivers/STM32H7xx_HAL_Driver/Src/stm32h7xx_hal_tim.o
 .text.TIM_ETR_SetConfig
                0x08011b64       0x40 ./Drivers/STM32H7xx_HAL_Driver/Src/stm32h7xx_hal_tim.o
                0x08011b64                TIM_ETR_SetConfig
 .text.HAL_TIMEx_MasterConfigSynchronization
                0x08011ba4      0x11c ./Drivers/STM32H7xx_HAL_Driver/Src/stm32h7xx_hal_tim_ex.o
                0x08011ba4                HAL_TIMEx_MasterConfigSynchronization
 .text.HAL_TIMEx_CommutCallback
                0x08011cc0       0x14 ./Drivers/STM32H7xx_HAL_Driver/Src/stm32h7xx_hal_tim_ex.o
                0x08011cc0                HAL_TIMEx_CommutCallback
 .text.HAL_TIMEx_BreakCallback
                0x08011cd4       0x14 ./Drivers/STM32H7xx_HAL_Driver/Src/stm32h7xx_hal_tim_ex.o
                0x08011cd4                HAL_TIMEx_BreakCallback
 .text.HAL_TIMEx_Break2Callback
                0x08011ce8       0x14 ./Drivers/STM32H7xx_HAL_Driver/Src/stm32h7xx_hal_tim_ex.o
                0x08011ce8                HAL_TIMEx_Break2Callback
 .text.HAL_UART_Init
                0x08011cfc       0xa0 ./Drivers/STM32H7xx_HAL_Driver/Src/stm32h7xx_hal_uart.o
                0x08011cfc                HAL_UART_Init
 .text.HAL_UART_Receive_IT
                0x08011d9c       0x98 ./Drivers/STM32H7xx_HAL_Driver/Src/stm32h7xx_hal_uart.o
                0x08011d9c                HAL_UART_Receive_IT
 .text.HAL_UART_Transmit_DMA
                0x08011e34      0x100 ./Drivers/STM32H7xx_HAL_Driver/Src/stm32h7xx_hal_uart.o
                0x08011e34                HAL_UART_Transmit_DMA
 .text.HAL_UART_AbortReceive_IT
                0x08011f34      0x19c ./Drivers/STM32H7xx_HAL_Driver/Src/stm32h7xx_hal_uart.o
                0x08011f34                HAL_UART_AbortReceive_IT
 .text.HAL_UART_IRQHandler
                0x080120d0      0x7ac ./Drivers/STM32H7xx_HAL_Driver/Src/stm32h7xx_hal_uart.o
                0x080120d0                HAL_UART_IRQHandler
 .text.HAL_UART_TxHalfCpltCallback
                0x0801287c       0x14 ./Drivers/STM32H7xx_HAL_Driver/Src/stm32h7xx_hal_uart.o
                0x0801287c                HAL_UART_TxHalfCpltCallback
 .text.HAL_UART_AbortReceiveCpltCallback
                0x08012890       0x14 ./Drivers/STM32H7xx_HAL_Driver/Src/stm32h7xx_hal_uart.o
                0x08012890                HAL_UART_AbortReceiveCpltCallback
 .text.HAL_UARTEx_RxEventCallback
                0x080128a4       0x18 ./Drivers/STM32H7xx_HAL_Driver/Src/stm32h7xx_hal_uart.o
                0x080128a4                HAL_UARTEx_RxEventCallback
 .text.UART_SetConfig
                0x080128bc      0xad0 ./Drivers/STM32H7xx_HAL_Driver/Src/stm32h7xx_hal_uart.o
                0x080128bc                UART_SetConfig
 .text.UART_AdvFeatureConfig
                0x0801338c      0x144 ./Drivers/STM32H7xx_HAL_Driver/Src/stm32h7xx_hal_uart.o
                0x0801338c                UART_AdvFeatureConfig
 .text.UART_CheckIdleState
                0x080134d0      0x154 ./Drivers/STM32H7xx_HAL_Driver/Src/stm32h7xx_hal_uart.o
                0x080134d0                UART_CheckIdleState
 .text.UART_WaitOnFlagUntilTimeout
                0x08013624       0xda ./Drivers/STM32H7xx_HAL_Driver/Src/stm32h7xx_hal_uart.o
                0x08013624                UART_WaitOnFlagUntilTimeout
 *fill*         0x080136fe        0x2 
 .text.UART_Start_Receive_IT
                0x08013700      0x244 ./Drivers/STM32H7xx_HAL_Driver/Src/stm32h7xx_hal_uart.o
                0x08013700                UART_Start_Receive_IT
 .text.UART_EndTxTransfer
                0x08013944       0x82 ./Drivers/STM32H7xx_HAL_Driver/Src/stm32h7xx_hal_uart.o
 *fill*         0x080139c6        0x2 
 .text.UART_EndRxTransfer
                0x080139c8       0xcc ./Drivers/STM32H7xx_HAL_Driver/Src/stm32h7xx_hal_uart.o
 .text.UART_DMATransmitCplt
                0x08013a94       0x96 ./Drivers/STM32H7xx_HAL_Driver/Src/stm32h7xx_hal_uart.o
 .text.UART_DMATxHalfCplt
                0x08013b2a       0x1c ./Drivers/STM32H7xx_HAL_Driver/Src/stm32h7xx_hal_uart.o
 .text.UART_DMAError
                0x08013b46       0x80 ./Drivers/STM32H7xx_HAL_Driver/Src/stm32h7xx_hal_uart.o
 .text.UART_DMAAbortOnError
                0x08013bc6       0x24 ./Drivers/STM32H7xx_HAL_Driver/Src/stm32h7xx_hal_uart.o
 .text.UART_DMARxOnlyAbortCallback
                0x08013bea       0x4a ./Drivers/STM32H7xx_HAL_Driver/Src/stm32h7xx_hal_uart.o
 .text.UART_EndTransmit_IT
                0x08013c34       0x56 ./Drivers/STM32H7xx_HAL_Driver/Src/stm32h7xx_hal_uart.o
 *fill*         0x08013c8a        0x2 
 .text.UART_RxISR_8BIT
                0x08013c8c      0x1b8 ./Drivers/STM32H7xx_HAL_Driver/Src/stm32h7xx_hal_uart.o
 .text.UART_RxISR_16BIT
                0x08013e44      0x1b8 ./Drivers/STM32H7xx_HAL_Driver/Src/stm32h7xx_hal_uart.o
 .text.UART_RxISR_8BIT_FIFOEN
                0x08013ffc      0x364 ./Drivers/STM32H7xx_HAL_Driver/Src/stm32h7xx_hal_uart.o
 .text.UART_RxISR_16BIT_FIFOEN
                0x08014360      0x36c ./Drivers/STM32H7xx_HAL_Driver/Src/stm32h7xx_hal_uart.o
 .text.HAL_UARTEx_WakeupCallback
                0x080146cc       0x14 ./Drivers/STM32H7xx_HAL_Driver/Src/stm32h7xx_hal_uart_ex.o
                0x080146cc                HAL_UARTEx_WakeupCallback
 .text.HAL_UARTEx_RxFifoFullCallback
                0x080146e0       0x14 ./Drivers/STM32H7xx_HAL_Driver/Src/stm32h7xx_hal_uart_ex.o
                0x080146e0                HAL_UARTEx_RxFifoFullCallback
 .text.HAL_UARTEx_TxFifoEmptyCallback
                0x080146f4       0x14 ./Drivers/STM32H7xx_HAL_Driver/Src/stm32h7xx_hal_uart_ex.o
                0x080146f4                HAL_UARTEx_TxFifoEmptyCallback
 .text.USB_CoreInit
                0x08014708       0xe4 ./Drivers/STM32H7xx_HAL_Driver/Src/stm32h7xx_ll_usb.o
                0x08014708                USB_CoreInit
 .text.USB_SetTurnaroundTime
                0x080147ec      0x144 ./Drivers/STM32H7xx_HAL_Driver/Src/stm32h7xx_ll_usb.o
                0x080147ec                USB_SetTurnaroundTime
 .text.USB_EnableGlobalInt
                0x08014930       0x22 ./Drivers/STM32H7xx_HAL_Driver/Src/stm32h7xx_ll_usb.o
                0x08014930                USB_EnableGlobalInt
 .text.USB_DisableGlobalInt
                0x08014952       0x22 ./Drivers/STM32H7xx_HAL_Driver/Src/stm32h7xx_ll_usb.o
                0x08014952                USB_DisableGlobalInt
 .text.USB_SetCurrentMode
                0x08014974       0x98 ./Drivers/STM32H7xx_HAL_Driver/Src/stm32h7xx_ll_usb.o
                0x08014974                USB_SetCurrentMode
 .text.USB_DevInit
                0x08014a0c      0x2bc ./Drivers/STM32H7xx_HAL_Driver/Src/stm32h7xx_ll_usb.o
                0x08014a0c                USB_DevInit
 .text.USB_FlushTxFifo
                0x08014cc8       0x64 ./Drivers/STM32H7xx_HAL_Driver/Src/stm32h7xx_ll_usb.o
                0x08014cc8                USB_FlushTxFifo
 .text.USB_FlushRxFifo
                0x08014d2c       0x5c ./Drivers/STM32H7xx_HAL_Driver/Src/stm32h7xx_ll_usb.o
                0x08014d2c                USB_FlushRxFifo
 .text.USB_SetDevSpeed
                0x08014d88       0x32 ./Drivers/STM32H7xx_HAL_Driver/Src/stm32h7xx_ll_usb.o
                0x08014d88                USB_SetDevSpeed
 .text.USB_GetDevSpeed
                0x08014dba       0x4a ./Drivers/STM32H7xx_HAL_Driver/Src/stm32h7xx_ll_usb.o
                0x08014dba                USB_GetDevSpeed
 .text.USB_ActivateEndpoint
                0x08014e04      0x110 ./Drivers/STM32H7xx_HAL_Driver/Src/stm32h7xx_ll_usb.o
                0x08014e04                USB_ActivateEndpoint
 .text.USB_DeactivateEndpoint
                0x08014f14      0x1b8 ./Drivers/STM32H7xx_HAL_Driver/Src/stm32h7xx_ll_usb.o
                0x08014f14                USB_DeactivateEndpoint
 .text.USB_EPStartXfer
                0x080150cc      0x548 ./Drivers/STM32H7xx_HAL_Driver/Src/stm32h7xx_ll_usb.o
                0x080150cc                USB_EPStartXfer
 .text.USB_EPStopXfer
                0x08015614      0x154 ./Drivers/STM32H7xx_HAL_Driver/Src/stm32h7xx_ll_usb.o
                0x08015614                USB_EPStopXfer
 .text.USB_WritePacket
                0x08015768       0x7c ./Drivers/STM32H7xx_HAL_Driver/Src/stm32h7xx_ll_usb.o
                0x08015768                USB_WritePacket
 .text.USB_ReadPacket
                0x080157e4       0xb0 ./Drivers/STM32H7xx_HAL_Driver/Src/stm32h7xx_ll_usb.o
                0x080157e4                USB_ReadPacket
 .text.USB_EPSetStall
                0x08015894       0xdc ./Drivers/STM32H7xx_HAL_Driver/Src/stm32h7xx_ll_usb.o
                0x08015894                USB_EPSetStall
 .text.USB_EPClearStall
                0x08015970       0xcc ./Drivers/STM32H7xx_HAL_Driver/Src/stm32h7xx_ll_usb.o
                0x08015970                USB_EPClearStall
 .text.USB_SetDevAddress
                0x08015a3c       0x4c ./Drivers/STM32H7xx_HAL_Driver/Src/stm32h7xx_ll_usb.o
                0x08015a3c                USB_SetDevAddress
 .text.USB_DevConnect
                0x08015a88       0x42 ./Drivers/STM32H7xx_HAL_Driver/Src/stm32h7xx_ll_usb.o
                0x08015a88                USB_DevConnect
 .text.USB_DevDisconnect
                0x08015aca       0x42 ./Drivers/STM32H7xx_HAL_Driver/Src/stm32h7xx_ll_usb.o
                0x08015aca                USB_DevDisconnect
 .text.USB_ReadInterrupts
                0x08015b0c       0x26 ./Drivers/STM32H7xx_HAL_Driver/Src/stm32h7xx_ll_usb.o
                0x08015b0c                USB_ReadInterrupts
 .text.USB_ReadDevAllOutEpInterrupt
                0x08015b32       0x34 ./Drivers/STM32H7xx_HAL_Driver/Src/stm32h7xx_ll_usb.o
                0x08015b32                USB_ReadDevAllOutEpInterrupt
 .text.USB_ReadDevAllInEpInterrupt
                0x08015b66       0x34 ./Drivers/STM32H7xx_HAL_Driver/Src/stm32h7xx_ll_usb.o
                0x08015b66                USB_ReadDevAllInEpInterrupt
 .text.USB_ReadDevOutEPInterrupt
                0x08015b9a       0x3c ./Drivers/STM32H7xx_HAL_Driver/Src/stm32h7xx_ll_usb.o
                0x08015b9a                USB_ReadDevOutEPInterrupt
 .text.USB_ReadDevInEPInterrupt
                0x08015bd6       0x5c ./Drivers/STM32H7xx_HAL_Driver/Src/stm32h7xx_ll_usb.o
                0x08015bd6                USB_ReadDevInEPInterrupt
 .text.USB_GetMode
                0x08015c32       0x1c ./Drivers/STM32H7xx_HAL_Driver/Src/stm32h7xx_ll_usb.o
                0x08015c32                USB_GetMode
 *fill*         0x08015c4e        0x2 
 .text.USB_ActivateSetup
                0x08015c50       0x48 ./Drivers/STM32H7xx_HAL_Driver/Src/stm32h7xx_ll_usb.o
                0x08015c50                USB_ActivateSetup
 .text.USB_EP0_OutStart
                0x08015c98       0xbc ./Drivers/STM32H7xx_HAL_Driver/Src/stm32h7xx_ll_usb.o
                0x08015c98                USB_EP0_OutStart
 .text.USB_CoreReset
                0x08015d54       0x62 ./Drivers/STM32H7xx_HAL_Driver/Src/stm32h7xx_ll_usb.o
 *fill*         0x08015db6        0x2 
 .text.USBD_CDC_Init
                0x08015db8      0x1f0 ./Middlewares/ST/STM32_USB_Device_Library/Class/CDC/Src/usbd_cdc.o
 .text.USBD_CDC_DeInit
                0x08015fa8      0x104 ./Middlewares/ST/STM32_USB_Device_Library/Class/CDC/Src/usbd_cdc.o
 .text.USBD_CDC_Setup
                0x080160ac      0x1b8 ./Middlewares/ST/STM32_USB_Device_Library/Class/CDC/Src/usbd_cdc.o
 .text.USBD_CDC_DataIn
                0x08016264       0xfe ./Middlewares/ST/STM32_USB_Device_Library/Class/CDC/Src/usbd_cdc.o
 .text.USBD_CDC_DataOut
                0x08016362       0x70 ./Middlewares/ST/STM32_USB_Device_Library/Class/CDC/Src/usbd_cdc.o
 .text.USBD_CDC_EP0_RxReady
                0x080163d2       0x74 ./Middlewares/ST/STM32_USB_Device_Library/Class/CDC/Src/usbd_cdc.o
 *fill*         0x08016446        0x2 
 .text.USBD_CDC_GetFSCfgDesc
                0x08016448       0x70 ./Middlewares/ST/STM32_USB_Device_Library/Class/CDC/Src/usbd_cdc.o
 .text.USBD_CDC_GetHSCfgDesc
                0x080164b8       0x70 ./Middlewares/ST/STM32_USB_Device_Library/Class/CDC/Src/usbd_cdc.o
 .text.USBD_CDC_GetOtherSpeedCfgDesc
                0x08016528       0x70 ./Middlewares/ST/STM32_USB_Device_Library/Class/CDC/Src/usbd_cdc.o
 .text.USBD_CDC_GetDeviceQualifierDescriptor
                0x08016598       0x20 ./Middlewares/ST/STM32_USB_Device_Library/Class/CDC/Src/usbd_cdc.o
                0x08016598                USBD_CDC_GetDeviceQualifierDescriptor
 .text.USBD_CDC_RegisterInterface
                0x080165b8       0x34 ./Middlewares/ST/STM32_USB_Device_Library/Class/CDC/Src/usbd_cdc.o
                0x080165b8                USBD_CDC_RegisterInterface
 .text.USBD_CDC_SetTxBuffer
                0x080165ec       0x44 ./Middlewares/ST/STM32_USB_Device_Library/Class/CDC/Src/usbd_cdc.o
                0x080165ec                USBD_CDC_SetTxBuffer
 .text.USBD_CDC_SetRxBuffer
                0x08016630       0x3a ./Middlewares/ST/STM32_USB_Device_Library/Class/CDC/Src/usbd_cdc.o
                0x08016630                USBD_CDC_SetRxBuffer
 *fill*         0x0801666a        0x2 
 .text.USBD_CDC_TransmitPacket
                0x0801666c       0x80 ./Middlewares/ST/STM32_USB_Device_Library/Class/CDC/Src/usbd_cdc.o
                0x0801666c                USBD_CDC_TransmitPacket
 .text.USBD_CDC_ReceivePacket
                0x080166ec       0x6c ./Middlewares/ST/STM32_USB_Device_Library/Class/CDC/Src/usbd_cdc.o
                0x080166ec                USBD_CDC_ReceivePacket
 .text.USBD_Init
                0x08016758       0x60 ./Middlewares/ST/STM32_USB_Device_Library/Core/Src/usbd_core.o
                0x08016758                USBD_Init
 .text.USBD_RegisterClass
                0x080167b8       0x6c ./Middlewares/ST/STM32_USB_Device_Library/Core/Src/usbd_core.o
                0x080167b8                USBD_RegisterClass
 .text.USBD_Start
                0x08016824       0x18 ./Middlewares/ST/STM32_USB_Device_Library/Core/Src/usbd_core.o
                0x08016824                USBD_Start
 .text.USBD_RunTestMode
                0x0801683c       0x16 ./Middlewares/ST/STM32_USB_Device_Library/Core/Src/usbd_core.o
                0x0801683c                USBD_RunTestMode
 .text.USBD_SetClassConfig
                0x08016852       0x38 ./Middlewares/ST/STM32_USB_Device_Library/Core/Src/usbd_core.o
                0x08016852                USBD_SetClassConfig
 .text.USBD_ClrClassConfig
                0x0801688a       0x34 ./Middlewares/ST/STM32_USB_Device_Library/Core/Src/usbd_core.o
                0x0801688a                USBD_ClrClassConfig
 .text.USBD_LL_SetupStage
                0x080168be       0xaa ./Middlewares/ST/STM32_USB_Device_Library/Core/Src/usbd_core.o
                0x080168be                USBD_LL_SetupStage
 .text.USBD_LL_DataOutStage
                0x08016968      0x166 ./Middlewares/ST/STM32_USB_Device_Library/Core/Src/usbd_core.o
                0x08016968                USBD_LL_DataOutStage
 .text.USBD_LL_DataInStage
                0x08016ace      0x164 ./Middlewares/ST/STM32_USB_Device_Library/Core/Src/usbd_core.o
                0x08016ace                USBD_LL_DataInStage
 .text.USBD_LL_Reset
                0x08016c32       0xa4 ./Middlewares/ST/STM32_USB_Device_Library/Core/Src/usbd_core.o
                0x08016c32                USBD_LL_Reset
 .text.USBD_LL_SetSpeed
                0x08016cd6       0x20 ./Middlewares/ST/STM32_USB_Device_Library/Core/Src/usbd_core.o
                0x08016cd6                USBD_LL_SetSpeed
 .text.USBD_LL_Suspend
                0x08016cf6       0x38 ./Middlewares/ST/STM32_USB_Device_Library/Core/Src/usbd_core.o
                0x08016cf6                USBD_LL_Suspend
 .text.USBD_LL_Resume
                0x08016d2e       0x30 ./Middlewares/ST/STM32_USB_Device_Library/Core/Src/usbd_core.o
                0x08016d2e                USBD_LL_Resume
 .text.USBD_LL_SOF
                0x08016d5e       0x40 ./Middlewares/ST/STM32_USB_Device_Library/Core/Src/usbd_core.o
                0x08016d5e                USBD_LL_SOF
 .text.USBD_LL_IsoINIncomplete
                0x08016d9e       0x64 ./Middlewares/ST/STM32_USB_Device_Library/Core/Src/usbd_core.o
                0x08016d9e                USBD_LL_IsoINIncomplete
 .text.USBD_LL_IsoOUTIncomplete
                0x08016e02       0x64 ./Middlewares/ST/STM32_USB_Device_Library/Core/Src/usbd_core.o
                0x08016e02                USBD_LL_IsoOUTIncomplete
 .text.USBD_LL_DevConnected
                0x08016e66       0x16 ./Middlewares/ST/STM32_USB_Device_Library/Core/Src/usbd_core.o
                0x08016e66                USBD_LL_DevConnected
 .text.USBD_LL_DevDisconnected
                0x08016e7c       0x46 ./Middlewares/ST/STM32_USB_Device_Library/Core/Src/usbd_core.o
                0x08016e7c                USBD_LL_DevDisconnected
 .text.USBD_CoreFindIF
                0x08016ec2       0x1a ./Middlewares/ST/STM32_USB_Device_Library/Core/Src/usbd_core.o
                0x08016ec2                USBD_CoreFindIF
 .text.USBD_CoreFindEP
                0x08016edc       0x1a ./Middlewares/ST/STM32_USB_Device_Library/Core/Src/usbd_core.o
                0x08016edc                USBD_CoreFindEP
 .text.USBD_GetEpDesc
                0x08016ef6       0x70 ./Middlewares/ST/STM32_USB_Device_Library/Core/Src/usbd_core.o
                0x08016ef6                USBD_GetEpDesc
 .text.USBD_GetNextDesc
                0x08016f66       0x38 ./Middlewares/ST/STM32_USB_Device_Library/Core/Src/usbd_core.o
                0x08016f66                USBD_GetNextDesc
 .text.SWAPBYTE
                0x08016f9e       0x3e ./Middlewares/ST/STM32_USB_Device_Library/Core/Src/usbd_ctlreq.o
 .text.USBD_StdDevReq
                0x08016fdc       0xe4 ./Middlewares/ST/STM32_USB_Device_Library/Core/Src/usbd_ctlreq.o
                0x08016fdc                USBD_StdDevReq
 .text.USBD_StdItfReq
                0x080170c0       0xd8 ./Middlewares/ST/STM32_USB_Device_Library/Core/Src/usbd_ctlreq.o
                0x080170c0                USBD_StdItfReq
 .text.USBD_StdEPReq
                0x08017198      0x33a ./Middlewares/ST/STM32_USB_Device_Library/Core/Src/usbd_ctlreq.o
                0x08017198                USBD_StdEPReq
 *fill*         0x080174d2        0x2 
 .text.USBD_GetDescriptor
                0x080174d4      0x328 ./Middlewares/ST/STM32_USB_Device_Library/Core/Src/usbd_ctlreq.o
 .text.USBD_SetAddress
                0x080177fc       0x88 ./Middlewares/ST/STM32_USB_Device_Library/Core/Src/usbd_ctlreq.o
 .text.USBD_SetConfig
                0x08017884      0x154 ./Middlewares/ST/STM32_USB_Device_Library/Core/Src/usbd_ctlreq.o
 .text.USBD_GetConfig
                0x080179d8       0x6c ./Middlewares/ST/STM32_USB_Device_Library/Core/Src/usbd_ctlreq.o
 .text.USBD_GetStatus
                0x08017a44       0x68 ./Middlewares/ST/STM32_USB_Device_Library/Core/Src/usbd_ctlreq.o
 .text.USBD_SetFeature
                0x08017aac       0x52 ./Middlewares/ST/STM32_USB_Device_Library/Core/Src/usbd_ctlreq.o
 .text.USBD_ClrFeature
                0x08017afe       0x44 ./Middlewares/ST/STM32_USB_Device_Library/Core/Src/usbd_ctlreq.o
 .text.USBD_ParseSetupRequest
                0x08017b42       0x74 ./Middlewares/ST/STM32_USB_Device_Library/Core/Src/usbd_ctlreq.o
                0x08017b42                USBD_ParseSetupRequest
 .text.USBD_CtlError
                0x08017bb6       0x22 ./Middlewares/ST/STM32_USB_Device_Library/Core/Src/usbd_ctlreq.o
                0x08017bb6                USBD_CtlError
 .text.USBD_GetString
                0x08017bd8       0xa4 ./Middlewares/ST/STM32_USB_Device_Library/Core/Src/usbd_ctlreq.o
                0x08017bd8                USBD_GetString
 .text.USBD_GetLen
                0x08017c7c       0x34 ./Middlewares/ST/STM32_USB_Device_Library/Core/Src/usbd_ctlreq.o
 .text.USBD_CtlSendData
                0x08017cb0       0x36 ./Middlewares/ST/STM32_USB_Device_Library/Core/Src/usbd_ioreq.o
                0x08017cb0                USBD_CtlSendData
 .text.USBD_CtlContinueSendData
                0x08017ce6       0x22 ./Middlewares/ST/STM32_USB_Device_Library/Core/Src/usbd_ioreq.o
                0x08017ce6                USBD_CtlContinueSendData
 .text.USBD_CtlPrepareRx
                0x08017d08       0x3a ./Middlewares/ST/STM32_USB_Device_Library/Core/Src/usbd_ioreq.o
                0x08017d08                USBD_CtlPrepareRx
 .text.USBD_CtlContinueRx
                0x08017d42       0x22 ./Middlewares/ST/STM32_USB_Device_Library/Core/Src/usbd_ioreq.o
                0x08017d42                USBD_CtlContinueRx
 .text.USBD_CtlSendStatus
                0x08017d64       0x26 ./Middlewares/ST/STM32_USB_Device_Library/Core/Src/usbd_ioreq.o
                0x08017d64                USBD_CtlSendStatus
 .text.USBD_CtlReceiveStatus
                0x08017d8a       0x26 ./Middlewares/ST/STM32_USB_Device_Library/Core/Src/usbd_ioreq.o
                0x08017d8a                USBD_CtlReceiveStatus
 .text.MX_USB_DEVICE_Init
                0x08017db0       0x64 ./USB_DEVICE/App/usb_device.o
                0x08017db0                MX_USB_DEVICE_Init
 .text.CDC_Init_FS
                0x08017e14       0x28 ./USB_DEVICE/App/usbd_cdc_if.o
 .text.CDC_DeInit_FS
                0x08017e3c       0x10 ./USB_DEVICE/App/usbd_cdc_if.o
 .text.CDC_Control_FS
                0x08017e4c       0xbc ./USB_DEVICE/App/usbd_cdc_if.o
 .text.CDC_Receive_FS
                0x08017f08       0x28 ./USB_DEVICE/App/usbd_cdc_if.o
 .text.CDC_Transmit_FS
                0x08017f30       0x4c ./USB_DEVICE/App/usbd_cdc_if.o
                0x08017f30                CDC_Transmit_FS
 .text.CDC_TransmitCplt_FS
                0x08017f7c       0x22 ./USB_DEVICE/App/usbd_cdc_if.o
 *fill*         0x08017f9e        0x2 
 .text.USBD_FS_DeviceDescriptor
                0x08017fa0       0x24 ./USB_DEVICE/App/usbd_desc.o
                0x08017fa0                USBD_FS_DeviceDescriptor
 .text.USBD_FS_LangIDStrDescriptor
                0x08017fc4       0x24 ./USB_DEVICE/App/usbd_desc.o
                0x08017fc4                USBD_FS_LangIDStrDescriptor
 .text.USBD_FS_ProductStrDescriptor
                0x08017fe8       0x3c ./USB_DEVICE/App/usbd_desc.o
                0x08017fe8                USBD_FS_ProductStrDescriptor
 .text.USBD_FS_ManufacturerStrDescriptor
                0x08018024       0x28 ./USB_DEVICE/App/usbd_desc.o
                0x08018024                USBD_FS_ManufacturerStrDescriptor
 .text.USBD_FS_SerialStrDescriptor
                0x0801804c       0x24 ./USB_DEVICE/App/usbd_desc.o
                0x0801804c                USBD_FS_SerialStrDescriptor
 .text.USBD_FS_ConfigStrDescriptor
                0x08018070       0x3c ./USB_DEVICE/App/usbd_desc.o
                0x08018070                USBD_FS_ConfigStrDescriptor
 .text.USBD_FS_InterfaceStrDescriptor
                0x080180ac       0x3c ./USB_DEVICE/App/usbd_desc.o
                0x080180ac                USBD_FS_InterfaceStrDescriptor
 .text.Get_SerialNum
                0x080180e8       0x58 ./USB_DEVICE/App/usbd_desc.o
 .text.IntToUnicode
                0x08018140       0x7e ./USB_DEVICE/App/usbd_desc.o
 *fill*         0x080181be        0x2 
 .text.HAL_PCD_MspInit
                0x080181c0      0x108 ./USB_DEVICE/Target/usbd_conf.o
                0x080181c0                HAL_PCD_MspInit
 .text.HAL_PCD_SetupStageCallback
                0x080182c8       0x24 ./USB_DEVICE/Target/usbd_conf.o
                0x080182c8                HAL_PCD_SetupStageCallback
 .text.HAL_PCD_DataOutStageCallback
                0x080182ec       0x36 ./USB_DEVICE/Target/usbd_conf.o
                0x080182ec                HAL_PCD_DataOutStageCallback
 .text.HAL_PCD_DataInStageCallback
                0x08018322       0x34 ./USB_DEVICE/Target/usbd_conf.o
                0x08018322                HAL_PCD_DataInStageCallback
 .text.HAL_PCD_SOFCallback
                0x08018356       0x1c ./USB_DEVICE/Target/usbd_conf.o
                0x08018356                HAL_PCD_SOFCallback
 .text.HAL_PCD_ResetCallback
                0x08018372       0x50 ./USB_DEVICE/Target/usbd_conf.o
                0x08018372                HAL_PCD_ResetCallback
 *fill*         0x080183c2        0x2 
 .text.HAL_PCD_SuspendCallback
                0x080183c4       0x4c ./USB_DEVICE/Target/usbd_conf.o
                0x080183c4                HAL_PCD_SuspendCallback
 .text.HAL_PCD_ResumeCallback
                0x08018410       0x1c ./USB_DEVICE/Target/usbd_conf.o
                0x08018410                HAL_PCD_ResumeCallback
 .text.HAL_PCD_ISOOUTIncompleteCallback
                0x0801842c       0x24 ./USB_DEVICE/Target/usbd_conf.o
                0x0801842c                HAL_PCD_ISOOUTIncompleteCallback
 .text.HAL_PCD_ISOINIncompleteCallback
                0x08018450       0x24 ./USB_DEVICE/Target/usbd_conf.o
                0x08018450                HAL_PCD_ISOINIncompleteCallback
 .text.HAL_PCD_ConnectCallback
                0x08018474       0x1c ./USB_DEVICE/Target/usbd_conf.o
                0x08018474                HAL_PCD_ConnectCallback
 .text.HAL_PCD_DisconnectCallback
                0x08018490       0x1c ./USB_DEVICE/Target/usbd_conf.o
                0x08018490                HAL_PCD_DisconnectCallback
 .text.USBD_LL_Init
                0x080184ac       0xa0 ./USB_DEVICE/Target/usbd_conf.o
                0x080184ac                USBD_LL_Init
 .text.USBD_LL_Start
                0x0801854c       0x36 ./USB_DEVICE/Target/usbd_conf.o
                0x0801854c                USBD_LL_Start
 .text.USBD_LL_OpenEP
                0x08018582       0x4c ./USB_DEVICE/Target/usbd_conf.o
                0x08018582                USBD_LL_OpenEP
 .text.USBD_LL_CloseEP
                0x080185ce       0x3e ./USB_DEVICE/Target/usbd_conf.o
                0x080185ce                USBD_LL_CloseEP
 .text.USBD_LL_StallEP
                0x0801860c       0x3e ./USB_DEVICE/Target/usbd_conf.o
                0x0801860c                USBD_LL_StallEP
 .text.USBD_LL_ClearStallEP
                0x0801864a       0x3e ./USB_DEVICE/Target/usbd_conf.o
                0x0801864a                USBD_LL_ClearStallEP
 .text.USBD_LL_IsStallEP
                0x08018688       0x58 ./USB_DEVICE/Target/usbd_conf.o
                0x08018688                USBD_LL_IsStallEP
 .text.USBD_LL_SetUSBAddress
                0x080186e0       0x3e ./USB_DEVICE/Target/usbd_conf.o
                0x080186e0                USBD_LL_SetUSBAddress
 .text.USBD_LL_Transmit
                0x0801871e       0x42 ./USB_DEVICE/Target/usbd_conf.o
                0x0801871e                USBD_LL_Transmit
 .text.USBD_LL_PrepareReceive
                0x08018760       0x42 ./USB_DEVICE/Target/usbd_conf.o
                0x08018760                USBD_LL_PrepareReceive
 .text.USBD_LL_GetRxDataSize
                0x080187a2       0x26 ./USB_DEVICE/Target/usbd_conf.o
                0x080187a2                USBD_LL_GetRxDataSize
 .text.USBD_static_malloc
                0x080187c8       0x1c ./USB_DEVICE/Target/usbd_conf.o
                0x080187c8                USBD_static_malloc
 .text.USBD_static_free
                0x080187e4       0x14 ./USB_DEVICE/Target/usbd_conf.o
                0x080187e4                USBD_static_free
 .text.USBD_Get_USB_Status
                0x080187f8       0x58 ./USB_DEVICE/Target/usbd_conf.o
                0x080187f8                USBD_Get_USB_Status
 .text.snprintf
                0x08018850       0x6c C:/ST/STM32CubeIDE_2.0.0/STM32CubeIDE/plugins/com.st.stm32cube.ide.mcu.externaltools.gnu-tools-for-stm32.13.3.rel1.win32_1.0.100.202509120712/tools/bin/../lib/gcc/arm-none-eabi/13.3.1/../../../../arm-none-eabi/lib/thumb/v7e-m+dp/hard\libc_nano.a(libc_a-snprintf.o)
                0x08018850                sniprintf
                0x08018850                snprintf
 .text.sprintf  0x080188bc       0x44 C:/ST/STM32CubeIDE_2.0.0/STM32CubeIDE/plugins/com.st.stm32cube.ide.mcu.externaltools.gnu-tools-for-stm32.13.3.rel1.win32_1.0.100.202509120712/tools/bin/../lib/gcc/arm-none-eabi/13.3.1/../../../../arm-none-eabi/lib/thumb/v7e-m+dp/hard\libc_nano.a(libc_a-sprintf.o)
                0x080188bc                siprintf
                0x080188bc                sprintf
 .text.memset   0x08018900       0x10 C:/ST/STM32CubeIDE_2.0.0/STM32CubeIDE/plugins/com.st.stm32cube.ide.mcu.externaltools.gnu-tools-for-stm32.13.3.rel1.win32_1.0.100.202509120712/tools/bin/../lib/gcc/arm-none-eabi/13.3.1/../../../../arm-none-eabi/lib/thumb/v7e-m+dp/hard\libc_nano.a(libc_a-memset.o)
                0x08018900                memset
 .text.strncpy  0x08018910       0x26 C:/ST/STM32CubeIDE_2.0.0/STM32CubeIDE/plugins/com.st.stm32cube.ide.mcu.externaltools.gnu-tools-for-stm32.13.3.rel1.win32_1.0.100.202509120712/tools/bin/../lib/gcc/arm-none-eabi/13.3.1/../../../../arm-none-eabi/lib/thumb/v7e-m+dp/hard\libc_nano.a(libc_a-strncpy.o)
                0x08018910                strncpy
 *fill*         0x08018936        0x2 
 .text.__errno  0x08018938        0xc C:/ST/STM32CubeIDE_2.0.0/STM32CubeIDE/plugins/com.st.stm32cube.ide.mcu.externaltools.gnu-tools-for-stm32.13.3.rel1.win32_1.0.100.202509120712/tools/bin/../lib/gcc/arm-none-eabi/13.3.1/../../../../arm-none-eabi/lib/thumb/v7e-m+dp/hard\libc_nano.a(libc_a-errno.o)
                0x08018938                __errno
 .text.__libc_init_array
                0x08018944       0x48 C:/ST/STM32CubeIDE_2.0.0/STM32CubeIDE/plugins/com.st.stm32cube.ide.mcu.externaltools.gnu-tools-for-stm32.13.3.rel1.win32_1.0.100.202509120712/tools/bin/../lib/gcc/arm-none-eabi/13.3.1/../../../../arm-none-eabi/lib/thumb/v7e-m+dp/hard\libc_nano.a(libc_a-init.o)
                0x08018944                __libc_init_array
 .text.__retarget_lock_acquire_recursive
                0x0801898c        0x2 C:/ST/STM32CubeIDE_2.0.0/STM32CubeIDE/plugins/com.st.stm32cube.ide.mcu.externaltools.gnu-tools-for-stm32.13.3.rel1.win32_1.0.100.202509120712/tools/bin/../lib/gcc/arm-none-eabi/13.3.1/../../../../arm-none-eabi/lib/thumb/v7e-m+dp/hard\libc_nano.a(libc_a-lock.o)
                0x0801898c                __retarget_lock_acquire_recursive
 .text.__retarget_lock_release_recursive
                0x0801898e        0x2 C:/ST/STM32CubeIDE_2.0.0/STM32CubeIDE/plugins/com.st.stm32cube.ide.mcu.externaltools.gnu-tools-for-stm32.13.3.rel1.win32_1.0.100.202509120712/tools/bin/../lib/gcc/arm-none-eabi/13.3.1/../../../../arm-none-eabi/lib/thumb/v7e-m+dp/hard\libc_nano.a(libc_a-lock.o)
                0x0801898e                __retarget_lock_release_recursive
 .text.memcpy   0x08018990       0x1c C:/ST/STM32CubeIDE_2.0.0/STM32CubeIDE/plugins/com.st.stm32cube.ide.mcu.externaltools.gnu-tools-for-stm32.13.3.rel1.win32_1.0.100.202509120712/tools/bin/../lib/gcc/arm-none-eabi/13.3.1/../../../../arm-none-eabi/lib/thumb/v7e-m+dp/hard\libc_nano.a(libc_a-memcpy-stub.o)
                0x08018990                memcpy
 .text._free_r  0x080189ac       0x94 C:/ST/STM32CubeIDE_2.0.0/STM32CubeIDE/plugins/com.st.stm32cube.ide.mcu.externaltools.gnu-tools-for-stm32.13.3.rel1.win32_1.0.100.202509120712/tools/bin/../lib/gcc/arm-none-eabi/13.3.1/../../../../arm-none-eabi/lib/thumb/v7e-m+dp/hard\libc_nano.a(libc_a-freer.o)
                0x080189ac                _free_r
 .text.sbrk_aligned
                0x08018a40       0x44 C:/ST/STM32CubeIDE_2.0.0/STM32CubeIDE/plugins/com.st.stm32cube.ide.mcu.externaltools.gnu-tools-for-stm32.13.3.rel1.win32_1.0.100.202509120712/tools/bin/../lib/gcc/arm-none-eabi/13.3.1/../../../../arm-none-eabi/lib/thumb/v7e-m+dp/hard\libc_nano.a(libc_a-mallocr.o)
 .text._malloc_r
                0x08018a84      0x100 C:/ST/STM32CubeIDE_2.0.0/STM32CubeIDE/plugins/com.st.stm32cube.ide.mcu.externaltools.gnu-tools-for-stm32.13.3.rel1.win32_1.0.100.202509120712/tools/bin/../lib/gcc/arm-none-eabi/13.3.1/../../../../arm-none-eabi/lib/thumb/v7e-m+dp/hard\libc_nano.a(libc_a-mallocr.o)
                0x08018a84                _malloc_r
 .text.__malloc_lock
                0x08018b84        0xc C:/ST/STM32CubeIDE_2.0.0/STM32CubeIDE/plugins/com.st.stm32cube.ide.mcu.externaltools.gnu-tools-for-stm32.13.3.rel1.win32_1.0.100.202509120712/tools/bin/../lib/gcc/arm-none-eabi/13.3.1/../../../../arm-none-eabi/lib/thumb/v7e-m+dp/hard\libc_nano.a(libc_a-mlock.o)
                0x08018b84                __malloc_lock
 .text.__malloc_unlock
                0x08018b90        0xc C:/ST/STM32CubeIDE_2.0.0/STM32CubeIDE/plugins/com.st.stm32cube.ide.mcu.externaltools.gnu-tools-for-stm32.13.3.rel1.win32_1.0.100.202509120712/tools/bin/../lib/gcc/arm-none-eabi/13.3.1/../../../../arm-none-eabi/lib/thumb/v7e-m+dp/hard\libc_nano.a(libc_a-mlock.o)
                0x08018b90                __malloc_unlock
 .text.__ssputs_r
                0x08018b9c       0xb6 C:/ST/STM32CubeIDE_2.0.0/STM32CubeIDE/plugins/com.st.stm32cube.ide.mcu.externaltools.gnu-tools-for-stm32.13.3.rel1.win32_1.0.100.202509120712/tools/bin/../lib/gcc/arm-none-eabi/13.3.1/../../../../arm-none-eabi/lib/thumb/v7e-m+dp/hard\libc_nano.a(libc_a-nano-svfprintf.o)
                0x08018b9c                __ssputs_r
 *fill*         0x08018c52        0x2 
 .text._svfprintf_r
                0x08018c54      0x1f8 C:/ST/STM32CubeIDE_2.0.0/STM32CubeIDE/plugins/com.st.stm32cube.ide.mcu.externaltools.gnu-tools-for-stm32.13.3.rel1.win32_1.0.100.202509120712/tools/bin/../lib/gcc/arm-none-eabi/13.3.1/../../../../arm-none-eabi/lib/thumb/v7e-m+dp/hard\libc_nano.a(libc_a-nano-svfprintf.o)
                0x08018c54                _svfiprintf_r
                0x08018c54                _svfprintf_r
 .text._printf_common