Archive member included to satisfy reference by file (symbol)

C:/ST/STM32CubeIDE_2.0.0/STM32CubeIDE/plugins/com.st.stm32cube.ide.mcu.externaltools.gnu-tools-for-stm32.13.3.rel1.win32_1.0.100.202509120712/tools/bin/../lib/gcc/arm-none-eabi/13.3.1/../../../../arm-none-eabi/lib/thumb/v7e-m+dp/hard\libc_nano.a(libc_a-exit.o)
                              C:/ST/STM32CubeIDE_2.0.0/STM32CubeIDE/plugins/com.st.stm32cube.ide.mcu.externaltools.gnu-tools-for-stm32.13.3.rel1.win32_1.0.100.202509120712/tools/bin/../lib/gcc/arm-none-eabi/13.3.1/../../../../arm-none-eabi/lib/thumb/v7e-m+dp/hard/crt0.o (exit)
C:/ST/STM32CubeIDE_2.0.0/STM32CubeIDE/plugins/com.st.stm32cube.ide.mcu.externaltools.gnu-tools-for-stm32.13.3.rel1.win32_1.0.100.202509120712/tools/bin/../lib/gcc/arm-none-eabi/13.3.1/../../../../arm-none-eabi/lib/thumb/v7e-m+dp/hard\libc_nano.a(libc_a-strtoul.o)
                              ./Core/Src/pump_response_parser.o (strtoul)
C:/ST/STM32CubeIDE_2.0.0/STM32CubeIDE/plugins/com.st.stm32cube.ide.mcu.externaltools.gnu-tools-for-stm32.13.3.rel1.win32_1.0.100.202509120712/tools/bin/../lib/gcc/arm-none-eabi/13.3.1/../../../../arm-none-eabi/lib/thumb/v7e-m+dp/hard\libc_nano.a(libc_a-ctype_.o)
                              ./Core/Src/pump_response_parser.o (_ctype_)
C:/ST/STM32CubeIDE_2.0.0/STM32CubeIDE/plugins/com.st.stm32cube.ide.mcu.externaltools.gnu-tools-for-stm32.13.3.rel1.win32_1.0.100.202509120712/tools/bin/../lib/gcc/arm-none-eabi/13.3.1/../../../../arm-none-eabi/lib/thumb/v7e-m+dp/hard\libc_nano.a(libc_a-findfp.o)
                              C:/ST/STM32CubeIDE_2.0.0/STM32CubeIDE/plugins/com.st.stm32cube.ide.mcu.externaltools.gnu-tools-for-stm32.13.3.rel1.win32_1.0.100.202509120712/tools/bin/../lib/gcc/arm-none-eabi/13.3.1/../../../../arm-none-eabi/lib/thumb/v7e-m+dp/hard\libc_nano.a(libc_a-exit.o) (__stdio_exit_handler)
C:/ST/STM32CubeIDE_2.0.0/STM32CubeIDE/plugins/com.st.stm32cube.ide.mcu.externaltools.gnu-tools-for-stm32.13.3.rel1.win32_1.0.100.202509120712/tools/bin/../lib/gcc/arm-none-eabi/13.3.1/../../../../arm-none-eabi/lib/thumb/v7e-m+dp/hard\libc_nano.a(libc_a-fwalk.o)
                              C:/ST/STM32CubeIDE_2.0.0/STM32CubeIDE/plugins/com.st.stm32cube.ide.mcu.externaltools.gnu-tools-for-stm32.13.3.rel1.win32_1.0.100.202509120712/tools/bin/../lib/gcc/arm-none-eabi/13.3.1/../../../../arm-none-eabi/lib/thumb/v7e-m+dp/hard\libc_nano.a(libc_a-findfp.o) (_fwalk_sglue)
C:/ST/STM32CubeIDE_2.0.0/STM32CubeIDE/plugins/com.st.stm32cube.ide.mcu.externaltools.gnu-tools-for-stm32.13.3.rel1.win32_1.0.100.202509120712/tools/bin/../lib/gcc/arm-none-eabi/13.3.1/../../../../arm-none-eabi/lib/thumb/v7e-m+dp/hard\libc_nano.a(libc_a-snprintf.o)
                              ./Core/Src/app.o (snprintf)
C:/ST/STM32CubeIDE_2.0.0/STM32CubeIDE/plugins/com.st.stm32cube.ide.mcu.externaltools.gnu-tools-for-stm32.13.3.rel1.win32_1.0.100.202509120712/tools/bin/../lib/gcc/arm-none-eabi/13.3.1/../../../../arm-none-eabi/lib/thumb/v7e-m+dp/hard\libc_nano.a(libc_a-sprintf.o)
                              ./Core/Src/pump_transactions.o (sprintf)
C:/ST/STM32CubeIDE_2.0.0/STM32CubeIDE/plugins/com.st.stm32cube.ide.mcu.externaltools.gnu-tools-for-stm32.13.3.rel1.win32_1.0.100.202509120712/tools/bin/../lib/gcc/arm-none-eabi/13.3.1/../../../../arm-none-eabi/lib/thumb/v7e-m+dp/hard\libc_nano.a(libc_a-stdio.o)
                              C:/ST/STM32CubeIDE_2.0.0/STM32CubeIDE/plugins/com.st.stm32cube.ide.mcu.externaltools.gnu-tools-for-stm32.13.3.rel1.win32_1.0.100.202509120712/tools/bin/../lib/gcc/arm-none-eabi/13.3.1/../../../../arm-none-eabi/lib/thumb/v7e-m+dp/hard\libc_nano.a(libc_a-findfp.o) (__sread)
C:/ST/STM32CubeIDE_2.0.0/STM32CubeIDE/plugins/com.st.stm32cube.ide.mcu.externaltools.gnu-tools-for-stm32.13.3.rel1.win32_1.0.100.202509120712/tools/bin/../lib/gcc/arm-none-eabi/13.3.1/../../../../arm-none-eabi/lib/thumb/v7e-m+dp/hard\libc_nano.a(libc_a-memset.o)
                              C:/ST/STM32CubeIDE_2.0.0/STM32CubeIDE/plugins/com.st.stm32cube.ide.mcu.externaltools.gnu-tools-for-stm32.13.3.rel1.win32_1.0.100.202509120712/tools/bin/../lib/gcc/arm-none-eabi/13.3.1/../../../../arm-none-eabi/lib/thumb/v7e-m+dp/hard/crt0.o (memset)
C:/ST/STM32CubeIDE_2.0.0/STM32CubeIDE/plugins/com.st.stm32cube.ide.mcu.externaltools.gnu-tools-for-stm32.13.3.rel1.win32_1.0.100.202509120712/tools/bin/../lib/gcc/arm-none-eabi/13.3.1/../../../../arm-none-eabi/lib/thumb/v7e-m+dp/hard\libc_nano.a(libc_a-strncpy.o)
                              ./Core/Src/ui.o (strncpy)
C:/ST/STM32CubeIDE_2.0.0/STM32CubeIDE/plugins/com.st.stm32cube.ide.mcu.externaltools.gnu-tools-for-stm32.13.3.rel1.win32_1.0.100.202509120712/tools/bin/../lib/gcc/arm-none-eabi/13.3.1/../../../../arm-none-eabi/lib/thumb/v7e-m+dp/hard\libc_nano.a(libc_a-closer.o)
[...]
Memory Configuration

Name             Origin             Length             Attributes
FLASH            0x08000000         0x00020000         xr
DTCMRAM          0x20000000         0x00020000         xrw
RAM_D1           0x24000000         0x00080000         xrw
RAM_D2           0x30000000         0x00048000         xrw
RAM_D3           0x38000000         0x00010000         xrw
ITCMRAM          0x00000000         0x00010000         xrw
*default*        0x00000000         0xffffffff

Linker script and memory map

LOAD C:/ST/STM32CubeIDE_2.0.0/STM32CubeIDE/plugins/com.st.stm32cube.ide.mcu.externaltools.gnu-tools-for-stm32.13.3.rel1.win32_1.0.100.202509120712/tools/bin/../lib/gcc/arm-none-eabi/13.3.1/thumb/v7e-m+dp/hard/crti.o
LOAD C:/ST/STM32CubeIDE_2.0.0/STM32CubeIDE/plugins/com.st.stm32cube.ide.mcu.externaltools.gnu-tools-for-stm32.13.3.rel1.win32_1.0.100.202509120712/tools/bin/../lib/gcc/arm-none-eabi/13.3.1/thumb/v7e-m+dp/hard/crtbegin.o
LOAD C:/ST/STM32CubeIDE_2.0.0/STM32CubeIDE/plugins/com.st.stm32cube.ide.mcu.externaltools.gnu-tools-for-stm32.13.3.rel1.win32_1.0.100.202509120712/tools/bin/../lib/gcc/arm-none-eabi/13.3.1/../../../../arm-none-eabi/lib/thumb/v7e-m+dp/hard/crt0.o
LOAD ./Core/Src/app.o
LOAD ./Core/Src/cdc_logger.o
LOAD ./Core/Src/gkl_link.o
LOAD ./Core/Src/keyboard.o
LOAD ./Core/Src/main.o
LOAD ./Core/Src/pump_mgr.o
LOAD ./Core/Src/pump_proto_gkl.o
LOAD ./Core/Src/pump_response_parser.o
LOAD ./Core/Src/pump_transactions.o
LOAD ./Core/Src/settings.o
LOAD ./Core/Src/ssd1309.o
LOAD ./Core/Src/stm32h7xx_hal_msp.o
LOAD ./Core/Src/stm32h7xx_it.o
LOAD ./Core/Src/syscalls.o
LOAD ./Core/Src/sysmem.o
LOAD ./Core/Src/system_stm32h7xx.o
LOAD ./Core/Src/transaction_fsm.o
LOAD ./Core/Src/ui.o
LOAD ./Core/Startup/startup_stm32h750vbtx.o
LOAD ./Drivers/STM32H7xx_HAL_Driver/Src/stm32h7xx_hal.o
LOAD ./Drivers/STM32H7xx_HAL_Driver/Src/stm32h7xx_hal_cortex.o
LOAD ./Drivers/STM32H7xx_HAL_Driver/Src/stm32h7xx_hal_dma.o
LOAD ./Drivers/STM32H7xx_HAL_Driver/Src/stm32h7xx_hal_dma_ex.o
LOAD ./Drivers/STM32H7xx_HAL_Driver/Src/stm32h7xx_hal_exti.o
LOAD ./Drivers/STM32H7xx_HAL_Driver/Src/stm32h7xx_hal_flash.o
LOAD ./Drivers/STM32H7xx_HAL_Driver/Src/stm32h7xx_hal_flash_ex.o
LOAD ./Drivers/STM32H7xx_HAL_Driver/Src/stm32h7xx_hal_gpio.o
LOAD ./Drivers/STM32H7xx_HAL_Driver/Src/stm32h7xx_hal_hsem.o
LOAD ./Drivers/STM32H7xx_HAL_Driver/Src/stm32h7xx_hal_i2c.o
LOAD ./Drivers/STM32H7xx_HAL_Driver/Src/stm32h7xx_hal_i2c_ex.o
LOAD ./Drivers/STM32H7xx_HAL_Driver/Src/stm32h7xx_hal_mdma.o
LOAD ./Drivers/STM32H7xx_HAL_Driver/Src/stm32h7xx_hal_pcd.o
LOAD ./Drivers/STM32H7xx_HAL_Driver/Src/stm32h7xx_hal_pcd_ex.o
LOAD ./Drivers/STM32H7xx_HAL_Driver/Src/stm32h7xx_hal_pwr.o
LOAD ./Drivers/STM32H7xx_HAL_Driver/Src/stm32h7xx_hal_pwr_ex.o
LOAD ./Drivers/STM32H7xx_HAL_Driver/Src/stm32h7xx_hal_rcc.o
LOAD ./Drivers/STM32H7xx_HAL_Driver/Src/stm32h7xx_hal_rcc_ex.o
LOAD ./Drivers/STM32H7xx_HAL_Driver/Src/stm32h7xx_hal_spi.o
LOAD ./Drivers/STM32H7xx_HAL_Driver/Src/stm32h7xx_hal_spi_ex.o
LOAD ./Drivers/STM32H7xx_HAL_Driver/Src/stm32h7xx_hal_tim.o
LOAD ./Drivers/STM32H7xx_HAL_Driver/Src/stm32h7xx_hal_tim_ex.o
LOAD ./Drivers/STM32H7xx_HAL_Driver/Src/stm32h7xx_hal_uart.o
LOAD ./Drivers/STM32H7xx_HAL_Driver/Src/stm32h7xx_hal_uart_ex.o
LOAD ./Drivers/STM32H7xx_HAL_Driver/Src/stm32h7xx_ll_usb.o
LOAD ./Middlewares/ST/STM32_USB_Device_Library/Class/CDC/Src/usbd_cdc.o
LOAD ./Middlewares/ST/STM32_USB_Device_Library/Core/Src/usbd_core.o
LOAD ./Middlewares/ST/STM32_USB_Device_Library/Core/Src/usbd_ctlreq.o
LOAD ./Middlewares/ST/STM32_USB_Device_Library/Core/Src/usbd_ioreq.o
LOAD ./USB_DEVICE/App/usb_device.o
LOAD ./USB_DEVICE/App/usbd_cdc_if.o
LOAD ./USB_DEVICE/App/usbd_desc.o
LOAD ./USB_DEVICE/Target/usbd_conf.o
START GROUP
LOAD C:/ST/STM32CubeIDE_2.0.0/STM32CubeIDE/plugins/com.st.stm32cube.ide.mcu.externaltools.gnu-tools-for-stm32.13.3.rel1.win32_1.0.100.202509120712/tools/bin/../lib/gcc/arm-none-eabi/13.3.1/../../../../arm-none-eabi/lib/thumb/v7e-m+dp/hard\libc_nano.a
LOAD C:/ST/STM32CubeIDE_2.0.0/STM32CubeIDE/plugins/com.st.stm32cube.ide.mcu.externaltools.gnu-tools-for-stm32.13.3.rel1.win32_1.0.100.202509120712/tools/bin/../lib/gcc/arm-none-eabi/13.3.1/../../../../arm-none-eabi/lib/thumb/v7e-m+dp/hard\libm.a
END GROUP
START GROUP
LOAD C:/ST/STM32CubeIDE_2.0.0/STM32CubeIDE/plugins/com.st.stm32cube.ide.mcu.externaltools.gnu-tools-for-stm32.13.3.rel1.win32_1.0.100.202509120712/tools/bin/../lib/gcc/arm-none-eabi/13.3.1/thumb/v7e-m+dp/hard\libgcc.a
LOAD C:/ST/STM32CubeIDE_2.0.0/STM32CubeIDE/plugins/com.st.stm32cube.ide.mcu.externaltools.gnu-tools-for-stm32.13.3.rel1.win32_1.0.100.202509120712/tools/bin/../lib/gcc/arm-none-eabi/13.3.1/../../../../arm-none-eabi/lib/thumb/v7e-m+dp/hard\libc_nano.a
END GROUP
START GROUP
LOAD C:/ST/STM32CubeIDE_2.0.0/STM32CubeIDE/plugins/com.st.stm32cube.ide.mcu.externaltools.gnu-tools-for-stm32.13.3.rel1.win32_1.0.100.202509120712/tools/bin/../lib/gcc/arm-none-eabi/13.3.1/thumb/v7e-m+dp/hard\libgcc.a
LOAD C:/ST/STM32CubeIDE_2.0.0/STM32CubeIDE/plugins/com.st.stm32cube.ide.mcu.externaltools.gnu-tools-for-stm32.13.3.rel1.win32_1.0.100.202509120712/tools/bin/../lib/gcc/arm-none-eabi/13.3.1/../../../../arm-none-eabi/lib/thumb/v7e-m+dp/hard\libc_nano.a
LOAD C:/ST/STM32CubeIDE_2.0.0/STM32CubeIDE/plugins/com.st.stm32cube.ide.mcu.externaltools.gnu-tools-for-stm32.13.3.rel1.win32_1.0.100.202509120712/tools/bin/../lib/gcc/arm-none-eabi/13.3.1/../../../../arm-none-eabi/lib/thumb/v7e-m+dp/hard\libnosys.a
END GROUP
START GROUP
LOAD C:/ST/STM32CubeIDE_2.0.0/STM32CubeIDE/plugins/com.st.stm32cube.ide.mcu.externaltools.gnu-tools-for-stm32.13.3.rel1.win32_1.0.100.202509120712/tools/bin/../lib/gcc/arm-none-eabi/13.3.1/thumb/v7e-m+dp/hard\libgcc.a
LOAD C:/ST/STM32CubeIDE_2.0.0/STM32CubeIDE/plugins/com.st.stm32cube.ide.mcu.externaltools.gnu-tools-for-stm32.13.3.rel1.win32_1.0.100.202509120712/tools/bin/../lib/gcc/arm-none-eabi/13.3.1/../../../../arm-none-eabi/lib/thumb/v7e-m+dp/hard\libc_nano.a
LOAD C:/ST/STM32CubeIDE_2.0.0/STM32CubeIDE/plugins/com.st.stm32cube.ide.mcu.externaltools.gnu-tools-for-stm32.13.3.rel1.win32_1.0.100.202509120712/tools/bin/../lib/gcc/arm-none-eabi/13.3.1/../../../../arm-none-eabi/lib/thumb/v7e-m+dp/hard\libnosys.a
END GROUP
LOAD C:/ST/STM32CubeIDE_2.0.0/STM32CubeIDE/plugins/com.st.stm32cube.ide.mcu.externaltools.gnu-tools-for-stm32.13.3.rel1.win32_1.0.100.202509120712/tools/bin/../lib/gcc/arm-none-eabi/13.3.1/thumb/v7e-m+dp/hard/crtend.o
LOAD C:/ST/STM32CubeIDE_2.0.0/STM32CubeIDE/plugins/com.st.stm32cube.ide.mcu.externaltools.gnu-tools-for-stm32.13.3.rel1.win32_1.0.100.202509120712/tools/bin/../lib/gcc/arm-none-eabi/13.3.1/thumb/v7e-m+dp/hard/crtn.o
                0x24080000                        _estack = (ORIGIN (RAM_D1) + LENGTH (RAM_D1))
                0x00001000                        _Min_Heap_Size = 0x1000
                0x00001000                        _Min_Stack_Size = 0x1000

.isr_vector     0x08000000      0x298
                0x08000000                        . = ALIGN (0x4)
 *(.isr_vector)
 .isr_vector    0x08000000      0x298 ./Core/Startup/startup_stm32h750vbtx.o
                0x08000000                g_pfnVectors
                0x08000298                        . = ALIGN (0x4)

.text           0x080002a0    0x199b0
                0x080002a0                        . = ALIGN (0x4)
 *(.text)
 .text          0x080002a0       0x40 C:/ST/STM32CubeIDE_2.0.0/STM32CubeIDE/plugins/com.st.stm32cube.ide.mcu.externaltools.gnu-tools-for-stm32.13.3.rel1.win32_1.0.100.202509120712/tools/bin/../lib/gcc/arm-none-eabi/13.3.1/thumb/v7e-m+dp/hard/crtbegin.o
 .text          0x080002e0       0x14 C:/ST/STM32CubeIDE_2.0.0/STM32CubeIDE/plugins/com.st.stm32cube.ide.mcu.externaltools.gnu-tools-for-stm32.13.3.rel1.win32_1.0.100.202509120712/tools/bin/../lib/gcc/arm-none-eabi/13.3.1/../../../../arm-none-eabi/lib/thumb/v7e-m+dp/hard\libc_nano.a(libc_a-strcmp.o)
                0x080002e0                strcmp
 .text          0x080002f4       0x10 C:/ST/STM32CubeIDE_2.0.0/STM32CubeIDE/plugins/com.st.stm32cube.ide.mcu.externaltools.gnu-tools-for-stm32.13.3.rel1.win32_1.0.100.202509120712/tools/bin/../lib/gcc/arm-none-eabi/13.3.1/../../../../arm-none-eabi/lib/thumb/v7e-m+dp/hard\libc_nano.a(libc_a-strlen.o)
                0x080002f4                strlen
 *fill*         0x08000304        0xc 
 .text          0x08000310       0xa0 C:/ST/STM32CubeIDE_2.0.0/STM32CubeIDE/plugins/com.st.stm32cube.ide.mcu.externaltools.gnu-tools-for-stm32.13.3.rel1.win32_1.0.100.202509120712/tools/bin/../lib/gcc/arm-none-eabi/13.3.1/../../../../arm-none-eabi/lib/thumb/v7e-m+dp/hard\libc_nano.a(libc_a-memchr.o)
                0x08000310                memchr
 .text          0x080003b0       0x30 C:/ST/STM32CubeIDE_2.0.0/STM32CubeIDE/plugins/com.st.stm32cube.ide.mcu.externaltools.gnu-tools-for-stm32.13.3.rel1.win32_1.0.100.202509120712/tools/bin/../lib/gcc/arm-none-eabi/13.3.1/thumb/v7e-m+dp/hard\libgcc.a(_aeabi_uldivmod.o)
                0x080003b0                __aeabi_uldivmod
 .text          0x080003e0      0x2f8 C:/ST/STM32CubeIDE_2.0.0/STM32CubeIDE/plugins/com.st.stm32cube.ide.mcu.externaltools.gnu-tools-for-stm32.13.3.rel1.win32_1.0.100.202509120712/tools/bin/../lib/gcc/arm-none-eabi/13.3.1/thumb/v7e-m+dp/hard\libgcc.a(_udivmoddi4.o)
                0x080003e0                __udivmoddi4
 .text          0x080006d8        0x4 C:/ST/STM32CubeIDE_2.0.0/STM32CubeIDE/plugins/com.st.stm32cube.ide.mcu.externaltools.gnu-tools-for-stm32.13.3.rel1.win32_1.0.100.202509120712/tools/bin/../lib/gcc/arm-none-eabi/13.3.1/thumb/v7e-m+dp/hard\libgcc.a(_dvmd_tls.o)
                0x080006d8                __aeabi_idiv0
                0x080006d8                __aeabi_ldiv0
 *(.text*)
 .text.APP_Init
                0x080006dc      0x1c8 ./Core/Src/app.o
                0x080006dc                APP_Init
 .text.APP_Task
                0x080008a4       0x74 ./Core/Src/app.o
                0x080008a4                APP_Task
 .text.ring_used
                0x08000918       0x30 ./Core/Src/cdc_logger.o
 .text.ring_free
                0x08000948       0x32 ./Core/Src/cdc_logger.o
 *fill*         0x0800097a        0x2 
 .text.dcache_clean_txpkt
                0x0800097c       0x84 ./Core/Src/cdc_logger.o
 .text.CDC_LOG_Init
                0x08000a00       0x48 ./Core/Src/cdc_logger.o
                0x08000a00                CDC_LOG_Init
 .text.CDC_LOG_Push
                0x08000a48       0xac ./Core/Src/cdc_logger.o
                0x08000a48                CDC_LOG_Push
 .text.CDC_Log  0x08000af4       0x28 ./Core/Src/cdc_logger.o
                0x08000af4                CDC_Log
 .text.CDC_LOG_Task
                0x08000b1c       0xdc ./Core/Src/cdc_logger.o
                0x08000b1c                CDC_LOG_Task
 .text.CDC_LOG_TxCpltCallback
                0x08000bf8       0x18 ./Core/Src/cdc_logger.o
                0x08000bf8                CDC_LOG_TxCpltCallback
 .text.gkl_register_link
                0x08000c10       0x94 ./Core/Src/gkl_link.o
 .text.gkl_find_by_huart
                0x08000ca4       0x64 ./Core/Src/gkl_link.o
 .text.gkl_raw_rx_push
                0x08000d08       0x62 ./Core/Src/gkl_link.o
 *fill*         0x08000d6a        0x2 
 .text.dcache_clean_by_addr
                0x08000d6c       0x98 ./Core/Src/gkl_link.o
 .text.gkl_checksum_xor
                0x08000e04       0x54 ./Core/Src/gkl_link.o
 .text.gkl_resp_data_len_for_cmd
                0x08000e58       0xac ./Core/Src/gkl_link.o
 .text.gkl_rx_reset
                0x08000f04       0x3e ./Core/Src/gkl_link.o
 .text.gkl_fail
                0x08000f42       0x46 ./Core/Src/gkl_link.o
 .text.gkl_success
                0x08000f88       0x28 ./Core/Src/gkl_link.o
 .text.gkl_try_finalize_frame_if_complete
                0x08000fb0      0x174 ./Core/Src/gkl_link.o
 .text.GKL_Init
                0x08001124       0xb6 ./Core/Src/gkl_link.o
                0x08001124                GKL_Init
 .text.GKL_BuildFrame
                0x080011da       0xd8 ./Core/Src/gkl_link.o
                0x080011da                GKL_BuildFrame
 .text.GKL_Send
                0x080012b2      0x15e ./Core/Src/gkl_link.o
                0x080012b2                GKL_Send
 .text.GKL_HasResponse
                0x08001410       0x30 ./Core/Src/gkl_link.o
                0x08001410                GKL_HasResponse
 .text.GKL_GetResponse
                0x08001440       0x72 ./Core/Src/gkl_link.o
                0x08001440                GKL_GetResponse
 .text.GKL_GetStats
                0x080014b2       0x9a ./Core/Src/gkl_link.o
                0x080014b2                GKL_GetStats
 .text.GKL_Task
                0x0800154c       0x76 ./Core/Src/gkl_link.o
                0x0800154c                GKL_Task
 .text.GKL_Global_UART_TxCpltCallback
                0x080015c2       0x46 ./Core/Src/gkl_link.o
                0x080015c2                GKL_Global_UART_TxCpltCallback
 .text.GKL_Global_UART_RxCpltCallback
                0x08001608       0xba ./Core/Src/gkl_link.o
                0x08001608                GKL_Global_UART_RxCpltCallback
 .text.GKL_Global_UART_ErrorCallback
                0x080016c2       0xb6 ./Core/Src/gkl_link.o
                0x080016c2                GKL_Global_UART_ErrorCallback
 .text.GKL_GetAndClearUartError
                0x08001778       0x4a ./Core/Src/gkl_link.o
                0x08001778                GKL_GetAndClearUartError
 *fill*         0x080017c2        0x2 
 .text.KEYBOARD_Init
                0x080017c4       0x44 ./Core/Src/keyboard.o
                0x080017c4                KEYBOARD_Init
 .text.KEYBOARD_Scan_Process
                0x08001808      0x120 ./Core/Src/keyboard.o
                0x08001808                KEYBOARD_Scan_Process
 .text.KEYBOARD_GetKey
                0x08001928       0x40 ./Core/Src/keyboard.o
                0x08001928                KEYBOARD_GetKey
 .text.HAL_TIM_PeriodElapsedCallback
                0x08001968       0x24 ./Core/Src/main.o
                0x08001968                HAL_TIM_PeriodElapsedCallback
 .text.System_Log
                0x0800198c       0x16 ./Core/Src/main.o
                0x0800198c                System_Log
 .text.HAL_UART_TxCpltCallback
                0x080019a2       0x16 ./Core/Src/main.o
                0x080019a2                HAL_UART_TxCpltCallback
 .text.HAL_UART_RxCpltCallback
                0x080019b8       0x16 ./Core/Src/main.o
                0x080019b8                HAL_UART_RxCpltCallback
 .text.HAL_UART_ErrorCallback
                0x080019ce       0x16 ./Core/Src/main.o
                0x080019ce                HAL_UART_ErrorCallback
 .text.main     0x080019e4      0x1b8 ./Core/Src/main.o
                0x080019e4                main
 .text.SystemClock_Config
                0x08001b9c       0xf8 ./Core/Src/main.o
                0x08001b9c                SystemClock_Config
 .text.MX_I2C1_Init
                0x08001c94       0x5c ./Core/Src/main.o
 .text.MX_SPI2_Init
                0x08001cf0       0xb0 ./Core/Src/main.o
 .text.MX_TIM2_Init
                0x08001da0       0x9c ./Core/Src/main.o
 .text.MX_TIM3_Init
                0x08001e3c       0xa0 ./Core/Src/main.o
 .text.MX_USART2_UART_Init
                0x08001edc       0x64 ./Core/Src/main.o
 .text.MX_USART3_UART_Init
                0x08001f40       0x64 ./Core/Src/main.o
 .text.MX_DMA_Init
                0x08001fa4       0x80 ./Core/Src/main.o
 .text.MX_GPIO_Init
                0x08002024      0x130 ./Core/Src/main.o
 .text.MPU_Config
                0x08002154       0x56 ./Core/Src/main.o
 .text.Error_Handler
                0x080021aa        0xe ./Core/Src/main.o
                0x080021aa                Error_Handler
 .text.PumpProto_Task
                0x080021b8       0x36 ./Core/Src/pump_mgr.o
 .text.PumpProto_IsIdle
                0x080021ee       0x3c ./Core/Src/pump_mgr.o
 .text.PumpProto_PollStatus
                0x0800222a       0x46 ./Core/Src/pump_mgr.o
 .text.PumpProto_PopEvent
                0x08002270       0x40 ./Core/Src/pump_mgr.o
 .text.pumpmgr_find
                0x080022b0       0x62 ./Core/Src/pump_mgr.o
 .text.PumpMgr_Init
                0x08002312       0x4c ./Core/Src/pump_mgr.o
                0x08002312                PumpMgr_Init
 .text.PumpMgr_Add
                0x0800235e       0xec ./Core/Src/pump_mgr.o
                0x0800235e                PumpMgr_Add
 .text.PumpMgr_Get
                0x0800244a       0x56 ./Core/Src/pump_mgr.o
                0x0800244a                PumpMgr_Get
 .text.PumpMgr_GetConst
                0x080024a0       0x56 ./Core/Src/pump_mgr.o
                0x080024a0                PumpMgr_GetConst
 .text.PumpMgr_SetPrice
                0x080024f6       0x34 ./Core/Src/pump_mgr.o
                0x080024f6                PumpMgr_SetPrice
 .text.PumpMgr_SetSlaveAddr
                0x0800252a       0x36 ./Core/Src/pump_mgr.o
                0x0800252a                PumpMgr_SetSlaveAddr
 .text.PumpMgr_SetCtrlAddr
                0x08002560       0x36 ./Core/Src/pump_mgr.o
                0x08002560                PumpMgr_SetCtrlAddr
 *fill*         0x08002596        0x2 
 .text.pumpmgr_handle_event
                0x08002598      0x150 ./Core/Src/pump_mgr.o
 .text.PumpMgr_Task
                0x080026e8      0x1c8 ./Core/Src/pump_mgr.o
                0x080026e8                PumpMgr_Task
 .text.q_next   0x080028b0       0x22 ./Core/Src/pump_proto_gkl.o
 .text.q_is_full
                0x080028d2       0x30 ./Core/Src/pump_proto_gkl.o
 .text.q_is_empty
                0x08002902       0x2a ./Core/Src/pump_proto_gkl.o
 .text.q_push   0x0800292c       0x86 ./Core/Src/pump_proto_gkl.o
 .text.q_pop    0x080029b2       0x78 ./Core/Src/pump_proto_gkl.o
 .text.maybe_report_error
                0x08002a2a       0xa0 ./Core/Src/pump_proto_gkl.o
 .text.gkl_append_token
                0x08002aca       0x78 ./Core/Src/pump_proto_gkl.o
 *fill*         0x08002b42        0x2 
 .text.gkl_append_byte_token
                0x08002b44       0xdc ./Core/Src/pump_proto_gkl.o
 .text.gkl_format_frame_compact
                0x08002c20       0x82 ./Core/Src/pump_proto_gkl.o
 *fill*         0x08002ca2        0x2 
 .text.gkl_log_line
                0x08002ca4       0x84 ./Core/Src/pump_proto_gkl.o
 .text.gkl_task
                0x08002d28      0x440 ./Core/Src/pump_proto_gkl.o
 .text.gkl_is_idle
                0x08003168       0x38 ./Core/Src/pump_proto_gkl.o
 .text.gkl_send_poll_status
                0x080031a0       0xf4 ./Core/Src/pump_proto_gkl.o
 .text.gkl_request_totalizer
                0x08003294      0x108 ./Core/Src/pump_proto_gkl.o
 .text.gkl_pop_event
                0x0800339c       0x20 ./Core/Src/pump_proto_gkl.o
 .text.PumpProtoGKL_Init
                0x080033bc       0x78 ./Core/Src/pump_proto_gkl.o
                0x080033bc                PumpProtoGKL_Init
 .text.PumpProtoGKL_SetTag
                0x08003434       0x70 ./Core/Src/pump_proto_gkl.o
                0x08003434                PumpProtoGKL_SetTag
 .text.PumpProtoGKL_Bind
                0x080034a4       0x30 ./Core/Src/pump_proto_gkl.o
                0x080034a4                PumpProtoGKL_Bind
 .text.ascii_digits_to_u32
                0x080034d4       0xb8 ./Core/Src/pump_response_parser.o
 .text.find_semicolon
                0x0800358c       0x52 ./Core/Src/pump_response_parser.o
 *fill*         0x080035de        0x2 
 .text.PumpResp_ParseRealtimeVolume
                0x080035e0       0xd0 ./Core/Src/pump_response_parser.o
                0x080035e0                PumpResp_ParseRealtimeVolume
 .text.PumpResp_ParseRealtimeMoney
                0x080036b0       0xc2 ./Core/Src/pump_response_parser.o
                0x080036b0                PumpResp_ParseRealtimeMoney
 *fill*         0x08003772        0x2 
 .text.PumpResp_ParseTotalizer
                0x08003774       0xd0 ./Core/Src/pump_response_parser.o
                0x08003774                PumpResp_ParseTotalizer
 .text.PumpResp_ParseTransaction
                0x08003844      0x1c0 ./Core/Src/pump_response_parser.o
                0x08003844                PumpResp_ParseTransaction
 .text.log_frame_with_tag
                0x08003a04      0x67c ./Core/Src/pump_transactions.o
 .text.PumpTrans_PresetVolume
                0x08004080       0xb0 ./Core/Src/pump_transactions.o
                0x08004080                PumpTrans_PresetVolume
 .text.PumpTrans_PresetMoney
                0x08004130       0x9c ./Core/Src/pump_transactions.o
                0x08004130                PumpTrans_PresetMoney
 .text.PumpTrans_Stop
                0x080041cc       0x64 ./Core/Src/pump_transactions.o
                0x080041cc                PumpTrans_Stop
 .text.PumpTrans_Resume
                0x08004230       0x64 ./Core/Src/pump_transactions.o
                0x08004230                PumpTrans_Resume
 .text.PumpTrans_End
                0x08004294       0x64 ./Core/Src/pump_transactions.o
                0x08004294                PumpTrans_End
 .text.PumpTrans_PollRealtimeVolume
                0x080042f8       0x6e ./Core/Src/pump_transactions.o
                0x080042f8                PumpTrans_PollRealtimeVolume
 .text.PumpTrans_PollRealtimeMoney
                0x08004366       0x6e ./Core/Src/pump_transactions.o
                0x08004366                PumpTrans_PollRealtimeMoney
 .text.PumpTrans_ReadTotalizer
                0x080043d4       0x7e ./Core/Src/pump_transactions.o
                0x080043d4                PumpTrans_ReadTotalizer
 .text.PumpTrans_ReadTransaction
                0x08004452       0x64 ./Core/Src/pump_transactions.o
                0x08004452                PumpTrans_ReadTransaction
 *fill*         0x080044b6        0x2 
 .text.crc32_update
                0x080044b8       0x74 ./Core/Src/settings.o
 .text.crc32_calc
                0x0800452c       0x28 ./Core/Src/settings.o
 .text.rd_u16_le
                0x08004554       0x2c ./Core/Src/settings.o
 .text.rd_u32_le
                0x08004580       0x38 ./Core/Src/settings.o
 .text.eeprom_read_block
                0x080045b8       0x56 ./Core/Src/settings.o
 *fill*         0x0800460e        0x2 
 .text.parse_slot
                0x08004610      0x17c ./Core/Src/settings.o
 .text.clamp_data
                0x0800478c       0xa2 ./Core/Src/settings.o
 .text.Settings_Defaults
                0x0800482e       0x88 ./Core/Src/settings.o
                0x0800482e                Settings_Defaults
 *fill*         0x080048b6        0x2 
 .text.Settings_Init
                0x080048b8       0x3c ./Core/Src/settings.o
                0x080048b8                Settings_Init
 .text.Settings_Load
                0x080048f4      0x21c ./Core/Src/settings.o
                0x080048f4                Settings_Load
 .text.min_u16  0x08004b10       0x28 ./Core/Src/settings.o
 .text.Settings_Task
                0x08004b38      0x17c ./Core/Src/settings.o
                0x08004b38                Settings_Task
 .text.Settings_ApplyToPumpMgr
                0x08004cb4       0x92 ./Core/Src/settings.o
                0x08004cb4                Settings_ApplyToPumpMgr
 *fill*         0x08004d46        0x2 
 .text.HAL_I2C_MemTxCpltCallback
                0x08004d48       0x7c ./Core/Src/settings.o
                0x08004d48                HAL_I2C_MemTxCpltCallback
 .text.HAL_I2C_ErrorCallback
                0x08004dc4       0x68 ./Core/Src/settings.o
                0x08004dc4                HAL_I2C_ErrorCallback
 .text.SSD1309_WriteCommand
                0x08004e2c       0x4c ./Core/Src/ssd1309.o
 .text.SSD1309_Init
                0x08004e78       0xb4 ./Core/Src/ssd1309.o
                0x08004e78                SSD1309_Init
 .text.SSD1309_Fill
                0x08004f2c       0x30 ./Core/Src/ssd1309.o
                0x08004f2c                SSD1309_Fill
 .text.SSD1309_UpdateScreen
                0x08004f5c       0xb4 ./Core/Src/ssd1309.o
                0x08004f5c                SSD1309_UpdateScreen
 .text.SSD1309_SetCursor
                0x08005010       0x30 ./Core/Src/ssd1309.o
                0x08005010                SSD1309_SetCursor
 .text.SSD1309_WriteChar
                0x08005040      0x128 ./Core/Src/ssd1309.o
                0x08005040                SSD1309_WriteChar
 .text.SSD1309_WriteString
                0x08005168       0x32 ./Core/Src/ssd1309.o
                0x08005168                SSD1309_WriteString
 *fill*         0x0800519a        0x2 
 .text.HAL_MspInit
                0x0800519c       0x34 ./Core/Src/stm32h7xx_hal_msp.o
                0x0800519c                HAL_MspInit
 .text.HAL_I2C_MspInit
                0x080051d0       0xf0 ./Core/Src/stm32h7xx_hal_msp.o
                0x080051d0                HAL_I2C_MspInit
 .text.HAL_SPI_MspInit
                0x080052c0      0x144 ./Core/Src/stm32h7xx_hal_msp.o
                0x080052c0                HAL_SPI_MspInit
 .text.HAL_TIM_Base_MspInit
                0x08005404       0x8c ./Core/Src/stm32h7xx_hal_msp.o
                0x08005404                HAL_TIM_Base_MspInit
 .text.HAL_UART_MspInit
                0x08005490      0x334 ./Core/Src/stm32h7xx_hal_msp.o
                0x08005490                HAL_UART_MspInit
 .text.NMI_Handler
                0x080057c4        0x8 ./Core/Src/stm32h7xx_it.o
                0x080057c4                NMI_Handler
 .text.HardFault_Handler
                0x080057cc        0x8 ./Core/Src/stm32h7xx_it.o
                0x080057cc                HardFault_Handler
 .text.MemManage_Handler
                0x080057d4        0x8 ./Core/Src/stm32h7xx_it.o
                0x080057d4                MemManage_Handler
 .text.BusFault_Handler
                0x080057dc        0x8 ./Core/Src/stm32h7xx_it.o
                0x080057dc                BusFault_Handler
 .text.UsageFault_Handler
                0x080057e4        0x8 ./Core/Src/stm32h7xx_it.o
                0x080057e4                UsageFault_Handler
 .text.SVC_Handler
                0x080057ec        0xe ./Core/Src/stm32h7xx_it.o
                0x080057ec                SVC_Handler
 .text.DebugMon_Handler
                0x080057fa        0xe ./Core/Src/stm32h7xx_it.o
                0x080057fa                DebugMon_Handler
 .text.PendSV_Handler
                0x08005808        0xe ./Core/Src/stm32h7xx_it.o
                0x08005808                PendSV_Handler
 .text.SysTick_Handler
                0x08005816        0xc ./Core/Src/stm32h7xx_it.o
                0x08005816                SysTick_Handler
 *fill*         0x08005822        0x2 
 .text.DMA1_Stream1_IRQHandler
                0x08005824       0x14 ./Core/Src/stm32h7xx_it.o
                0x08005824                DMA1_Stream1_IRQHandler
 .text.DMA1_Stream2_IRQHandler
                0x08005838       0x14 ./Core/Src/stm32h7xx_it.o
                0x08005838                DMA1_Stream2_IRQHandler
 .text.DMA1_Stream3_IRQHandler
                0x0800584c       0x14 ./Core/Src/stm32h7xx_it.o
                0x0800584c                DMA1_Stream3_IRQHandler
 .text.DMA1_Stream4_IRQHandler
                0x08005860       0x14 ./Core/Src/stm32h7xx_it.o
                0x08005860                DMA1_Stream4_IRQHandler
 .text.DMA1_Stream5_IRQHandler
                0x08005874       0x14 ./Core/Src/stm32h7xx_it.o
                0x08005874                DMA1_Stream5_IRQHandler
 .text.TIM2_IRQHandler
                0x08005888       0x14 ./Core/Src/stm32h7xx_it.o
                0x08005888                TIM2_IRQHandler
 .text.TIM3_IRQHandler
                0x0800589c       0x14 ./Core/Src/stm32h7xx_it.o
                0x0800589c                TIM3_IRQHandler
 .text.I2C1_EV_IRQHandler
                0x080058b0       0x14 ./Core/Src/stm32h7xx_it.o
                0x080058b0                I2C1_EV_IRQHandler
 .text.I2C1_ER_IRQHandler
                0x080058c4       0x14 ./Core/Src/stm32h7xx_it.o
                0x080058c4                I2C1_ER_IRQHandler
 .text.SPI2_IRQHandler
                0x080058d8       0x14 ./Core/Src/stm32h7xx_it.o
                0x080058d8                SPI2_IRQHandler
 .text.USART2_IRQHandler
                0x080058ec       0x14 ./Core/Src/stm32h7xx_it.o
                0x080058ec                USART2_IRQHandler
 .text.USART3_IRQHandler
                0x08005900       0x14 ./Core/Src/stm32h7xx_it.o
                0x08005900                USART3_IRQHandler
 .text.OTG_FS_EP1_OUT_IRQHandler
                0x08005914       0x14 ./Core/Src/stm32h7xx_it.o
                0x08005914                OTG_FS_EP1_OUT_IRQHandler
 .text.OTG_FS_EP1_IN_IRQHandler
                0x08005928       0x14 ./Core/Src/stm32h7xx_it.o
                0x08005928                OTG_FS_EP1_IN_IRQHandler
 .text.OTG_FS_IRQHandler
                0x0800593c       0x14 ./Core/Src/stm32h7xx_it.o
                0x0800593c                OTG_FS_IRQHandler
 .text._sbrk    0x08005950       0x6c ./Core/Src/sysmem.o
                0x08005950                _sbrk
 .text.SystemInit
                0x080059bc      0x140 ./Core/Src/system_stm32h7xx.o
                0x080059bc                SystemInit
 .text.ExitRun0Mode
                0x08005afc       0x30 ./Core/Src/system_stm32h7xx.o
                0x08005afc                ExitRun0Mode
 .text.TrxFSM_Init
                0x08005b2c       0x42 ./Core/Src/transaction_fsm.o
                0x08005b2c                TrxFSM_Init
 *fill*         0x08005b6e        0x2 
 .text.TrxFSM_Task
                0x08005b70      0x394 ./Core/Src/transaction_fsm.o
                0x08005b70                TrxFSM_Task
 .text.TrxFSM_StartVolume
                0x08005f04       0xb8 ./Core/Src/transaction_fsm.o
                0x08005f04                TrxFSM_StartVolume
 .text.TrxFSM_StartMoney
                0x08005fbc       0xb8 ./Core/Src/transaction_fsm.o
                0x08005fbc                TrxFSM_StartMoney
 .text.TrxFSM_Pause
                0x08006074       0x7e ./Core/Src/transaction_fsm.o
                0x08006074                TrxFSM_Pause
 .text.TrxFSM_Resume
                0x080060f2       0x7e ./Core/Src/transaction_fsm.o
                0x080060f2                TrxFSM_Resume
 .text.TrxFSM_Cancel
                0x08006170       0xb0 ./Core/Src/transaction_fsm.o
                0x08006170                TrxFSM_Cancel
 .text.TrxFSM_GetState
                0x08006220       0x22 ./Core/Src/transaction_fsm.o
                0x08006220                TrxFSM_GetState
 .text.TrxFSM_GetRealtimeVolume
                0x08006242       0x22 ./Core/Src/transaction_fsm.o
                0x08006242                TrxFSM_GetRealtimeVolume
 .text.TrxFSM_GetRealtimeMoney
                0x08006264       0x22 ./Core/Src/transaction_fsm.o
                0x08006264                TrxFSM_GetRealtimeMoney
 .text.ui_clear
                0x08006286        0xe ./Core/Src/ui.o
 .text.ui_line  0x08006294       0x2a ./Core/Src/ui.o
 *fill*         0x080062be        0x2 
 .text.format_volume
                0x080062c0       0x50 ./Core/Src/ui.o
 .text.ui_get_fsm
                0x08006310       0x26 ./Core/Src/ui.o
 *fill*         0x08006336        0x2 
 .text.ui_render_home
                0x08006338      0x1e8 ./Core/Src/ui.o
 .text.ui_handle_home
                0x08006520      0x168 ./Core/Src/ui.o
 .text.ui_render_select_mode
                0x08006688       0xb8 ./Core/Src/ui.o
 .text.ui_handle_select_mode
                0x08006740       0xf0 ./Core/Src/ui.o
 .text.ui_render_preset_volume
                0x08006830       0xb0 ./Core/Src/ui.o
 .text.ui_handle_preset_volume
                0x080068e0      0x1c4 ./Core/Src/ui.o
 .text.ui_render_preset_money
                0x08006aa4       0xb0 ./Core/Src/ui.o
 .text.ui_handle_preset_money
                0x08006b54       0xe2 ./Core/Src/ui.o
 *fill*         0x08006c36        0x2 
 .text.ui_render_totalizer
                0x08006c38       0xbc ./Core/Src/ui.o
 .text.ui_handle_totalizer
                0x08006cf4       0x30 ./Core/Src/ui.o
 .text.UI_Init  0x08006d24       0x56 ./Core/Src/ui.o
                0x08006d24                UI_Init
 .text.UI_Task  0x08006d7a      0x140 ./Core/Src/ui.o
                0x08006d7a                UI_Task
 *fill*         0x08006eba        0x2 
 .text.Reset_Handler
                0x08006ebc       0x54 ./Core/Startup/startup_stm32h750vbtx.o
                0x08006ebc                Reset_Handler
 .text.Default_Handler
                0x08006f10        0x2 ./Core/Startup/startup_stm32h750vbtx.o
                0x08006f10                RTC_Alarm_IRQHandler
                0x08006f10                HASH_RNG_IRQHandler
                0x08006f10                EXTI2_IRQHandler
                0x08006f10                TIM8_CC_IRQHandler
                0x08006f10                HRTIM1_Master_IRQHandler
                0x08006f10                UART8_IRQHandler
                0x08006f10                SPI4_IRQHandler
                0x08006f10                TIM1_CC_IRQHandler
                0x08006f10                BDMA_Channel6_IRQHandler
                0x08006f10                DMA2_Stream5_IRQHandler
                0x08006f10                HRTIM1_FLT_IRQHandler
                0x08006f10                JPEG_IRQHandler
                0x08006f10                BDMA_Channel1_IRQHandler
                0x08006f10                HRTIM1_TIMD_IRQHandler
                0x08006f10                TAMP_STAMP_IRQHandler
                0x08006f10                EXTI3_IRQHandler
                0x08006f10                LPTIM4_IRQHandler
                0x08006f10                TIM8_TRG_COM_TIM14_IRQHandler
                0x08006f10                LPTIM2_IRQHandler
                0x08006f10                DFSDM1_FLT1_IRQHandler
                0x08006f10                DMAMUX2_OVR_IRQHandler
                0x08006f10                TIM8_UP_TIM13_IRQHandler
                0x08006f10                I2C3_ER_IRQHandler
                0x08006f10                DFSDM1_FLT2_IRQHandler
                0x08006f10                MDMA_IRQHandler
                0x08006f10                LPTIM3_IRQHandler
                0x08006f10                HSEM1_IRQHandler
                0x08006f10                EXTI0_IRQHandler
                0x08006f10                I2C2_EV_IRQHandler
                0x08006f10                FPU_IRQHandler
                0x08006f10                OTG_HS_WKUP_IRQHandler
                0x08006f10                FDCAN1_IT1_IRQHandler
                0x08006f10                LTDC_ER_IRQHandler
                0x08006f10                DMA2_Stream2_IRQHandler
                0x08006f10                HRTIM1_TIME_IRQHandler
                0x08006f10                SPI1_IRQHandler
                0x08006f10                TIM6_DAC_IRQHandler
                0x08006f10                DCMI_IRQHandler
                0x08006f10                HRTIM1_TIMC_IRQHandler
                0x08006f10                DMA2_Stream3_IRQHandler
                0x08006f10                SAI2_IRQHandler
                0x08006f10                DFSDM1_FLT3_IRQHandler
                0x08006f10                USART6_IRQHandler
                0x08006f10                TIM17_IRQHandler
                0x08006f10                BDMA_Channel7_IRQHandler
                0x08006f10                CRYP_IRQHandler
                0x08006f10                LPTIM5_IRQHandler
                0x08006f10                UART5_IRQHandler
                0x08006f10                ADC3_IRQHandler
                0x08006f10                DMA2_Stream0_IRQHandler
                0x08006f10                TIM4_IRQHandler
                0x08006f10                BDMA_Channel2_IRQHandler
                0x08006f10                QUADSPI_IRQHandler
                0x08006f10                DMA1_Stream6_IRQHandler
                0x08006f10                DMAMUX1_OVR_IRQHandler
                0x08006f10                TIM16_IRQHandler
                0x08006f10                UART4_IRQHandler
                0x08006f10                BDMA_Channel5_IRQHandler
                0x08006f10                RCC_IRQHandler
                0x08006f10                TIM8_BRK_TIM12_IRQHandler
                0x08006f10                TIM1_TRG_COM_IRQHandler
                0x08006f10                Default_Handler
                0x08006f10                ECC_IRQHandler
                0x08006f10                CEC_IRQHandler
                0x08006f10                EXTI15_10_IRQHandler
                0x08006f10                BDMA_Channel0_IRQHandler
                0x08006f10                ADC_IRQHandler
                0x08006f10                DMA1_Stream7_IRQHandler
                0x08006f10                HRTIM1_TIMA_IRQHandler
                0x08006f10                SPI5_IRQHandler
                0x08006f10                TIM7_IRQHandler
                0x08006f10                SDMMC1_IRQHandler
                0x08006f10                TIM5_IRQHandler
                0x08006f10                DMA2_Stream7_IRQHandler
                0x08006f10                TIM15_IRQHandler
                0x08006f10                PVD_AVD_IRQHandler
                0x08006f10                I2C3_EV_IRQHandler
                0x08006f10                EXTI9_5_IRQHandler
                0x08006f10                RTC_WKUP_IRQHandler
                0x08006f10                LTDC_IRQHandler
                0x08006f10                SAI3_IRQHandler
                0x08006f10                ETH_WKUP_IRQHandler
                0x08006f10                SPDIF_RX_IRQHandler
                0x08006f10                OTG_HS_EP1_IN_IRQHandler
                0x08006f10                DMA1_Stream0_IRQHandler
                0x08006f10                CRS_IRQHandler
                0x08006f10                EXTI4_IRQHandler
                0x08006f10                HRTIM1_TIMB_IRQHandler
                0x08006f10                FDCAN2_IT1_IRQHandler
                0x08006f10                ETH_IRQHandler
                0x08006f10                TIM1_UP_IRQHandler
                0x08006f10                BDMA_Channel4_IRQHandler
                0x08006f10                OTG_HS_EP1_OUT_IRQHandler
                0x08006f10                WWDG_IRQHandler
                0x08006f10                SPI6_IRQHandler
                0x08006f10                MDIOS_IRQHandler
                0x08006f10                I2C4_EV_IRQHandler
                0x08006f10                FDCAN2_IT0_IRQHandler
                0x08006f10                LPUART1_IRQHandler
                0x08006f10                FDCAN1_IT0_IRQHandler
                0x08006f10                OTG_FS_WKUP_IRQHandler
                0x08006f10                OTG_HS_IRQHandler
                0x08006f10                DMA2D_IRQHandler
                0x08006f10                TIM1_BRK_IRQHandler
                0x08006f10                EXTI1_IRQHandler
                0x08006f10                SDMMC2_IRQHandler
                0x08006f10                BDMA_Channel3_IRQHandler
                0x08006f10                UART7_IRQHandler
                0x08006f10                MDIOS_WKUP_IRQHandler
                0x08006f10                DFSDM1_FLT0_IRQHandler
                0x08006f10                SAI4_IRQHandler
                0x08006f10                I2C2_ER_IRQHandler
                0x08006f10                DMA2_Stream1_IRQHandler
                0x08006f10                FLASH_IRQHandler
                0x08006f10                DMA2_Stream4_IRQHandler
                0x08006f10                USART1_IRQHandler
                0x08006f10                SPI3_IRQHandler
                0x08006f10                WAKEUP_PIN_IRQHandler
                0x08006f10                FMC_IRQHandler
                0x08006f10                FDCAN_CAL_IRQHandler
                0x08006f10                SWPMI1_IRQHandler
                0x08006f10                COMP1_IRQHandler
                0x08006f10                LPTIM1_IRQHandler
                0x08006f10                I2C4_ER_IRQHandler
                0x08006f10                DMA2_Stream6_IRQHandler
                0x08006f10                SAI1_IRQHandler
 *fill*         0x08006f12        0x2 
 .text.HAL_Init
                0x08006f14       0x78 ./Drivers/STM32H7xx_HAL_Driver/Src/stm32h7xx_hal.o
                0x08006f14                HAL_Init
 .text.HAL_InitTick
                0x08006f8c       0x6c ./Drivers/STM32H7xx_HAL_Driver/Src/stm32h7xx_hal.o
                0x08006f8c                HAL_InitTick
 .text.HAL_IncTick
                0x08006ff8       0x28 ./Drivers/STM32H7xx_HAL_Driver/Src/stm32h7xx_hal.o
                0x08006ff8                HAL_IncTick
 .text.HAL_GetTick
                0x08007020       0x18 ./Drivers/STM32H7xx_HAL_Driver/Src/stm32h7xx_hal.o
                0x08007020                HAL_GetTick
 .text.HAL_Delay
                0x08007038       0x48 ./Drivers/STM32H7xx_HAL_Driver/Src/stm32h7xx_hal.o
                0x08007038                HAL_Delay
 .text.HAL_GetREVID
                0x08007080       0x18 ./Drivers/STM32H7xx_HAL_Driver/Src/stm32h7xx_hal.o
                0x08007080                HAL_GetREVID
 .text.__NVIC_SetPriorityGrouping
                0x08007098       0x48 ./Drivers/STM32H7xx_HAL_Driver/Src/stm32h7xx_hal_cortex.o
 .text.__NVIC_GetPriorityGrouping
                0x080070e0       0x1c ./Drivers/STM32H7xx_HAL_Driver/Src/stm32h7xx_hal_cortex.o
 .text.__NVIC_EnableIRQ
                0x080070fc       0x3c ./Drivers/STM32H7xx_HAL_Driver/Src/stm32h7xx_hal_cortex.o
 .text.__NVIC_SetPriority
                0x08007138       0x54 ./Drivers/STM32H7xx_HAL_Driver/Src/stm32h7xx_hal_cortex.o
 .text.NVIC_EncodePriority
                0x0800718c       0x66 ./Drivers/STM32H7xx_HAL_Driver/Src/stm32h7xx_hal_cortex.o
 *fill*         0x080071f2        0x2 
 .text.SysTick_Config
                0x080071f4       0x44 ./Drivers/STM32H7xx_HAL_Driver/Src/stm32h7xx_hal_cortex.o
 .text.HAL_NVIC_SetPriorityGrouping
                0x08007238       0x16 ./Drivers/STM32H7xx_HAL_Driver/Src/stm32h7xx_hal_cortex.o
                0x08007238                HAL_NVIC_SetPriorityGrouping
 .text.HAL_NVIC_SetPriority
                0x0800724e       0x34 ./Drivers/STM32H7xx_HAL_Driver/Src/stm32h7xx_hal_cortex.o
                0x0800724e                HAL_NVIC_SetPriority
 .text.HAL_NVIC_EnableIRQ
                0x08007282       0x1c ./Drivers/STM32H7xx_HAL_Driver/Src/stm32h7xx_hal_cortex.o
                0x08007282                HAL_NVIC_EnableIRQ
 .text.HAL_SYSTICK_Config
                0x0800729e       0x18 ./Drivers/STM32H7xx_HAL_Driver/Src/stm32h7xx_hal_cortex.o
                0x0800729e                HAL_SYSTICK_Config
 *fill*         0x080072b6        0x2 
 .text.HAL_MPU_Disable
                0x080072b8       0x30 ./Drivers/STM32H7xx_HAL_Driver/Src/stm32h7xx_hal_cortex.o
                0x080072b8                HAL_MPU_Disable
 .text.HAL_MPU_Enable
                0x080072e8       0x40 ./Drivers/STM32H7xx_HAL_Driver/Src/stm32h7xx_hal_cortex.o
                0x080072e8                HAL_MPU_Enable
 .text.HAL_MPU_ConfigRegion
                0x08007328       0x80 ./Drivers/STM32H7xx_HAL_Driver/Src/stm32h7xx_hal_cortex.o
                0x08007328                HAL_MPU_ConfigRegion
 .text.HAL_DMA_Init
                0x080073a8      0x6b8 ./Drivers/STM32H7xx_HAL_Driver/Src/stm32h7xx_hal_dma.o
                0x080073a8                HAL_DMA_Init
 .text.HAL_DMA_Start_IT
                0x08007a60      0x4d4 ./Drivers/STM32H7xx_HAL_Driver/Src/stm32h7xx_hal_dma.o
                0x08007a60                HAL_DMA_Start_IT
 .text.HAL_DMA_Abort
                0x08007f34      0x63c ./Drivers/STM32H7xx_HAL_Driver/Src/stm32h7xx_hal_dma.o
                0x08007f34                HAL_DMA_Abort
 .text.HAL_DMA_Abort_IT
                0x08008570      0x48c ./Drivers/STM32H7xx_HAL_Driver/Src/stm32h7xx_hal_dma.o
                0x08008570                HAL_DMA_Abort_IT
 .text.HAL_DMA_IRQHandler
                0x080089fc      0xe54 ./Drivers/STM32H7xx_HAL_Driver/Src/stm32h7xx_hal_dma.o
                0x080089fc                HAL_DMA_IRQHandler
 .text.HAL_DMA_GetState
                0x08009850       0x1c ./Drivers/STM32H7xx_HAL_Driver/Src/stm32h7xx_hal_dma.o
                0x08009850                HAL_DMA_GetState
 .text.HAL_DMA_GetError
                0x0800986c       0x18 ./Drivers/STM32H7xx_HAL_Driver/Src/stm32h7xx_hal_dma.o
                0x0800986c                HAL_DMA_GetError
 .text.DMA_SetConfig
                0x08009884      0x358 ./Drivers/STM32H7xx_HAL_Driver/Src/stm32h7xx_hal_dma.o
 .text.DMA_CalcBaseAndBitshift
                0x08009bdc      0x164 ./Drivers/STM32H7xx_HAL_Driver/Src/stm32h7xx_hal_dma.o
 .text.DMA_CheckFifoParam
                0x08009d40       0xf8 ./Drivers/STM32H7xx_HAL_Driver/Src/stm32h7xx_hal_dma.o
 .text.DMA_CalcDMAMUXChannelBaseAndMask
                0x08009e38      0x134 ./Drivers/STM32H7xx_HAL_Driver/Src/stm32h7xx_hal_dma.o
 .text.DMA_CalcDMAMUXRequestGenBaseAndMask
                0x08009f6c       0xe8 ./Drivers/STM32H7xx_HAL_Driver/Src/stm32h7xx_hal_dma.o
 .text.HAL_GPIO_Init
                0x0800a054      0x360 ./Drivers/STM32H7xx_HAL_Driver/Src/stm32h7xx_hal_gpio.o
                0x0800a054                HAL_GPIO_Init
 .text.HAL_GPIO_ReadPin
                0x0800a3b4       0x30 ./Drivers/STM32H7xx_HAL_Driver/Src/stm32h7xx_hal_gpio.o
                0x0800a3b4                HAL_GPIO_ReadPin
 .text.HAL_GPIO_WritePin
                0x0800a3e4       0x32 ./Drivers/STM32H7xx_HAL_Driver/Src/stm32h7xx_hal_gpio.o
                0x0800a3e4                HAL_GPIO_WritePin
 *fill*         0x0800a416        0x2 
 .text.HAL_I2C_Init
                0x0800a418      0x138 ./Drivers/STM32H7xx_HAL_Driver/Src/stm32h7xx_hal_i2c.o
                0x0800a418                HAL_I2C_Init
 .text.HAL_I2C_Mem_Read
                0x0800a550      0x234 ./Drivers/STM32H7xx_HAL_Driver/Src/stm32h7xx_hal_i2c.o
                0x0800a550                HAL_I2C_Mem_Read
 .text.HAL_I2C_Mem_Write_IT
                0x0800a784      0x114 ./Drivers/STM32H7xx_HAL_Driver/Src/stm32h7xx_hal_i2c.o
                0x0800a784                HAL_I2C_Mem_Write_IT
 .text.HAL_I2C_IsDeviceReady
                0x0800a898      0x20c ./Drivers/STM32H7xx_HAL_Driver/Src/stm32h7xx_hal_i2c.o
                0x0800a898                HAL_I2C_IsDeviceReady
 .text.HAL_I2C_EV_IRQHandler
                0x0800aaa4       0x34 ./Drivers/STM32H7xx_HAL_Driver/Src/stm32h7xx_hal_i2c.o
                0x0800aaa4                HAL_I2C_EV_IRQHandler
 .text.HAL_I2C_ER_IRQHandler
                0x0800aad8       0xc2 ./Drivers/STM32H7xx_HAL_Driver/Src/stm32h7xx_hal_i2c.o
                0x0800aad8                HAL_I2C_ER_IRQHandler
 .text.HAL_I2C_MasterTxCpltCallback
                0x0800ab9a       0x14 ./Drivers/STM32H7xx_HAL_Driver/Src/stm32h7xx_hal_i2c.o
                0x0800ab9a                HAL_I2C_MasterTxCpltCallback
 .text.HAL_I2C_MasterRxCpltCallback
                0x0800abae       0x14 ./Drivers/STM32H7xx_HAL_Driver/Src/stm32h7xx_hal_i2c.o
                0x0800abae                HAL_I2C_MasterRxCpltCallback
 .text.HAL_I2C_SlaveTxCpltCallback
                0x0800abc2       0x14 ./Drivers/STM32H7xx_HAL_Driver/Src/stm32h7xx_hal_i2c.o
                0x0800abc2                HAL_I2C_SlaveTxCpltCallback
 .text.HAL_I2C_SlaveRxCpltCallback
                0x0800abd6       0x14 ./Drivers/STM32H7xx_HAL_Driver/Src/stm32h7xx_hal_i2c.o
                0x0800abd6                HAL_I2C_SlaveRxCpltCallback
 .text.HAL_I2C_AddrCallback
                0x0800abea       0x1c ./Drivers/STM32H7xx_HAL_Driver/Src/stm32h7xx_hal_i2c.o
                0x0800abea                HAL_I2C_AddrCallback
 .text.HAL_I2C_ListenCpltCallback
                0x0800ac06       0x14 ./Drivers/STM32H7xx_HAL_Driver/Src/stm32h7xx_hal_i2c.o
                0x0800ac06                HAL_I2C_ListenCpltCallback
 .text.HAL_I2C_MemRxCpltCallback
                0x0800ac1a       0x14 ./Drivers/STM32H7xx_HAL_Driver/Src/stm32h7xx_hal_i2c.o
                0x0800ac1a                HAL_I2C_MemRxCpltCallback
 .text.HAL_I2C_AbortCpltCallback
                0x0800ac2e       0x14 ./Drivers/STM32H7xx_HAL_Driver/Src/stm32h7xx_hal_i2c.o
                0x0800ac2e                HAL_I2C_AbortCpltCallback
 *fill*         0x0800ac42        0x2 
 .text.I2C_Mem_ISR_IT
                0x0800ac44      0x264 ./Drivers/STM32H7xx_HAL_Driver/Src/stm32h7xx_hal_i2c.o
 .text.I2C_Slave_ISR_IT
                0x0800aea8      0x208 ./Drivers/STM32H7xx_HAL_Driver/Src/stm32h7xx_hal_i2c.o
 .text.I2C_Master_ISR_DMA
                0x0800b0b0      0x1e6 ./Drivers/STM32H7xx_HAL_Driver/Src/stm32h7xx_hal_i2c.o
 *fill*         0x0800b296        0x2 
 .text.I2C_Mem_ISR_DMA
                0x0800b298      0x260 ./Drivers/STM32H7xx_HAL_Driver/Src/stm32h7xx_hal_i2c.o
 .text.I2C_Slave_ISR_DMA
                0x0800b4f8      0x3c8 ./Drivers/STM32H7xx_HAL_Driver/Src/stm32h7xx_hal_i2c.o
 .text.I2C_RequestMemoryRead
                0x0800b8c0       0xa8 ./Drivers/STM32H7xx_HAL_Driver/Src/stm32h7xx_hal_i2c.o
 .text.I2C_ITAddrCplt
                0x0800b968      0x108 ./Drivers/STM32H7xx_HAL_Driver/Src/stm32h7xx_hal_i2c.o
 .text.I2C_ITMasterSeqCplt
                0x0800ba70       0x7a ./Drivers/STM32H7xx_HAL_Driver/Src/stm32h7xx_hal_i2c.o
 .text.I2C_ITSlaveSeqCplt
                0x0800baea       0xbc ./Drivers/STM32H7xx_HAL_Driver/Src/stm32h7xx_hal_i2c.o
 *fill*         0x0800bba6        0x2 
 .text.I2C_ITMasterCplt
                0x0800bba8      0x194 ./Drivers/STM32H7xx_HAL_Driver/Src/stm32h7xx_hal_i2c.o
 .text.I2C_ITSlaveCplt
                0x0800bd3c      0x4b4 ./Drivers/STM32H7xx_HAL_Driver/Src/stm32h7xx_hal_i2c.o
 .text.I2C_ITListenCplt
                0x0800c1f0       0xac ./Drivers/STM32H7xx_HAL_Driver/Src/stm32h7xx_hal_i2c.o
 .text.I2C_ITError
                0x0800c29c      0x1e0 ./Drivers/STM32H7xx_HAL_Driver/Src/stm32h7xx_hal_i2c.o
 .text.I2C_TreatErrorCallback
                0x0800c47c       0x4e ./Drivers/STM32H7xx_HAL_Driver/Src/stm32h7xx_hal_i2c.o
 .text.I2C_Flush_TXDR
                0x0800c4ca       0x48 ./Drivers/STM32H7xx_HAL_Driver/Src/stm32h7xx_hal_i2c.o
 .text.I2C_DMAAbort
                0x0800c512       0x3c ./Drivers/STM32H7xx_HAL_Driver/Src/stm32h7xx_hal_i2c.o
 .text.I2C_WaitOnFlagUntilTimeout
                0x0800c54e       0xb2 ./Drivers/STM32H7xx_HAL_Driver/Src/stm32h7xx_hal_i2c.o
 .text.I2C_WaitOnTXISFlagUntilTimeout
                0x0800c600       0x8e ./Drivers/STM32H7xx_HAL_Driver/Src/stm32h7xx_hal_i2c.o
 .text.I2C_WaitOnSTOPFlagUntilTimeout
                0x0800c68e       0x86 ./Drivers/STM32H7xx_HAL_Driver/Src/stm32h7xx_hal_i2c.o
 .text.I2C_IsErrorOccurred
                0x0800c714      0x1c0 ./Drivers/STM32H7xx_HAL_Driver/Src/stm32h7xx_hal_i2c.o
 .text.I2C_TransferConfig
                0x0800c8d4       0x64 ./Drivers/STM32H7xx_HAL_Driver/Src/stm32h7xx_hal_i2c.o
 .text.I2C_Enable_IRQ
                0x0800c938      0x108 ./Drivers/STM32H7xx_HAL_Driver/Src/stm32h7xx_hal_i2c.o
 .text.I2C_Disable_IRQ
                0x0800ca40       0xbc ./Drivers/STM32H7xx_HAL_Driver/Src/stm32h7xx_hal_i2c.o
 .text.HAL_PCD_Init
                0x0800cafc      0x218 ./Drivers/STM32H7xx_HAL_Driver/Src/stm32h7xx_hal_pcd.o
                0x0800cafc                HAL_PCD_Init
 .text.HAL_PCD_Start
                0x0800cd14       0x6a ./Drivers/STM32H7xx_HAL_Driver/Src/stm32h7xx_hal_pcd.o
                0x0800cd14                HAL_PCD_Start
 .text.HAL_PCD_IRQHandler
                0x0800cd7e      0x99c ./Drivers/STM32H7xx_HAL_Driver/Src/stm32h7xx_hal_pcd.o
                0x0800cd7e                HAL_PCD_IRQHandler
 .text.HAL_PCD_SetAddress
                0x0800d71a       0x48 ./Drivers/STM32H7xx_HAL_Driver/Src/stm32h7xx_hal_pcd.o
                0x0800d71a                HAL_PCD_SetAddress
 .text.HAL_PCD_EP_Open
                0x0800d762       0xd4 ./Drivers/STM32H7xx_HAL_Driver/Src/stm32h7xx_hal_pcd.o
                0x0800d762                HAL_PCD_EP_Open
 .text.HAL_PCD_EP_Close
                0x0800d836       0x94 ./Drivers/STM32H7xx_HAL_Driver/Src/stm32h7xx_hal_pcd.o
                0x0800d836                HAL_PCD_EP_Close
 .text.HAL_PCD_EP_Receive
                0x0800d8ca       0x76 ./Drivers/STM32H7xx_HAL_Driver/Src/stm32h7xx_hal_pcd.o
                0x0800d8ca                HAL_PCD_EP_Receive
 .text.HAL_PCD_EP_GetRxCount
                0x0800d940       0x30 ./Drivers/STM32H7xx_HAL_Driver/Src/stm32h7xx_hal_pcd.o
                0x0800d940                HAL_PCD_EP_GetRxCount
 .text.HAL_PCD_EP_Transmit
                0x0800d970       0x74 ./Drivers/STM32H7xx_HAL_Driver/Src/stm32h7xx_hal_pcd.o
                0x0800d970                HAL_PCD_EP_Transmit
 .text.HAL_PCD_EP_SetStall
                0x0800d9e4       0xc6 ./Drivers/STM32H7xx_HAL_Driver/Src/stm32h7xx_hal_pcd.o
                0x0800d9e4                HAL_PCD_EP_SetStall
 .text.HAL_PCD_EP_ClrStall
                0x0800daaa       0xac ./Drivers/STM32H7xx_HAL_Driver/Src/stm32h7xx_hal_pcd.o
                0x0800daaa                HAL_PCD_EP_ClrStall
 .text.HAL_PCD_EP_Abort
                0x0800db56       0x62 ./Drivers/STM32H7xx_HAL_Driver/Src/stm32h7xx_hal_pcd.o
                0x0800db56                HAL_PCD_EP_Abort
 .text.PCD_WriteEmptyTxFifo
                0x0800dbb8      0x118 ./Drivers/STM32H7xx_HAL_Driver/Src/stm32h7xx_hal_pcd.o
 .text.PCD_EP_OutXfrComplete_int
                0x0800dcd0      0x1d0 ./Drivers/STM32H7xx_HAL_Driver/Src/stm32h7xx_hal_pcd.o
 .text.PCD_EP_OutSetupPacket_int
                0x0800dea0       0x8c ./Drivers/STM32H7xx_HAL_Driver/Src/stm32h7xx_hal_pcd.o
 .text.HAL_PCDEx_SetTxFiFo
                0x0800df2c       0x8e ./Drivers/STM32H7xx_HAL_Driver/Src/stm32h7xx_hal_pcd_ex.o
                0x0800df2c                HAL_PCDEx_SetTxFiFo
 .text.HAL_PCDEx_SetRxFiFo
                0x0800dfba       0x22 ./Drivers/STM32H7xx_HAL_Driver/Src/stm32h7xx_hal_pcd_ex.o
                0x0800dfba                HAL_PCDEx_SetRxFiFo
 .text.HAL_PCDEx_ActivateLPM
                0x0800dfdc       0x48 ./Drivers/STM32H7xx_HAL_Driver/Src/stm32h7xx_hal_pcd_ex.o
                0x0800dfdc                HAL_PCDEx_ActivateLPM
 .text.HAL_PCDEx_LPM_Callback
                0x0800e024       0x18 ./Drivers/STM32H7xx_HAL_Driver/Src/stm32h7xx_hal_pcd_ex.o
                0x0800e024                HAL_PCDEx_LPM_Callback
 .text.HAL_PWREx_ConfigSupply
                0x0800e03c       0x74 ./Drivers/STM32H7xx_HAL_Driver/Src/stm32h7xx_hal_pwr_ex.o
                0x0800e03c                HAL_PWREx_ConfigSupply
 .text.HAL_PWREx_EnableUSBVoltageDetector
                0x0800e0b0       0x20 ./Drivers/STM32H7xx_HAL_Driver/Src/stm32h7xx_hal_pwr_ex.o
                0x0800e0b0                HAL_PWREx_EnableUSBVoltageDetector
 .text.HAL_RCC_OscConfig
                0x0800e0d0      0x8b4 ./Drivers/STM32H7xx_HAL_Driver/Src/stm32h7xx_hal_rcc.o
                0x0800e0d0                HAL_RCC_OscConfig
 .text.HAL_RCC_ClockConfig
                0x0800e984      0x36c ./Drivers/STM32H7xx_HAL_Driver/Src/stm32h7xx_hal_rcc.o
                0x0800e984                HAL_RCC_ClockConfig
 .text.HAL_RCC_GetSysClockFreq
                0x0800ecf0      0x2f4 ./Drivers/STM32H7xx_HAL_Driver/Src/stm32h7xx_hal_rcc.o
                0x0800ecf0                HAL_RCC_GetSysClockFreq
 .text.HAL_RCC_GetHCLKFreq
                0x0800efe4       0x60 ./Drivers/STM32H7xx_HAL_Driver/Src/stm32h7xx_hal_rcc.o
                0x0800efe4                HAL_RCC_GetHCLKFreq
 .text.HAL_RCC_GetPCLK1Freq
                0x0800f044       0x2c ./Drivers/STM32H7xx_HAL_Driver/Src/stm32h7xx_hal_rcc.o
                0x0800f044                HAL_RCC_GetPCLK1Freq
 .text.HAL_RCC_GetPCLK2Freq
                0x0800f070       0x2c ./Drivers/STM32H7xx_HAL_Driver/Src/stm32h7xx_hal_rcc.o
                0x0800f070                HAL_RCC_GetPCLK2Freq
 .text.HAL_RCCEx_PeriphCLKConfig
                0x0800f09c     0x1414 ./Drivers/STM32H7xx_HAL_Driver/Src/stm32h7xx_hal_rcc_ex.o
                0x0800f09c                HAL_RCCEx_PeriphCLKConfig
 .text.HAL_RCCEx_GetD3PCLK1Freq
                0x080104b0       0x2c ./Drivers/STM32H7xx_HAL_Driver/Src/stm32h7xx_hal_rcc_ex.o
                0x080104b0                HAL_RCCEx_GetD3PCLK1Freq
 .text.HAL_RCCEx_GetPLL2ClockFreq
                0x080104dc      0x2a8 ./Drivers/STM32H7xx_HAL_Driver/Src/stm32h7xx_hal_rcc_ex.o
                0x080104dc                HAL_RCCEx_GetPLL2ClockFreq
 .text.HAL_RCCEx_GetPLL3ClockFreq
                0x08010784      0x2a8 ./Drivers/STM32H7xx_HAL_Driver/Src/stm32h7xx_hal_rcc_ex.o
                0x08010784                HAL_RCCEx_GetPLL3ClockFreq
 .text.RCCEx_PLL2_Config
                0x08010a2c      0x164 ./Drivers/STM32H7xx_HAL_Driver/Src/stm32h7xx_hal_rcc_ex.o
 .text.RCCEx_PLL3_Config
                0x08010b90      0x164 ./Drivers/STM32H7xx_HAL_Driver/Src/stm32h7xx_hal_rcc_ex.o
 .text.HAL_SPI_Init
                0x08010cf4      0x248 ./Drivers/STM32H7xx_HAL_Driver/Src/stm32h7xx_hal_spi.o
                0x08010cf4                HAL_SPI_Init
 .text.HAL_SPI_Transmit
                0x08010f3c      0x3dc ./Drivers/STM32H7xx_HAL_Driver/Src/stm32h7xx_hal_spi.o
                0x08010f3c                HAL_SPI_Transmit
 .text.HAL_SPI_Transmit_DMA
                0x08011318      0x284 ./Drivers/STM32H7xx_HAL_Driver/Src/stm32h7xx_hal_spi.o
                0x08011318                HAL_SPI_Transmit_DMA
 .text.HAL_SPI_IRQHandler
                0x0801159c      0x39c ./Drivers/STM32H7xx_HAL_Driver/Src/stm32h7xx_hal_spi.o
                0x0801159c                HAL_SPI_IRQHandler
 .text.HAL_SPI_TxCpltCallback
                0x08011938       0x14 ./Drivers/STM32H7xx_HAL_Driver/Src/stm32h7xx_hal_spi.o
                0x08011938                HAL_SPI_TxCpltCallback
 .text.HAL_SPI_RxCpltCallback
                0x0801194c       0x14 ./Drivers/STM32H7xx_HAL_Driver/Src/stm32h7xx_hal_spi.o
                0x0801194c                HAL_SPI_RxCpltCallback
 .text.HAL_SPI_TxRxCpltCallback
                0x08011960       0x14 ./Drivers/STM32H7xx_HAL_Driver/Src/stm32h7xx_hal_spi.o
                0x08011960                HAL_SPI_TxRxCpltCallback
 .text.HAL_SPI_TxHalfCpltCallback
                0x08011974       0x14 ./Drivers/STM32H7xx_HAL_Driver/Src/stm32h7xx_hal_spi.o
                0x08011974                HAL_SPI_TxHalfCpltCallback
 .text.HAL_SPI_ErrorCallback
                0x08011988       0x14 ./Drivers/STM32H7xx_HAL_Driver/Src/stm32h7xx_hal_spi.o
                0x08011988                HAL_SPI_ErrorCallback
 .text.HAL_SPI_SuspendCallback
                0x0801199c       0x14 ./Drivers/STM32H7xx_HAL_Driver/Src/stm32h7xx_hal_spi.o
                0x0801199c                HAL_SPI_SuspendCallback
 .text.SPI_DMATransmitCplt
                0x080119b0       0x46 ./Drivers/STM32H7xx_HAL_Driver/Src/stm32h7xx_hal_spi.o
 .text.SPI_DMAHalfTransmitCplt
                0x080119f6       0x1c ./Drivers/STM32H7xx_HAL_Driver/Src/stm32h7xx_hal_spi.o
 .text.SPI_DMAError
                0x08011a12       0x46 ./Drivers/STM32H7xx_HAL_Driver/Src/stm32h7xx_hal_spi.o
 .text.SPI_DMAAbortOnError
                0x08011a58       0x34 ./Drivers/STM32H7xx_HAL_Driver/Src/stm32h7xx_hal_spi.o
 .text.SPI_CloseTransfer
                0x08011a8c      0x140 ./Drivers/STM32H7xx_HAL_Driver/Src/stm32h7xx_hal_spi.o
 .text.SPI_WaitOnFlagUntilTimeout
                0x08011bcc       0x5c ./Drivers/STM32H7xx_HAL_Driver/Src/stm32h7xx_hal_spi.o
 .text.SPI_GetPacketSize
                0x08011c28       0x36 ./Drivers/STM32H7xx_HAL_Driver/Src/stm32h7xx_hal_spi.o
 .text.HAL_TIM_Base_Init
                0x08011c5e       0xae ./Drivers/STM32H7xx_HAL_Driver/Src/stm32h7xx_hal_tim.o
                0x08011c5e                HAL_TIM_Base_Init
 .text.HAL_TIM_Base_Start_IT
                0x08011d0c       0xf0 ./Drivers/STM32H7xx_HAL_Driver/Src/stm32h7xx_hal_tim.o
                0x08011d0c                HAL_TIM_Base_Start_IT
 .text.HAL_TIM_IRQHandler
                0x08011dfc      0x20e ./Drivers/STM32H7xx_HAL_Driver/Src/stm32h7xx_hal_tim.o
                0x08011dfc                HAL_TIM_IRQHandler
 *fill*         0x0801200a        0x2 
 .text.HAL_TIM_ConfigClockSource
                0x0801200c      0x1f0 ./Drivers/STM32H7xx_HAL_Driver/Src/stm32h7xx_hal_tim.o
                0x0801200c                HAL_TIM_ConfigClockSource
 .text.HAL_TIM_OC_DelayElapsedCallback
                0x080121fc       0x14 ./Drivers/STM32H7xx_HAL_Driver/Src/stm32h7xx_hal_tim.o
                0x080121fc                HAL_TIM_OC_DelayElapsedCallback
 .text.HAL_TIM_IC_CaptureCallback
                0x08012210       0x14 ./Drivers/STM32H7xx_HAL_Driver/Src/stm32h7xx_hal_tim.o
                0x08012210                HAL_TIM_IC_CaptureCallback
 .text.HAL_TIM_PWM_PulseFinishedCallback
                0x08012224       0x14 ./Drivers/STM32H7xx_HAL_Driver/Src/stm32h7xx_hal_tim.o
                0x08012224                HAL_TIM_PWM_PulseFinishedCallback
 .text.HAL_TIM_TriggerCallback
                0x08012238       0x14 ./Drivers/STM32H7xx_HAL_Driver/Src/stm32h7xx_hal_tim.o
                0x08012238                HAL_TIM_TriggerCallback
 .text.TIM_Base_SetConfig
                0x0801224c      0x140 ./Drivers/STM32H7xx_HAL_Driver/Src/stm32h7xx_hal_tim.o
                0x0801224c                TIM_Base_SetConfig
 .text.TIM_TI1_ConfigInputStage
                0x0801238c       0x5e ./Drivers/STM32H7xx_HAL_Driver/Src/stm32h7xx_hal_tim.o
 .text.TIM_TI2_ConfigInputStage
                0x080123ea       0x60 ./Drivers/STM32H7xx_HAL_Driver/Src/stm32h7xx_hal_tim.o
 *fill*         0x0801244a        0x2 
 .text.TIM_ITRx_SetConfig
                0x0801244c       0x3c ./Drivers/STM32H7xx_HAL_Driver/Src/stm32h7xx_hal_tim.o
 .text.TIM_ETR_SetConfig
                0x08012488       0x40 ./Drivers/STM32H7xx_HAL_Driver/Src/stm32h7xx_hal_tim.o
                0x08012488                TIM_ETR_SetConfig
 .text.HAL_TIMEx_MasterConfigSynchronization
                0x080124c8      0x11c ./Drivers/STM32H7xx_HAL_Driver/Src/stm32h7xx_hal_tim_ex.o
                0x080124c8                HAL_TIMEx_MasterConfigSynchronization
 .text.HAL_TIMEx_CommutCallback
                0x080125e4       0x14 ./Drivers/STM32H7xx_HAL_Driver/Src/stm32h7xx_hal_tim_ex.o
                0x080125e4                HAL_TIMEx_CommutCallback
 .text.HAL_TIMEx_BreakCallback
                0x080125f8       0x14 ./Drivers/STM32H7xx_HAL_Driver/Src/stm32h7xx_hal_tim_ex.o
                0x080125f8                HAL_TIMEx_BreakCallback
 .text.HAL_TIMEx_Break2Callback
                0x0801260c       0x14 ./Drivers/STM32H7xx_HAL_Driver/Src/stm32h7xx_hal_tim_ex.o
                0x0801260c                HAL_TIMEx_Break2Callback
 .text.HAL_UART_Init
                0x08012620       0xa0 ./Drivers/STM32H7xx_HAL_Driver/Src/stm32h7xx_hal_uart.o
                0x08012620                HAL_UART_Init
 .text.HAL_UART_Receive_IT
                0x080126c0       0x98 ./Drivers/STM32H7xx_HAL_Driver/Src/stm32h7xx_hal_uart.o
                0x080126c0                HAL_UART_Receive_IT
 .text.HAL_UART_Transmit_DMA
                0x08012758      0x100 ./Drivers/STM32H7xx_HAL_Driver/Src/stm32h7xx_hal_uart.o
                0x08012758                HAL_UART_Transmit_DMA
 .text.HAL_UART_AbortReceive_IT
                0x08012858      0x19c ./Drivers/STM32H7xx_HAL_Driver/Src/stm32h7xx_hal_uart.o
                0x08012858                HAL_UART_AbortReceive_IT
 .text.HAL_UART_IRQHandler
                0x080129f4      0x7ac ./Drivers/STM32H7xx_HAL_Driver/Src/stm32h7xx_hal_uart.o
                0x080129f4                HAL_UART_IRQHandler
 .text.HAL_UART_TxHalfCpltCallback
                0x080131a0       0x14 ./Drivers/STM32H7xx_HAL_Driver/Src/stm32h7xx_hal_uart.o
                0x080131a0                HAL_UART_TxHalfCpltCallback
 .text.HAL_UART_AbortReceiveCpltCallback
                0x080131b4       0x14 ./Drivers/STM32H7xx_HAL_Driver/Src/stm32h7xx_hal_uart.o
                0x080131b4                HAL_UART_AbortReceiveCpltCallback
 .text.HAL_UARTEx_RxEventCallback
                0x080131c8       0x18 ./Drivers/STM32H7xx_HAL_Driver/Src/stm32h7xx_hal_uart.o
                0x080131c8                HAL_UARTEx_RxEventCallback
 .text.UART_SetConfig
                0x080131e0      0xad0 ./Drivers/STM32H7xx_HAL_Driver/Src/stm32h7xx_hal_uart.o
                0x080131e0                UART_SetConfig
 .text.UART_AdvFeatureConfig
                0x08013cb0      0x144 ./Drivers/STM32H7xx_HAL_Driver/Src/stm32h7xx_hal_uart.o
                0x08013cb0                UART_AdvFeatureConfig
 .text.UART_CheckIdleState
                0x08013df4      0x154 ./Drivers/STM32H7xx_HAL_Driver/Src/stm32h7xx_hal_uart.o
                0x08013df4                UART_CheckIdleState
 .text.UART_WaitOnFlagUntilTimeout
                0x08013f48       0xda ./Drivers/STM32H7xx_HAL_Driver/Src/stm32h7xx_hal_uart.o
                0x08013f48                UART_WaitOnFlagUntilTimeout
 *fill*         0x08014022        0x2 
 .text.UART_Start_Receive_IT
                0x08014024      0x244 ./Drivers/STM32H7xx_HAL_Driver/Src/stm32h7xx_hal_uart.o
                0x08014024                UART_Start_Receive_IT
 .text.UART_EndTxTransfer
                0x08014268       0x82 ./Drivers/STM32H7xx_HAL_Driver/Src/stm32h7xx_hal_uart.o
 *fill*         0x080142ea        0x2 
 .text.UART_EndRxTransfer
                0x080142ec       0xcc ./Drivers/STM32H7xx_HAL_Driver/Src/stm32h7xx_hal_uart.o
 .text.UART_DMATransmitCplt
                0x080143b8       0x96 ./Drivers/STM32H7xx_HAL_Driver/Src/stm32h7xx_hal_uart.o
 .text.UART_DMATxHalfCplt
                0x0801444e       0x1c ./Drivers/STM32H7xx_HAL_Driver/Src/stm32h7xx_hal_uart.o
 .text.UART_DMAError
                0x0801446a       0x80 ./Drivers/STM32H7xx_HAL_Driver/Src/stm32h7xx_hal_uart.o
 .text.UART_DMAAbortOnError
                0x080144ea       0x24 ./Drivers/STM32H7xx_HAL_Driver/Src/stm32h7xx_hal_uart.o
 .text.UART_DMARxOnlyAbortCallback
                0x0801450e       0x4a ./Drivers/STM32H7xx_HAL_Driver/Src/stm32h7xx_hal_uart.o
 .text.UART_EndTransmit_IT
                0x08014558       0x56 ./Drivers/STM32H7xx_HAL_Driver/Src/stm32h7xx_hal_uart.o
 *fill*         0x080145ae        0x2 
 .text.UART_RxISR_8BIT
                0x080145b0      0x1b8 ./Drivers/STM32H7xx_HAL_Driver/Src/stm32h7xx_hal_uart.o
 .text.UART_RxISR_16BIT
                0x08014768      0x1b8 ./Drivers/STM32H7xx_HAL_Driver/Src/stm32h7xx_hal_uart.o
 .text.UART_RxISR_8BIT_FIFOEN
                0x08014920      0x364 ./Drivers/STM32H7xx_HAL_Driver/Src/stm32h7xx_hal_uart.o
 .text.UART_RxISR_16BIT_FIFOEN
                0x08014c84      0x36c ./Drivers/STM32H7xx_HAL_Driver/Src/stm32h7xx_hal_uart.o
 .text.HAL_UARTEx_WakeupCallback
                0x08014ff0       0x14 ./Drivers/STM32H7xx_HAL_Driver/Src/stm32h7xx_hal_uart_ex.o
                0x08014ff0                HAL_UARTEx_WakeupCallback
 .text.HAL_UARTEx_RxFifoFullCallback
                0x08015004       0x14 ./Drivers/STM32H7xx_HAL_Driver/Src/stm32h7xx_hal_uart_ex.o
                0x08015004                HAL_UARTEx_RxFifoFullCallback
 .text.HAL_UARTEx_TxFifoEmptyCallback
                0x08015018       0x14 ./Drivers/STM32H7xx_HAL_Driver/Src/stm32h7xx_hal_uart_ex.o
                0x08015018                HAL_UARTEx_TxFifoEmptyCallback
 .text.USB_CoreInit
                0x0801502c       0xe4 ./Drivers/STM32H7xx_HAL_Driver/Src/stm32h7xx_ll_usb.o
                0x0801502c                USB_CoreInit
 .text.USB_SetTurnaroundTime
                0x08015110      0x144 ./Drivers/STM32H7xx_HAL_Driver/Src/stm32h7xx_ll_usb.o
                0x08015110                USB_SetTurnaroundTime
 .text.USB_EnableGlobalInt
                0x08015254       0x22 ./Drivers/STM32H7xx_HAL_Driver/Src/stm32h7xx_ll_usb.o
                0x08015254                USB_EnableGlobalInt
 .text.USB_DisableGlobalInt
                0x08015276       0x22 ./Drivers/STM32H7xx_HAL_Driver/Src/stm32h7xx_ll_usb.o
                0x08015276                USB_DisableGlobalInt
 .text.USB_SetCurrentMode
                0x08015298       0x98 ./Drivers/STM32H7xx_HAL_Driver/Src/stm32h7xx_ll_usb.o
                0x08015298                USB_SetCurrentMode
 .text.USB_DevInit
                0x08015330      0x2bc ./Drivers/STM32H7xx_HAL_Driver/Src/stm32h7xx_ll_usb.o
                0x08015330                USB_DevInit
 .text.USB_FlushTxFifo
                0x080155ec       0x64 ./Drivers/STM32H7xx_HAL_Driver/Src/stm32h7xx_ll_usb.o
                0x080155ec                USB_FlushTxFifo
 .text.USB_FlushRxFifo
                0x08015650       0x5c ./Drivers/STM32H7xx_HAL_Driver/Src/stm32h7xx_ll_usb.o
                0x08015650                USB_FlushRxFifo
 .text.USB_SetDevSpeed
                0x080156ac       0x32 ./Drivers/STM32H7xx_HAL_Driver/Src/stm32h7xx_ll_usb.o
                0x080156ac                USB_SetDevSpeed
 .text.USB_GetDevSpeed
                0x080156de       0x4a ./Drivers/STM32H7xx_HAL_Driver/Src/stm32h7xx_ll_usb.o
                0x080156de                USB_GetDevSpeed
 .text.USB_ActivateEndpoint
                0x08015728      0x110 ./Drivers/STM32H7xx_HAL_Driver/Src/stm32h7xx_ll_usb.o
                0x08015728                USB_ActivateEndpoint
 .text.USB_DeactivateEndpoint
                0x08015838      0x1b8 ./Drivers/STM32H7xx_HAL_Driver/Src/stm32h7xx_ll_usb.o
                0x08015838                USB_DeactivateEndpoint
 .text.USB_EPStartXfer
                0x080159f0      0x548 ./Drivers/STM32H7xx_HAL_Driver/Src/stm32h7xx_ll_usb.o
                0x080159f0                USB_EPStartXfer
 .text.USB_EPStopXfer
                0x08015f38      0x154 ./Drivers/STM32H7xx_HAL_Driver/Src/stm32h7xx_ll_usb.o
                0x08015f38                USB_EPStopXfer
 .text.USB_WritePacket
                0x0801608c       0x7c ./Drivers/STM32H7xx_HAL_Driver/Src/stm32h7xx_ll_usb.o
                0x0801608c                USB_WritePacket
 .text.USB_ReadPacket
                0x08016108       0xb0 ./Drivers/STM32H7xx_HAL_Driver/Src/stm32h7xx_ll_usb.o
                0x08016108                USB_ReadPacket
 .text.USB_EPSetStall
                0x080161b8       0xdc ./Drivers/STM32H7xx_HAL_Driver/Src/stm32h7xx_ll_usb.o
                0x080161b8                USB_EPSetStall
 .text.USB_EPClearStall
                0x08016294       0xcc ./Drivers/STM32H7xx_HAL_Driver/Src/stm32h7xx_ll_usb.o
                0x08016294                USB_EPClearStall
 .text.USB_SetDevAddress
                0x08016360       0x4c ./Drivers/STM32H7xx_HAL_Driver/Src/stm32h7xx_ll_usb.o
                0x08016360                USB_SetDevAddress
 .text.USB_DevConnect
                0x080163ac       0x42 ./Drivers/STM32H7xx_HAL_Driver/Src/stm32h7xx_ll_usb.o
                0x080163ac                USB_DevConnect
 .text.USB_DevDisconnect
                0x080163ee       0x42 ./Drivers/STM32H7xx_HAL_Driver/Src/stm32h7xx_ll_usb.o
                0x080163ee                USB_DevDisconnect
 .text.USB_ReadInterrupts
                0x08016430       0x26 ./Drivers/STM32H7xx_HAL_Driver/Src/stm32h7xx_ll_usb.o
                0x08016430                USB_ReadInterrupts
 .text.USB_ReadDevAllOutEpInterrupt
                0x08016456       0x34 ./Drivers/STM32H7xx_HAL_Driver/Src/stm32h7xx_ll_usb.o
                0x08016456                USB_ReadDevAllOutEpInterrupt
 .text.USB_ReadDevAllInEpInterrupt
                0x0801648a       0x34 ./Drivers/STM32H7xx_HAL_Driver/Src/stm32h7xx_ll_usb.o
                0x0801648a                USB_ReadDevAllInEpInterrupt
 .text.USB_ReadDevOutEPInterrupt
                0x080164be       0x3c ./Drivers/STM32H7xx_HAL_Driver/Src/stm32h7xx_ll_usb.o
                0x080164be                USB_ReadDevOutEPInterrupt
 .text.USB_ReadDevInEPInterrupt
                0x080164fa       0x5c ./Drivers/STM32H7xx_HAL_Driver/Src/stm32h7xx_ll_usb.o
                0x080164fa                USB_ReadDevInEPInterrupt
 .text.USB_GetMode
                0x08016556       0x1c ./Drivers/STM32H7xx_HAL_Driver/Src/stm32h7xx_ll_usb.o
                0x08016556                USB_GetMode
 *fill*         0x08016572        0x2 
 .text.USB_ActivateSetup
                0x08016574       0x48 ./Drivers/STM32H7xx_HAL_Driver/Src/stm32h7xx_ll_usb.o
                0x08016574                USB_ActivateSetup
 .text.USB_EP0_OutStart
                0x080165bc       0xbc ./Drivers/STM32H7xx_HAL_Driver/Src/stm32h7xx_ll_usb.o
                0x080165bc                USB_EP0_OutStart
 .text.USB_CoreReset
                0x08016678       0x62 ./Drivers/STM32H7xx_HAL_Driver/Src/stm32h7xx_ll_usb.o
 *fill*         0x080166da        0x2 
 .text.USBD_CDC_Init
                0x080166dc      0x1f0 ./Middlewares/ST/STM32_USB_Device_Library/Class/CDC/Src/usbd_cdc.o
 .text.USBD_CDC_DeInit
                0x080168cc      0x104 ./Middlewares/ST/STM32_USB_Device_Library/Class/CDC/Src/usbd_cdc.o
 .text.USBD_CDC_Setup
                0x080169d0      0x1b8 ./Middlewares/ST/STM32_USB_Device_Library/Class/CDC/Src/usbd_cdc.o
 .text.USBD_CDC_DataIn
                0x08016b88       0xfe ./Middlewares/ST/STM32_USB_Device_Library/Class/CDC/Src/usbd_cdc.o
 .text.USBD_CDC_DataOut
                0x08016c86       0x70 ./Middlewares/ST/STM32_USB_Device_Library/Class/CDC/Src/usbd_cdc.o
 .text.USBD_CDC_EP0_RxReady
                0x08016cf6       0x74 ./Middlewares/ST/STM32_USB_Device_Library/Class/CDC/Src/usbd_cdc.o
 *fill*         0x08016d6a        0x2 
 .text.USBD_CDC_GetFSCfgDesc
                0x08016d6c       0x70 ./Middlewares/ST/STM32_USB_Device_Library/Class/CDC/Src/usbd_cdc.o
 .text.USBD_CDC_GetHSCfgDesc
                0x08016ddc       0x70 ./Middlewares/ST/STM32_USB_Device_Library/Class/CDC/Src/usbd_cdc.o
 .text.USBD_CDC_GetOtherSpeedCfgDesc
                0x08016e4c       0x70 ./Middlewares/ST/STM32_USB_Device_Library/Class/CDC/Src/usbd_cdc.o
 .text.USBD_CDC_GetDeviceQualifierDescriptor
                0x08016ebc       0x20 ./Middlewares/ST/STM32_USB_Device_Library/Class/CDC/Src/usbd_cdc.o
                0x08016ebc                USBD_CDC_GetDeviceQualifierDescriptor
 .text.USBD_CDC_RegisterInterface
                0x08016edc       0x34 ./Middlewares/ST/STM32_USB_Device_Library/Class/CDC/Src/usbd_cdc.o
                0x08016edc                USBD_CDC_RegisterInterface
 .text.USBD_CDC_SetTxBuffer
                0x08016f10       0x44 ./Middlewares/ST/STM32_USB_Device_Library/Class/CDC/Src/usbd_cdc.o
                0x08016f10                USBD_CDC_SetTxBuffer
 .text.USBD_CDC_SetRxBuffer
                0x08016f54       0x3a ./Middlewares/ST/STM32_USB_Device_Library/Class/CDC/Src/usbd_cdc.o
                0x08016f54                USBD_CDC_SetRxBuffer
 *fill*         0x08016f8e        0x2 
 .text.USBD_CDC_TransmitPacket
                0x08016f90       0x80 ./Middlewares/ST/STM32_USB_Device_Library/Class/CDC/Src/usbd_cdc.o
                0x08016f90                USBD_CDC_TransmitPacket
 .text.USBD_CDC_ReceivePacket
                0x08017010       0x6c ./Middlewares/ST/STM32_USB_Device_Library/Class/CDC/Src/usbd_cdc.o
                0x08017010                USBD_CDC_ReceivePacket
 .text.USBD_Init
                0x0801707c       0x60 ./Middlewares/ST/STM32_USB_Device_Library/Core/Src/usbd_core.o
                0x0801707c                USBD_Init
 .text.USBD_RegisterClass
                0x080170dc       0x6c ./Middlewares/ST/STM32_USB_Device_Library/Core/Src/usbd_core.o
                0x080170dc                USBD_RegisterClass
 .text.USBD_Start
                0x08017148       0x18 ./Middlewares/ST/STM32_USB_Device_Library/Core/Src/usbd_core.o
                0x08017148                USBD_Start
 .text.USBD_RunTestMode
                0x08017160       0x16 ./Middlewares/ST/STM32_USB_Device_Library/Core/Src/usbd_core.o
                0x08017160                USBD_RunTestMode
 .text.USBD_SetClassConfig
                0x08017176       0x38 ./Middlewares/ST/STM32_USB_Device_Library/Core/Src/usbd_core.o
                0x08017176                USBD_SetClassConfig
 .text.USBD_ClrClassConfig
                0x080171ae       0x34 ./Middlewares/ST/STM32_USB_Device_Library/Core/Src/usbd_core.o
                0x080171ae                USBD_ClrClassConfig
 .text.USBD_LL_SetupStage
                0x080171e2       0xaa ./Middlewares/ST/STM32_USB_Device_Library/Core/Src/usbd_core.o
                0x080171e2                USBD_LL_SetupStage
 .text.USBD_LL_DataOutStage
                0x0801728c      0x166 ./Middlewares/ST/STM32_USB_Device_Library/Core/Src/usbd_core.o
                0x0801728c                USBD_LL_DataOutStage
 .text.USBD_LL_DataInStage
                0x080173f2      0x164 ./Middlewares/ST/STM32_USB_Device_Library/Core/Src/usbd_core.o
                0x080173f2                USBD_LL_DataInStage
 .text.USBD_LL_Reset
                0x08017556       0xa4 ./Middlewares/ST/STM32_USB_Device_Library/Core/Src/usbd_core.o
                0x08017556                USBD_LL_Reset
 .text.USBD_LL_SetSpeed
                0x080175fa       0x20 ./Middlewares/ST/STM32_USB_Device_Library/Core/Src/usbd_core.o
                0x080175fa                USBD_LL_SetSpeed
 .text.USBD_LL_Suspend
                0x0801761a       0x38 ./Middlewares/ST/STM32_USB_Device_Library/Core/Src/usbd_core.o
                0x0801761a                USBD_LL_Suspend
 .text.USBD_LL_Resume
                0x08017652       0x30 ./Middlewares/ST/STM32_USB_Device_Library/Core/Src/usbd_core.o
                0x08017652                USBD_LL_Resume
 .text.USBD_LL_SOF
                0x08017682       0x40 ./Middlewares/ST/STM32_USB_Device_Library/Core/Src/usbd_core.o
                0x08017682                USBD_LL_SOF
 .text.USBD_LL_IsoINIncomplete
                0x080176c2       0x64 ./Middlewares/ST/STM32_USB_Device_Library/Core/Src/usbd_core.o
                0x080176c2                USBD_LL_IsoINIncomplete
 .text.USBD_LL_IsoOUTIncomplete
                0x08017726       0x64 ./Middlewares/ST/STM32_USB_Device_Library/Core/Src/usbd_core.o
                0x08017726                USBD_LL_IsoOUTIncomplete
 .text.USBD_LL_DevConnected
                0x0801778a       0x16 ./Middlewares/ST/STM32_USB_Device_Library/Core/Src/usbd_core.o
                0x0801778a                USBD_LL_DevConnected
 .text.USBD_LL_DevDisconnected
                0x080177a0       0x46 ./Middlewares/ST/STM32_USB_Device_Library/Core/Src/usbd_core.o
                0x080177a0                USBD_LL_DevDisconnected
 .text.USBD_CoreFindIF
                0x080177e6       0x1a ./Middlewares/ST/STM32_USB_Device_Library/Core/Src/usbd_core.o
                0x080177e6                USBD_CoreFindIF
 .text.USBD_CoreFindEP
                0x08017800       0x1a ./Middlewares/ST/STM32_USB_Device_Library/Core/Src/usbd_core.o
                0x08017800                USBD_CoreFindEP
 .text.USBD_GetEpDesc
                0x0801781a       0x70 ./Middlewares/ST/STM32_USB_Device_Library/Core/Src/usbd_core.o
                0x0801781a                USBD_GetEpDesc
 .text.USBD_GetNextDesc
                0x0801788a       0x38 ./Middlewares/ST/STM32_USB_Device_Library/Core/Src/usbd_core.o
                0x0801788a                USBD_GetNextDesc
 .text.SWAPBYTE
                0x080178c2       0x3e ./Middlewares/ST/STM32_USB_Device_Library/Core/Src/usbd_ctlreq.o
 .text.USBD_StdDevReq
                0x08017900       0xe4 ./Middlewares/ST/STM32_USB_Device_Library/Core/Src/usbd_ctlreq.o
                0x08017900                USBD_StdDevReq
 .text.USBD_StdItfReq
                0x080179e4       0xd8 ./Middlewares/ST/STM32_USB_Device_Library/Core/Src/usbd_ctlreq.o
                0x080179e4                USBD_StdItfReq
 .text.USBD_StdEPReq
                0x08017abc      0x33a ./Middlewares/ST/STM32_USB_Device_Library/Core/Src/usbd_ctlreq.o
                0x08017abc                USBD_StdEPReq
 *fill*         0x08017df6        0x2 
 .text.USBD_GetDescriptor
                0x08017df8      0x328 ./Middlewares/ST/STM32_USB_Device_Library/Core/Src/usbd_ctlreq.o
 .text.USBD_SetAddress
                0x08018120       0x88 ./Middlewares/ST/STM32_USB_Device_Library/Core/Src/usbd_ctlreq.o
 .text.USBD_SetConfig
                0x080181a8      0x154 ./Middlewares/ST/STM32_USB_Device_Library/Core/Src/usbd_ctlreq.o
 .text.USBD_GetConfig
                0x080182fc       0x6c ./Middlewares/ST/STM32_USB_Device_Library/Core/Src/usbd_ctlreq.o
 .text.USBD_GetStatus
                0x08018368       0x68 ./Middlewares/ST/STM32_USB_Device_Library/Core/Src/usbd_ctlreq.o
 .text.USBD_SetFeature
                0x080183d0       0x52 ./Middlewares/ST/STM32_USB_Device_Library/Core/Src/usbd_ctlreq.o
 .text.USBD_ClrFeature
                0x08018422       0x44 ./Middlewares/ST/STM32_USB_Device_Library/Core/Src/usbd_ctlreq.o
 .text.USBD_ParseSetupRequest
                0x08018466       0x74 ./Middlewares/ST/STM32_USB_Device_Library/Core/Src/usbd_ctlreq.o
                0x08018466                USBD_ParseSetupRequest
 .text.USBD_CtlError
                0x080184da       0x22 ./Middlewares/ST/STM32_USB_Device_Library/Core/Src/usbd_ctlreq.o
                0x080184da                USBD_CtlError
 .text.USBD_GetString
                0x080184fc       0xa4 ./Middlewares/ST/STM32_USB_Device_Library/Core/Src/usbd_ctlreq.o
                0x080184fc                USBD_GetString
 .text.USBD_GetLen
                0x080185a0       0x34 ./Middlewares/ST/STM32_USB_Device_Library/Core/Src/usbd_ctlreq.o
 .text.USBD_CtlSendData
                0x080185d4       0x36 ./Middlewares/ST/STM32_USB_Device_Library/Core/Src/usbd_ioreq.o
                0x080185d4                USBD_CtlSendData
 .text.USBD_CtlContinueSendData
                0x0801860a       0x22 ./Middlewares/ST/STM32_USB_Device_Library/Core/Src/usbd_ioreq.o
                0x0801860a                USBD_CtlContinueSendData
 .text.USBD_CtlPrepareRx
                0x0801862c       0x3a ./Middlewares/ST/STM32_USB_Device_Library/Core/Src/usbd_ioreq.o
                0x0801862c                USBD_CtlPrepareRx
 .text.USBD_CtlContinueRx
                0x08018666       0x22 ./Middlewares/ST/STM32_USB_Device_Library/Core/Src/usbd_ioreq.o
                0x08018666                USBD_CtlContinueRx
 .text.USBD_CtlSendStatus
                0x08018688       0x26 ./Middlewares/ST/STM32_USB_Device_Library/Core/Src/usbd_ioreq.o
                0x08018688                USBD_CtlSendStatus
 .text.USBD_CtlReceiveStatus
                0x080186ae       0x26 ./Middlewares/ST/STM32_USB_Device_Library/Core/Src/usbd_ioreq.o
                0x080186ae                USBD_CtlReceiveStatus
 .text.MX_USB_DEVICE_Init
                0x080186d4       0x64 ./USB_DEVICE/App/usb_device.o
                0x080186d4                MX_USB_DEVICE_Init
 .text.CDC_Init_FS
                0x08018738       0x28 ./USB_DEVICE/App/usbd_cdc_if.o
 .text.CDC_DeInit_FS
                0x08018760       0x10 ./USB_DEVICE/App/usbd_cdc_if.o
 .text.CDC_Control_FS
                0x08018770       0xbc ./USB_DEVICE/App/usbd_cdc_if.o
 .text.CDC_Receive_FS
                0x0801882c       0x28 ./USB_DEVICE/App/usbd_cdc_if.o
 .text.CDC_Transmit_FS
                0x08018854       0x4c ./USB_DEVICE/App/usbd_cdc_if.o
                0x08018854                CDC_Transmit_FS
 .text.CDC_TransmitCplt_FS
                0x080188a0       0x22 ./USB_DEVICE/App/usbd_cdc_if.o
 *fill*         0x080188c2        0x2 
 .text.USBD_FS_DeviceDescriptor
                0x080188c4       0x24 ./USB_DEVICE/App/usbd_desc.o
                0x080188c4                USBD_FS_DeviceDescriptor
 .text.USBD_FS_LangIDStrDescriptor
                0x080188e8       0x24 ./USB_DEVICE/App/usbd_desc.o
                0x080188e8                USBD_FS_LangIDStrDescriptor
 .text.USBD_FS_ProductStrDescriptor
                0x0801890c       0x3c ./USB_DEVICE/App/usbd_desc.o
                0x0801890c                USBD_FS_ProductStrDescriptor
 .text.USBD_FS_ManufacturerStrDescriptor
                0x08018948       0x28 ./USB_DEVICE/App/usbd_desc.o
                0x08018948                USBD_FS_ManufacturerStrDescriptor
 .text.USBD_FS_SerialStrDescriptor
                0x08018970       0x24 ./USB_DEVICE/App/usbd_desc.o
                0x08018970                USBD_FS_SerialStrDescriptor
 .text.USBD_FS_ConfigStrDescriptor
                0x08018994       0x3c ./USB_DEVICE/App/usbd_desc.o
                0x08018994                USBD_FS_ConfigStrDescriptor
 .text.USBD_FS_InterfaceStrDescriptor
                0x080189d0       0x3c ./USB_DEVICE/App/usbd_desc.o
                0x080189d0                USBD_FS_InterfaceStrDescriptor
 .text.Get_SerialNum
                0x08018a0c       0x58 ./USB_DEVICE/App/usbd_desc.o
 .text.IntToUnicode
                0x08018a64       0x7e ./USB_DEVICE/App/usbd_desc.o
 *fill*         0x08018ae2        0x2 
 .text.HAL_PCD_MspInit
                0x08018ae4      0x108 ./USB_DEVICE/Target/usbd_conf.o
                0x08018ae4                HAL_PCD_MspInit
 .text.HAL_PCD_SetupStageCallback
                0x08018bec       0x24 ./USB_DEVICE/Target/usbd_conf.o
                0x08018bec                HAL_PCD_SetupStageCallback
 .text.HAL_PCD_DataOutStageCallback
                0x08018c10       0x36 ./USB_DEVICE/Target/usbd_conf.o
                0x08018c10                HAL_PCD_DataOutStageCallback
 .text.HAL_PCD_DataInStageCallback
                0x08018c46       0x34 ./USB_DEVICE/Target/usbd_conf.o
                0x08018c46                HAL_PCD_DataInStageCallback
 .text.HAL_PCD_SOFCallback
                0x08018c7a       0x1c ./USB_DEVICE/Target/usbd_conf.o
                0x08018c7a                HAL_PCD_SOFCallback
 .text.HAL_PCD_ResetCallback
                0x08018c96       0x50 ./USB_DEVICE/Target/usbd_conf.o
                0x08018c96                HAL_PCD_ResetCallback
 *fill*         0x08018ce6        0x2 
 .text.HAL_PCD_SuspendCallback
                0x08018ce8       0x4c ./USB_DEVICE/Target/usbd_conf.o
                0x08018ce8                HAL_PCD_SuspendCallback
 .text.HAL_PCD_ResumeCallback
                0x08018d34       0x1c ./USB_DEVICE/Target/usbd_conf.o
                0x08018d34                HAL_PCD_ResumeCallback
 .text.HAL_PCD_ISOOUTIncompleteCallback
                0x08018d50       0x24 ./USB_DEVICE/Target/usbd_conf.o
                0x08018d50                HAL_PCD_ISOOUTIncompleteCallback
 .text.HAL_PCD_ISOINIncompleteCallback
                0x08018d74       0x24 ./USB_DEVICE/Target/usbd_conf.o
                0x08018d74                HAL_PCD_ISOINIncompleteCallback
 .text.HAL_PCD_ConnectCallback
                0x08018d98       0x1c ./USB_DEVICE/Target/usbd_conf.o
                0x08018d98                HAL_PCD_ConnectCallback
 .text.HAL_PCD_DisconnectCallback
                0x08018db4       0x1c ./USB_DEVICE/Target/usbd_conf.o
                0x08018db4                HAL_PCD_DisconnectCallback
 .text.USBD_LL_Init
                0x08018dd0       0xa0 ./USB_DEVICE/Target/usbd_conf.o
                0x08018dd0                USBD_LL_Init
 .text.USBD_LL_Start
                0x08018e70       0x36 ./USB_DEVICE/Target/usbd_conf.o
                0x08018e70                USBD_LL_Start
 .text.USBD_LL_OpenEP
                0x08018ea6       0x4c ./USB_DEVICE/Target/usbd_conf.o
                0x08018ea6                USBD_LL_OpenEP
 .text.USBD_LL_CloseEP
                0x08018ef2       0x3e ./USB_DEVICE/Target/usbd_conf.o
                0x08018ef2                USBD_LL_CloseEP
 .text.USBD_LL_StallEP
                0x08018f30       0x3e ./USB_DEVICE/Target/usbd_conf.o
                0x08018f30                USBD_LL_StallEP
 .text.USBD_LL_ClearStallEP
                0x08018f6e       0x3e ./USB_DEVICE/Target/usbd_conf.o
                0x08018f6e                USBD_LL_ClearStallEP
 .text.USBD_LL_IsStallEP
                0x08018fac       0x58 ./USB_DEVICE/Target/usbd_conf.o
                0x08018fac                USBD_LL_IsStallEP
 .text.USBD_LL_SetUSBAddress
                0x08019004       0x3e ./USB_DEVICE/Target/usbd_conf.o
                0x08019004                USBD_LL_SetUSBAddress
 .text.USBD_LL_Transmit
                0x08019042       0x42 ./USB_DEVICE/Target/usbd_conf.o
                0x08019042                USBD_LL_Transmit
 .text.USBD_LL_PrepareReceive
                0x08019084       0x42 ./USB_DEVICE/Target/usbd_conf.o
                0x08019084                USBD_LL_PrepareReceive
 .text.USBD_LL_GetRxDataSize
                0x080190c6       0x26 ./USB_DEVICE/Target/usbd_conf.o
                0x080190c6                USBD_LL_GetRxDataSize
 .text.USBD_static_malloc
                0x080190ec       0x1c ./USB_DEVICE/Target/usbd_conf.o
                0x080190ec                USBD_static_malloc
 .text.USBD_static_free
                0x08019108       0x14 ./USB_DEVICE/Target/usbd_conf.o
                0x08019108                USBD_static_free
 .text.USBD_Get_USB_Status
                0x0801911c       0x58 ./USB_DEVICE/Target/usbd_conf.o
                0x0801911c                USBD_Get_USB_Status
 .text._strtoul_l.isra.0
                0x08019174       0xdc C:/ST/STM32CubeIDE_2.0.0/STM32CubeIDE/plugins/com.st.stm32cube.ide.mcu.externaltools.gnu-tools-for-stm32.13.3.rel1.win32_1.0.100.202509120712/tools/bin/../lib/gcc/arm-none-eabi/13.3.1/../../../../arm-none-eabi/lib/thumb/v7e-m+dp/hard\libc_nano.a(libc_a-strtoul.o)
 .text.strtoul  0x08019250       0x14 C:/ST/STM32CubeIDE_2.0.0/STM32CubeIDE/plugins/com.st.stm32cube.ide.mcu.externaltools.gnu-tools-for-stm32.13.3.rel1.win32_1.0.100.202509120712/tools/bin/../lib/gcc/arm-none-eabi/13.3.1/../../../../arm-none-eabi/lib/thumb/v7e-m+dp/hard\libc_nano.a(libc_a-strtoul.o)
                0x08019250                strtoul
 .text.snprintf
                0x08019264       0x6c C:/ST/STM32CubeIDE_2.0.0/STM32CubeIDE/plugins/com.st.stm32cube.ide.mcu.externaltools.gnu-tools-for-stm32.13.3.rel1.win32_1.0.100.202509120712/tools/bin/../lib/gcc/arm-none-eabi/13.3.1/../../../../arm-none-eabi/lib/thumb/v7e-m+dp/hard\libc_nano.a(libc_a-snprintf.o)
                0x08019264                sniprintf
                0x08019264                snprintf
 .text.sprintf  0x080192d0       0x44 C:/ST/STM32CubeIDE_2.0.0/STM32CubeIDE/plugins/com.st.stm32cube.ide.mcu.externaltools.gnu-tools-for-stm32.13.3.rel1.win32_1.0.100.202509120712/tools/bin/../lib/gcc/arm-none-eabi/13.3.1/../../../../arm-none-eabi/lib/thumb/v7e-m+dp/hard\libc_nano.a(libc_a-sprintf.o)
                0x080192d0                siprintf
                0x080192d0                sprintf
 .text.memset   0x08019314       0x10 C:/ST/STM32CubeIDE_2.0.0/STM32CubeIDE/plugins/com.st.stm32cube.ide.mcu.externaltools.gnu-tools-for-stm32.13.3.rel1.win32_1.0.100.202509120712/tools/bin/../lib/gcc/arm-none-eabi/13.3.1/../../../../arm-none-eabi/lib/thumb/v7e-m+dp/hard\libc_nano.a(libc_a-memset.o)
                0x08019314                memset
 .text.strncpy  0x08019324       0x26 C:/ST/STM32CubeIDE_2.0.0/STM32CubeIDE/plugins/com.st.stm32cube.ide.mcu.externaltools.gnu-tools-for-stm32.13.3.rel1.win32_1.0.100.202509120712/tools/bin/../lib/gcc/arm-none-eabi/13.3.1/../../../../arm-none-eabi/lib/thumb/v7e-m+dp/hard\libc_nano.a(libc_a-strncpy.o)
                0x08019324                strncpy
 *fill*         0x0801934a        0x2 
 .text.__errno  0x0801934c        0xc C:/ST/STM32CubeIDE_2.0.0/STM32CubeIDE/plugins/com.st.stm32cube.ide.mcu.externaltools.gnu-tools-for-stm32.13.3.rel1.win32_1.0.100.202509120712/tools/bin/../lib/gcc/arm-none-eabi/13.3.1/../../../../arm-none-eabi/lib/thumb/v7e-m+dp/hard\libc_nano.a(libc_a-errno.o)
                0x0801934c                __errno
 .text.__libc_init_array
                0x08019358       0x48 C:/ST/STM32CubeIDE_2.0.0/STM32CubeIDE/plugins/com.st.stm32cube.ide.mcu.externaltools.gnu-tools-for-stm32.13.3.rel1.win32_1.0.100.202509120712/tools/bin/../lib/gcc/arm-none-eabi/13.3.1/../../../../arm-none-eabi/lib/thumb/v7e-m+dp/hard\libc_nano.a(libc_a-init.o)
                0x08019358                __libc_init_array
 .text.__retarget_lock_acquire_recursive
                0x080193a0        0x2 C:/ST/STM32CubeIDE_2.0.0/STM32CubeIDE/plugins/com.st.stm32cube.ide.mcu.externaltools.gnu-tools-for-stm32.13.3.rel1.win32_1.0.100.202509120712/tools/bin/../lib/gcc/arm-none-eabi/13.3.1/../../../../arm-none-eabi/lib/thumb/v7e-m+dp/hard\libc_nano.a(libc_a-lock.o)
                0x080193a0                __retarget_lock_acquire_recursive
 .text.__retarget_lock_release_recursive
                0x080193a2        0x2 C:/ST/STM32CubeIDE_2.0.0/STM32CubeIDE/plugins/com.st.stm32cube.ide.mcu.externaltools.gnu-tools-for-stm32.13.3.rel1.win32_1.0.100.202509120712/tools/bin/../lib/gcc/arm-none-eabi/13.3.1/../../../../arm-none-eabi/lib/thumb/v7e-m+dp/hard\libc_nano.a(libc_a-lock.o)
                0x080193a2                __retarget_lock_release_recursive
 .text.memcpy   0x080193a4       0x1c C:/ST/STM32CubeIDE_2.0.0/STM32CubeIDE/plugins/com.st.stm32cube.ide.mcu.externaltools.gnu-tools-for-stm32.13.3.rel1.win32_1.0.100.202509120712/tools/bin/../lib/gcc/arm-none-eabi/13.3.1/../../../../arm-none-eabi/lib/thumb/v7e-m+dp/hard\libc_nano.a(libc_a-memcpy-stub.o)
                0x080193a4                memcpy
 .text._free_r  0x080193c0       0x94 C:/ST/STM32CubeIDE_2.0.0/STM32CubeIDE/plugins/com.st.stm32cube.ide.mcu.externaltools.gnu-tools-for-stm32.13.3.rel1.win32_1.0.100.202509120712/tools/bin/../lib/gcc/arm-none-eabi/13.3.1/../../../../arm-none-eabi/lib/thumb/v7e-m+dp/hard\libc_nano.a(libc_a-freer.o)
                0x080193c0                _free_r
 .text.sbrk_aligned
                0x08019454       0x44 C:/ST/STM32CubeIDE_2.0.0/STM32CubeIDE/plugins/com.st.stm32cube.ide.mcu.externaltools.gnu-tools-for-stm32.13.3.rel1.win32_1.0.100.202509120712/tools/bin/../lib/gcc/arm-none-eabi/13.3.1/../../../../arm-none-eabi/lib/thumb/v7e-m+dp/hard\libc_nano.a(libc_a-mallocr.o)
 .text._malloc_r
                0x08019498      0x100 C:/ST/STM32CubeIDE_2.0.0/STM32CubeIDE/plugins/com.st.stm32cube.ide.mcu.externaltools.gnu-tools-for-stm32.13.3.rel1.win32_1.0.100.202509120712/tools/bin/../lib/gcc/arm-none-eabi/13.3.1/../../../../arm-none-eabi/lib/thumb/v7e-m+dp/hard\libc_nano.a(libc_a-mallocr.o)
                0x08019498                _malloc_r
 .text.__malloc_lock
                0x08019598        0xc C:/ST/STM32CubeIDE_2.0.0/STM32CubeIDE/plugins/com.st.stm32cube.ide.mcu.externaltools.gnu-tools-for-stm32.13.3.rel1.win32_1.0.100.202509120712/tools/bin/../lib/gcc/arm-none-eabi/13.3.1/../../../../arm-none-eabi/lib/thumb/v7e-m+dp/hard\libc_nano.a(libc_a-mlock.o)