../Core/Src/gkl_link.c:21:13:gkl_register_link	24	static
../Core/Src/gkl_link.c:38:18:gkl_find_by_huart	24	static
../Core/Src/gkl_link.c:55:20:gkl_raw_rx_push	24	static
../Core/Src/gkl_link.c:75:13:dcache_clean_by_addr	48	static,ignoring_inline_asm
../Core/Src/gkl_link.c:91:16:gkl_checksum_xor	24	static
../Core/Src/gkl_link.c:103:16:gkl_resp_data_len_for_cmd	16	static
../Core/Src/gkl_link.c:142:13:gkl_rx_reset	16	static
../Core/Src/gkl_link.c:153:13:gkl_fail	16	static
../Core/Src/gkl_link.c:162:13:gkl_success	16	static
../Core/Src/gkl_link.c:169:13:gkl_try_finalize_frame_if_complete	24	static
../Core/Src/gkl_link.c:245:6:GKL_Init	16	static
../Core/Src/gkl_link.c:283:12:GKL_BuildFrame	32	static
../Core/Src/gkl_link.c:315:12:GKL_Send	48	static
../Core/Src/gkl_link.c:378:6:GKL_HasResponse	16	static
../Core/Src/gkl_link.c:384:6:GKL_GetResponse	24	static,ignoring_inline_asm
../Core/Src/gkl_link.c:398:11:GKL_GetStats	32	static
../Core/Src/gkl_link.c:428:6:GKL_Task	24	static
../Core/Src/gkl_link.c:460:6:GKL_Global_UART_TxCpltCallback	24	static
../Core/Src/gkl_link.c:478:6:GKL_Global_UART_RxCpltCallback	32	static
../Core/Src/gkl_link.c:521:6:GKL_Global_UART_ErrorCallback	24	static
../Core/Src/gkl_link.c:554:10:GKL_RawRxDrain	32	static
../Core/Src/gkl_link.c:572:6:GKL_GetAndClearUartError	16	static
