../Core/Src/pump_proto_gkl.c:19:16:q_next	16	static
../Core/Src/pump_proto_gkl.c:24:13:q_is_full	16	static
../Core/Src/pump_proto_gkl.c:29:13:q_is_empty	16	static
../Core/Src/pump_proto_gkl.c:34:13:q_push	16	static
../Core/Src/pump_proto_gkl.c:46:13:q_pop	16	static
../Core/Src/pump_proto_gkl.c:55:13:maybe_report_error	40	static
../Core/Src/pump_proto_gkl.c:83:20:gkl_err_str	16	static
../Core/Src/pump_proto_gkl.c:98:13:gkl_append_token	24	static
../Core/Src/pump_proto_gkl.c:111:13:gkl_append_byte_token	32	static
../Core/Src/pump_proto_gkl.c:139:13:gkl_format_hex_bytes	32	static
../Core/Src/pump_proto_gkl.c:154:13:gkl_format_frame_bytes	32	static
../Core/Src/pump_proto_gkl.c:169:13:gkl_format_frame_compact	32	static
../Core/Src/pump_proto_gkl.c:184:13:gkl_log_line	16	static
../Core/Src/pump_proto_gkl.c:216:13:gkl_task	184	static
../Core/Src/pump_proto_gkl.c:374:13:gkl_is_idle	40	static
../Core/Src/pump_proto_gkl.c:381:24:gkl_send_poll_status	152	static
../Core/Src/pump_proto_gkl.c:428:13:gkl_pop_event	24	static
../Core/Src/pump_proto_gkl.c:443:6:PumpProtoGKL_Init	16	static
../Core/Src/pump_proto_gkl.c:461:6:PumpProtoGKL_SetTag	24	static
../Core/Src/pump_proto_gkl.c:478:6:PumpProtoGKL_Bind	16	static
