../Core/Src/pump_proto_gkl.c:19:16:q_next	16	static
../Core/Src/pump_proto_gkl.c:24:13:q_is_full	16	static
../Core/Src/pump_proto_gkl.c:29:13:q_is_empty	16	static
../Core/Src/pump_proto_gkl.c:34:13:q_push	16	static
../Core/Src/pump_proto_gkl.c:46:13:q_pop	16	static
../Core/Src/pump_proto_gkl.c:55:13:maybe_report_error	48	static
../Core/Src/pump_proto_gkl.c:98:13:gkl_append_token	24	static
../Core/Src/pump_proto_gkl.c:111:13:gkl_append_byte_token	32	static
../Core/Src/pump_proto_gkl.c:169:13:gkl_format_frame_compact	32	static
../Core/Src/pump_proto_gkl.c:184:13:gkl_log_line	16	static
../Core/Src/pump_proto_gkl.c:216:13:gkl_task	208	static
../Core/Src/pump_proto_gkl.c:402:13:gkl_is_idle	40	static
../Core/Src/pump_proto_gkl.c:409:24:gkl_send_poll_status	152	static
../Core/Src/pump_proto_gkl.c:455:24:gkl_request_totalizer	136	static
../Core/Src/pump_proto_gkl.c:503:13:gkl_pop_event	24	static
../Core/Src/pump_proto_gkl.c:519:6:PumpProtoGKL_Init	16	static
../Core/Src/pump_proto_gkl.c:537:6:PumpProtoGKL_SetTag	24	static
../Core/Src/pump_proto_gkl.c:554:6:PumpProtoGKL_Bind	16	static
