../Core/Inc/pump_proto.h:105:31:PumpProto_PresetVolume	32	static
../Core/Inc/pump_proto.h:111:31:PumpProto_PresetMoney	32	static
../Core/Inc/pump_proto.h:117:31:PumpProto_Stop	16	static
../Core/Inc/pump_proto.h:123:31:PumpProto_Resume	16	static
../Core/Inc/pump_proto.h:129:31:PumpProto_End	16	static
../Core/Inc/pump_proto.h:135:31:PumpProto_PollRealtimeVolume	24	static
../Core/Inc/pump_proto.h:141:31:PumpProto_PollRealtimeMoney	24	static
../Core/Inc/pump_proto.h:147:31:PumpProto_ReadTotalizer	24	static
../Core/Inc/pump_proto.h:153:31:PumpProto_ReadTransaction	16	static
../Core/Src/pump_mgr_transactions.c:25:17:PumpMgr_PresetVolume	48	static
../Core/Src/pump_mgr_transactions.c:49:17:PumpMgr_PresetMoney	48	static
../Core/Src/pump_mgr_transactions.c:75:17:PumpMgr_Stop	24	static
../Core/Src/pump_mgr_transactions.c:91:17:PumpMgr_Resume	24	static
../Core/Src/pump_mgr_transactions.c:107:17:PumpMgr_End	24	static
../Core/Src/pump_mgr_transactions.c:128:17:PumpMgr_PollRealtimeVolume	24	static
../Core/Src/pump_mgr_transactions.c:145:17:PumpMgr_PollRealtimeMoney	24	static
../Core/Src/pump_mgr_transactions.c:166:17:PumpMgr_ReadTotalizer	24	static
../Core/Src/pump_mgr_transactions.c:182:17:PumpMgr_ReadTransaction	24	static
../Core/Src/pump_mgr_transactions.c:202:10:PumpMgr_GetRealtimeVolume	16	static
../Core/Src/pump_mgr_transactions.c:214:10:PumpMgr_GetRealtimeMoney	16	static
../Core/Src/pump_mgr_transactions.c:227:10:PumpMgr_GetTotalizer	16	static
../Core/Src/pump_mgr_transactions.c:241:6:PumpMgr_GetLastTransaction	32	static
