../Core/Src/pump_proto_gkl.c:20:16:q_next	16	static
../Core/Src/pump_proto_gkl.c:25:13:q_is_full	16	static
../Core/Src/pump_proto_gkl.c:30:13:q_is_empty	16	static
../Core/Src/pump_proto_gkl.c:35:13:q_push	24	static
../Core/Src/pump_proto_gkl.c:47:13:q_pop	24	static
../Core/Src/pump_proto_gkl.c:56:13:maybe_report_error	72	static
../Core/Src/pump_proto_gkl.c:99:13:gkl_append_token	24	static
../Core/Src/pump_proto_gkl.c:112:13:gkl_append_byte_token	32	static
../Core/Src/pump_proto_gkl.c:170:13:gkl_format_frame_compact	32	static
../Core/Src/pump_proto_gkl.c:185:13:gkl_log_line	104	static
../Core/Src/pump_proto_gkl.c:226:13:gkl_task	272	static
../Core/Src/pump_proto_gkl.c:456:13:gkl_is_idle	40	static
../Core/Src/pump_proto_gkl.c:463:24:gkl_send_poll_status	152	static
../Core/Src/pump_proto_gkl.c:509:24:gkl_request_totalizer	136	static
../Core/Src/pump_proto_gkl.c:557:13:gkl_pop_event	24	static
../Core/Src/pump_proto_gkl.c:573:6:PumpProtoGKL_Init	16	static
../Core/Src/pump_proto_gkl.c:591:6:PumpProtoGKL_SetTag	24	static
../Core/Src/pump_proto_gkl.c:608:6:PumpProtoGKL_Bind	16	static
