../Core/Src/settings.c:40:17:crc32_update	40	static
../Core/Src/settings.c:55:17:crc32_calc	24	static
../Core/Src/settings.c:63:17:rd_u16_le	16	static
../Core/Src/settings.c:68:13:wr_u16_le	16	static
../Core/Src/settings.c:74:17:rd_u32_le	16	static
../Core/Src/settings.c:82:13:wr_u32_le	16	static
../Core/Src/settings.c:91:13:eeprom_read_block	40	static
../Core/Src/settings.c:110:13:parse_slot	72	static
../Core/Src/settings.c:153:13:build_slot_image	152	static
../Core/Src/settings.c:189:13:clamp_data	24	static
../Core/Src/settings.c:206:6:Settings_Defaults	16	static
../Core/Src/settings.c:236:6:Settings_Init	16	static
../Core/Src/settings.c:247:6:Settings_Load	368	static
../Core/Src/settings.c:295:19:Settings_GetSaveState	16	static
../Core/Src/settings.c:301:9:Settings_GetSaveError	16	static
../Core/Src/settings.c:307:6:Settings_RequestSave	24	static
../Core/Src/settings.c:340:17:min_u16	16	static
../Core/Src/settings.c:345:6:Settings_Task	48	static
../Core/Src/settings.c:431:6:Settings_ApplyToPumpMgr	24	static
../Core/Src/settings.c:447:6:Settings_CaptureFromPumpMgr	40	static
../Core/Src/settings.c:470:6:Settings_SetPumpPrice	16	static
../Core/Src/settings.c:480:6:Settings_SetPumpSlaveAddr	16	static
../Core/Src/settings.c:492:6:Settings_SetPumpCtrlAddr	16	static
../Core/Src/settings.c:503:6:HAL_I2C_MemTxCpltCallback	24	static
../Core/Src/settings.c:521:6:HAL_I2C_ErrorCallback	24	static
